2026-06-29 20:52:24,610 | INFO | Starting training
2026-06-29 20:52:24,610 | INFO | Log directory: ./log/BCE_633_GraphBepi_1
2026-06-29 20:52:24,610 | INFO | Log file: ./log/BCE_633_GraphBepi_1/train.log
2026-06-29 20:52:25,701 | INFO | Train size: 234
2026-06-29 20:52:25,701 | INFO | Val size: 26
2026-06-29 20:52:25,701 | INFO | Test size: 47
2026-06-29 20:52:25,701 | INFO | Train loader batches: 58
2026-06-29 20:52:26,147 | INFO | Epoch 0 | val_loss 1.4613 | AUROC 0.5041 | AUPRC 0.0593
2026-06-29 20:52:31,056 | INFO | Epoch 0 | val_loss 0.4432 | AUROC 0.5507 | AUPRC 0.0772
2026-06-29 20:52:35,978 | INFO | Epoch 1 | val_loss 0.2876 | AUROC 0.5676 | AUPRC 0.0828
2026-06-29 20:52:41,082 | INFO | Epoch 2 | val_loss 0.2620 | AUROC 0.5844 | AUPRC 0.0885
2026-06-29 20:52:46,295 | INFO | Epoch 3 | val_loss 0.2512 | AUROC 0.6101 | AUPRC 0.0993
2026-06-29 20:52:51,433 | INFO | Epoch 4 | val_loss 0.2461 | AUROC 0.6355 | AUPRC 0.1117
2026-06-29 20:52:56,783 | INFO | Epoch 5 | val_loss 0.2419 | AUROC 0.6531 | AUPRC 0.1217
2026-06-29 21:24:26,293 | INFO | Starting training
2026-06-29 21:24:26,293 | INFO | Log directory: ./log/BCE_633_GraphBepi_1
2026-06-29 21:24:26,293 | INFO | Log file: ./log/BCE_633_GraphBepi_1/train.log
2026-06-29 21:31:22,937 | INFO | Starting training
2026-06-29 21:31:22,937 | INFO | Log directory: ./log/BCE_633_GraphBepi_1
2026-06-29 21:31:22,937 | INFO | Log file: ./log/BCE_633_GraphBepi_1/train.log
2026-06-29 22:09:37,026 | INFO | Starting training
2026-06-29 22:09:37,026 | INFO | Log directory: ./log/BCE_633_GraphBepi_1
2026-06-29 22:09:37,026 | INFO | Log file: ./log/BCE_633_GraphBepi_1/train.log
2026-06-29 22:09:41,390 | INFO | Train size: 570
2026-06-29 22:09:41,390 | INFO | Val size: 63
2026-06-29 22:09:41,390 | INFO | Test size: 633
2026-06-29 22:09:41,390 | INFO | Train loader batches: 142
2026-06-29 22:09:41,939 | INFO | Epoch 0 | val_loss 1.2946 | AUROC 0.4480 | AUPRC 0.1149
2026-06-29 22:09:51,886 | INFO | Epoch 0 | val_loss 0.3533 | AUROC 0.5756 | AUPRC 0.1350
2026-06-29 22:10:02,530 | INFO | Epoch 1 | val_loss 0.3355 | AUROC 0.6142 | AUPRC 0.1594
2026-06-29 22:10:13,981 | INFO | Epoch 2 | val_loss 0.3323 | AUROC 0.6327 | AUPRC 0.1633
2026-06-29 22:10:26,373 | INFO | Epoch 3 | val_loss 0.3296 | AUROC 0.6371 | AUPRC 0.1686
2026-06-29 22:10:39,462 | INFO | Epoch 4 | val_loss 0.3264 | AUROC 0.6428 | AUPRC 0.1703
2026-06-29 22:15:00,047 | INFO | Starting training
2026-06-29 22:15:00,047 | INFO | Log directory: ./log/BCE_633_GraphBepi_1
2026-06-29 22:15:00,048 | INFO | Log file: ./log/BCE_633_GraphBepi_1/train.log
2026-06-29 22:15:00,048 | INFO | Preparing dataset artifacts for: BCE_633
2026-06-29 22:15:00,048 | INFO | Dataset artifacts prepared successfully
2026-06-29 22:15:03,585 | INFO | Train size: 570
2026-06-29 22:15:03,586 | INFO | Val size: 63
2026-06-29 22:15:03,586 | INFO | Test size: 633
2026-06-29 22:15:03,586 | INFO | Train loader batches: 142
2026-06-29 22:15:04,123 | INFO | Epoch 0 | val_loss 1.2946 | AUROC 0.4480 | AUPRC 0.1149
2026-06-29 22:15:14,087 | INFO | Epoch 0 | val_loss 0.3533 | AUROC 0.5756 | AUPRC 0.1350
2026-06-29 22:15:24,651 | INFO | Epoch 1 | val_loss 0.3355 | AUROC 0.6142 | AUPRC 0.1594
2026-06-29 22:15:36,032 | INFO | Epoch 2 | val_loss 0.3323 | AUROC 0.6327 | AUPRC 0.1633
2026-06-29 22:15:48,298 | INFO | Epoch 3 | val_loss 0.3296 | AUROC 0.6371 | AUPRC 0.1686
2026-06-29 22:16:27,140 | INFO | Starting training
2026-06-29 22:16:27,140 | INFO | Log directory: ./log/BCE_633_GraphBepi_1
2026-06-29 22:16:27,140 | INFO | Log file: ./log/BCE_633_GraphBepi_1/train.log
2026-06-29 22:16:27,140 | INFO | Preparing dataset artifacts for: BCE_633
2026-06-29 22:16:27,140 | INFO | Dataset artifacts prepared successfully
2026-06-29 22:16:31,431 | INFO | Train size: 570
2026-06-29 22:16:31,431 | INFO | Val size: 63
2026-06-29 22:16:31,431 | INFO | Test size: 633
2026-06-29 22:16:31,431 | INFO | Train loader batches: 142
2026-06-29 22:16:31,991 | INFO | Epoch 0 | val_loss 1.2946 | AUROC 0.4480 | AUPRC 0.1149
2026-06-29 22:16:41,976 | INFO | Epoch 0 | val_loss 0.3533 | AUROC 0.5756 | AUPRC 0.1350
2026-06-29 22:16:52,482 | INFO | Epoch 1 | val_loss 0.3355 | AUROC 0.6142 | AUPRC 0.1594
2026-06-29 22:17:03,826 | INFO | Epoch 2 | val_loss 0.3323 | AUROC 0.6327 | AUPRC 0.1633
2026-06-29 22:17:15,945 | INFO | Epoch 3 | val_loss 0.3296 | AUROC 0.6371 | AUPRC 0.1686
2026-06-29 22:17:28,862 | INFO | Epoch 4 | val_loss 0.3264 | AUROC 0.6428 | AUPRC 0.1703
2026-06-29 22:17:42,606 | INFO | Epoch 5 | val_loss 0.3246 | AUROC 0.6522 | AUPRC 0.1747
2026-06-29 22:17:57,314 | INFO | Epoch 6 | val_loss 0.3237 | AUROC 0.6590 | AUPRC 0.1779
2026-06-29 22:18:12,972 | INFO | Epoch 7 | val_loss 0.3225 | AUROC 0.6630 | AUPRC 0.1807
2026-06-29 22:18:29,442 | INFO | Epoch 8 | val_loss 0.3216 | AUROC 0.6618 | AUPRC 0.1791
2026-06-29 22:18:46,960 | INFO | Epoch 9 | val_loss 0.3197 | AUROC 0.6671 | AUPRC 0.1835
2026-06-29 22:19:05,177 | INFO | Epoch 10 | val_loss 0.3198 | AUROC 0.6697 | AUPRC 0.1840
2026-06-29 22:19:24,340 | INFO | Epoch 11 | val_loss 0.3187 | AUROC 0.6716 | AUPRC 0.1862
2026-06-29 22:19:44,404 | INFO | Epoch 12 | val_loss 0.3185 | AUROC 0.6760 | AUPRC 0.1880
2026-06-29 22:20:05,483 | INFO | Epoch 13 | val_loss 0.3182 | AUROC 0.6771 | AUPRC 0.1876
2026-06-29 22:20:27,394 | INFO | Epoch 14 | val_loss 0.3166 | AUROC 0.6799 | AUPRC 0.1910
2026-06-29 22:20:50,065 | INFO | Epoch 15 | val_loss 0.3182 | AUROC 0.6807 | AUPRC 0.1914
2026-06-29 22:21:13,633 | INFO | Epoch 16 | val_loss 0.3164 | AUROC 0.6812 | AUPRC 0.1911
2026-06-29 22:21:37,797 | INFO | Epoch 17 | val_loss 0.3158 | AUROC 0.6832 | AUPRC 0.1922
2026-06-29 22:22:03,047 | INFO | Epoch 18 | val_loss 0.3153 | AUROC 0.6837 | AUPRC 0.1925
2026-06-29 22:22:29,158 | INFO | Epoch 19 | val_loss 0.3144 | AUROC 0.6851 | AUPRC 0.1947
2026-06-29 22:22:56,390 | INFO | Epoch 20 | val_loss 0.3149 | AUROC 0.6865 | AUPRC 0.1958
2026-06-29 22:23:24,563 | INFO | Epoch 21 | val_loss 0.3136 | AUROC 0.6869 | AUPRC 0.1974
2026-06-29 22:23:53,547 | INFO | Epoch 22 | val_loss 0.3135 | AUROC 0.6871 | AUPRC 0.1974
2026-06-29 22:24:23,551 | INFO | Epoch 23 | val_loss 0.3140 | AUROC 0.6872 | AUPRC 0.1969
2026-06-29 22:24:54,365 | INFO | Epoch 24 | val_loss 0.3135 | AUROC 0.6893 | AUPRC 0.1989
2026-06-29 22:25:26,395 | INFO | Epoch 25 | val_loss 0.3128 | AUROC 0.6919 | AUPRC 0.2006
2026-06-29 22:25:59,365 | INFO | Epoch 26 | val_loss 0.3116 | AUROC 0.6933 | AUPRC 0.2022
2026-06-29 22:26:33,227 | INFO | Epoch 27 | val_loss 0.3123 | AUROC 0.6932 | AUPRC 0.2032
2026-06-29 22:27:07,736 | INFO | Epoch 28 | val_loss 0.3120 | AUROC 0.6915 | AUPRC 0.2029
2026-06-29 22:27:43,237 | INFO | Epoch 29 | val_loss 0.3125 | AUROC 0.6940 | AUPRC 0.2018
2026-06-29 22:28:19,565 | INFO | Epoch 30 | val_loss 0.3129 | AUROC 0.6917 | AUPRC 0.2019
2026-06-29 22:28:57,003 | INFO | Epoch 31 | val_loss 0.3137 | AUROC 0.6956 | AUPRC 0.2041
2026-06-29 22:29:35,324 | INFO | Epoch 32 | val_loss 0.3111 | AUROC 0.6958 | AUPRC 0.2064
2026-06-29 22:30:15,065 | INFO | Epoch 33 | val_loss 0.3117 | AUROC 0.6962 | AUPRC 0.2069
2026-06-29 22:30:55,738 | INFO | Epoch 34 | val_loss 0.3115 | AUROC 0.6962 | AUPRC 0.2071
2026-06-29 22:31:37,186 | INFO | Epoch 35 | val_loss 0.3113 | AUROC 0.6967 | AUPRC 0.2055
2026-06-29 22:32:19,941 | INFO | Epoch 36 | val_loss 0.3113 | AUROC 0.6942 | AUPRC 0.2063
2026-06-29 22:33:03,290 | INFO | Epoch 37 | val_loss 0.3101 | AUROC 0.6987 | AUPRC 0.2094
2026-06-29 22:33:47,866 | INFO | Epoch 38 | val_loss 0.3111 | AUROC 0.6977 | AUPRC 0.2086
2026-06-29 22:34:33,291 | INFO | Epoch 39 | val_loss 0.3103 | AUROC 0.6986 | AUPRC 0.2106
2026-06-29 22:35:19,407 | INFO | Epoch 40 | val_loss 0.3110 | AUROC 0.6980 | AUPRC 0.2082
2026-06-29 22:36:06,947 | INFO | Epoch 41 | val_loss 0.3107 | AUROC 0.6991 | AUPRC 0.2093
2026-06-29 22:36:55,420 | INFO | Epoch 42 | val_loss 0.3097 | AUROC 0.7013 | AUPRC 0.2122
2026-06-29 22:37:44,744 | INFO | Epoch 43 | val_loss 0.3092 | AUROC 0.7030 | AUPRC 0.2137
2026-06-29 22:38:35,314 | INFO | Epoch 44 | val_loss 0.3102 | AUROC 0.7021 | AUPRC 0.2091
2026-06-29 22:39:26,927 | INFO | Epoch 45 | val_loss 0.3094 | AUROC 0.7011 | AUPRC 0.2114
2026-06-29 22:40:19,641 | INFO | Epoch 46 | val_loss 0.3092 | AUROC 0.7020 | AUPRC 0.2129
2026-06-29 22:41:13,274 | INFO | Epoch 47 | val_loss 0.3092 | AUROC 0.7022 | AUPRC 0.2114
2026-06-29 22:42:08,092 | INFO | Epoch 48 | val_loss 0.3078 | AUROC 0.7053 | AUPRC 0.2174
2026-06-29 22:43:03,947 | INFO | Epoch 49 | val_loss 0.3084 | AUROC 0.7036 | AUPRC 0.2162
2026-06-29 22:44:00,674 | INFO | Epoch 50 | val_loss 0.3084 | AUROC 0.7042 | AUPRC 0.2154
2026-06-29 22:44:58,133 | INFO | Epoch 51 | val_loss 0.3084 | AUROC 0.7038 | AUPRC 0.2130
2026-06-29 22:45:56,961 | INFO | Epoch 52 | val_loss 0.3073 | AUROC 0.7064 | AUPRC 0.2178
2026-06-29 22:46:56,483 | INFO | Epoch 53 | val_loss 0.3088 | AUROC 0.7028 | AUPRC 0.2155
2026-06-29 22:47:56,656 | INFO | Epoch 54 | val_loss 0.3089 | AUROC 0.7039 | AUPRC 0.2142
2026-06-29 22:48:57,902 | INFO | Epoch 55 | val_loss 0.3090 | AUROC 0.7025 | AUPRC 0.2152
2026-06-29 22:50:00,892 | INFO | Epoch 56 | val_loss 0.3086 | AUROC 0.7048 | AUPRC 0.2136
2026-06-29 22:51:04,099 | INFO | Epoch 57 | val_loss 0.3089 | AUROC 0.7064 | AUPRC 0.2164
2026-06-29 22:52:08,723 | INFO | Epoch 58 | val_loss 0.3078 | AUROC 0.7065 | AUPRC 0.2170
2026-06-29 22:53:13,821 | INFO | Epoch 59 | val_loss 0.3074 | AUROC 0.7085 | AUPRC 0.2163
2026-06-29 22:54:20,365 | INFO | Epoch 60 | val_loss 0.3075 | AUROC 0.7069 | AUPRC 0.2182
2026-06-29 22:55:27,688 | INFO | Epoch 61 | val_loss 0.3070 | AUROC 0.7076 | AUPRC 0.2181
2026-06-29 22:56:35,951 | INFO | Epoch 62 | val_loss 0.3065 | AUROC 0.7100 | AUPRC 0.2193
2026-06-29 22:57:44,933 | INFO | Epoch 63 | val_loss 0.3077 | AUROC 0.7069 | AUPRC 0.2164
2026-06-29 22:58:55,847 | INFO | Epoch 64 | val_loss 0.3080 | AUROC 0.7073 | AUPRC 0.2191
2026-06-29 23:00:07,228 | INFO | Epoch 65 | val_loss 0.3074 | AUROC 0.7072 | AUPRC 0.2172
2026-06-29 23:01:19,420 | INFO | Epoch 66 | val_loss 0.3076 | AUROC 0.7091 | AUPRC 0.2177
2026-06-29 23:02:32,890 | INFO | Epoch 67 | val_loss 0.3078 | AUROC 0.7096 | AUPRC 0.2182
2026-06-29 23:03:46,803 | INFO | Epoch 68 | val_loss 0.3062 | AUROC 0.7113 | AUPRC 0.2203
2026-06-29 23:05:02,345 | INFO | Epoch 69 | val_loss 0.3059 | AUROC 0.7107 | AUPRC 0.2243
2026-06-29 23:06:18,424 | INFO | Epoch 70 | val_loss 0.3064 | AUROC 0.7109 | AUPRC 0.2224
2026-06-29 23:07:35,581 | INFO | Epoch 71 | val_loss 0.3062 | AUROC 0.7113 | AUPRC 0.2237
2026-06-29 23:08:54,483 | INFO | Epoch 72 | val_loss 0.3050 | AUROC 0.7139 | AUPRC 0.2260
2026-06-29 23:10:14,147 | INFO | Epoch 73 | val_loss 0.3063 | AUROC 0.7121 | AUPRC 0.2228
2026-06-29 23:11:35,062 | INFO | Epoch 74 | val_loss 0.3061 | AUROC 0.7128 | AUPRC 0.2227
2026-06-29 23:12:56,991 | INFO | Epoch 75 | val_loss 0.3065 | AUROC 0.7116 | AUPRC 0.2233
2026-06-29 23:14:19,743 | INFO | Epoch 76 | val_loss 0.3052 | AUROC 0.7137 | AUPRC 0.2250
2026-06-29 23:15:43,444 | INFO | Epoch 77 | val_loss 0.3058 | AUROC 0.7148 | AUPRC 0.2238
2026-06-29 23:17:07,936 | INFO | Epoch 78 | val_loss 0.3054 | AUROC 0.7121 | AUPRC 0.2251
2026-06-29 23:18:33,551 | INFO | Epoch 79 | val_loss 0.3043 | AUROC 0.7160 | AUPRC 0.2264
2026-06-29 23:20:00,863 | INFO | Epoch 80 | val_loss 0.3050 | AUROC 0.7155 | AUPRC 0.2274
2026-06-29 23:21:29,046 | INFO | Epoch 81 | val_loss 0.3055 | AUROC 0.7133 | AUPRC 0.2262
2026-06-29 23:22:57,753 | INFO | Epoch 82 | val_loss 0.3055 | AUROC 0.7144 | AUPRC 0.2245
2026-06-29 23:24:27,532 | INFO | Epoch 83 | val_loss 0.3058 | AUROC 0.7139 | AUPRC 0.2234
2026-06-29 23:25:58,142 | INFO | Epoch 84 | val_loss 0.3067 | AUROC 0.7098 | AUPRC 0.2224
2026-06-29 23:27:30,442 | INFO | Epoch 85 | val_loss 0.3060 | AUROC 0.7132 | AUPRC 0.2243
2026-06-29 23:29:03,516 | INFO | Epoch 86 | val_loss 0.3057 | AUROC 0.7162 | AUPRC 0.2301
2026-06-29 23:30:37,688 | INFO | Epoch 87 | val_loss 0.3052 | AUROC 0.7156 | AUPRC 0.2262
2026-06-29 23:32:13,109 | INFO | Epoch 88 | val_loss 0.3069 | AUROC 0.7114 | AUPRC 0.2246
2026-06-29 23:33:49,771 | INFO | Epoch 89 | val_loss 0.3070 | AUROC 0.7115 | AUPRC 0.2243
2026-06-29 23:35:26,548 | INFO | Epoch 90 | val_loss 0.3048 | AUROC 0.7155 | AUPRC 0.2269
2026-06-29 23:37:04,746 | INFO | Epoch 91 | val_loss 0.3056 | AUROC 0.7147 | AUPRC 0.2244
2026-06-29 23:38:43,850 | INFO | Epoch 92 | val_loss 0.3051 | AUROC 0.7151 | AUPRC 0.2297
2026-06-29 23:40:24,038 | INFO | Epoch 93 | val_loss 0.3062 | AUROC 0.7148 | AUPRC 0.2269
2026-06-29 23:42:05,072 | INFO | Epoch 94 | val_loss 0.3046 | AUROC 0.7160 | AUPRC 0.2292
2026-06-29 23:43:46,974 | INFO | Epoch 95 | val_loss 0.3060 | AUROC 0.7142 | AUPRC 0.2264
2026-06-29 23:45:29,995 | INFO | Epoch 96 | val_loss 0.3038 | AUROC 0.7198 | AUPRC 0.2287
2026-06-29 23:47:14,342 | INFO | Epoch 97 | val_loss 0.3059 | AUROC 0.7133 | AUPRC 0.2259
2026-06-29 23:48:59,796 | INFO | Epoch 98 | val_loss 0.3058 | AUROC 0.7113 | AUPRC 0.2274
2026-06-29 23:50:46,086 | INFO | Epoch 99 | val_loss 0.3060 | AUROC 0.7162 | AUPRC 0.2264
2026-06-29 23:52:33,568 | INFO | Epoch 100 | val_loss 0.3057 | AUROC 0.7155 | AUPRC 0.2262
2026-06-29 23:54:22,106 | INFO | Epoch 101 | val_loss 0.3041 | AUROC 0.7189 | AUPRC 0.2306
2026-06-29 23:56:11,070 | INFO | Epoch 102 | val_loss 0.3060 | AUROC 0.7149 | AUPRC 0.2260
2026-06-29 23:58:01,434 | INFO | Epoch 103 | val_loss 0.3060 | AUROC 0.7153 | AUPRC 0.2272
2026-06-29 23:59:53,318 | INFO | Epoch 104 | val_loss 0.3078 | AUROC 0.7076 | AUPRC 0.2247
2026-06-30 00:01:45,933 | INFO | Epoch 105 | val_loss 0.3070 | AUROC 0.7123 | AUPRC 0.2244
2026-06-30 00:03:39,586 | INFO | Epoch 106 | val_loss 0.3071 | AUROC 0.7122 | AUPRC 0.2271
2026-06-30 00:05:34,309 | INFO | Epoch 107 | val_loss 0.3060 | AUROC 0.7152 | AUPRC 0.2295
2026-06-30 00:07:30,465 | INFO | Epoch 108 | val_loss 0.3052 | AUROC 0.7173 | AUPRC 0.2290
2026-06-30 00:09:27,744 | INFO | Epoch 109 | val_loss 0.3046 | AUROC 0.7177 | AUPRC 0.2301
2026-06-30 00:11:25,953 | INFO | Epoch 110 | val_loss 0.3082 | AUROC 0.7113 | AUPRC 0.2257
2026-06-30 00:13:25,553 | INFO | Epoch 111 | val_loss 0.3039 | AUROC 0.7196 | AUPRC 0.2323
2026-06-30 00:15:25,481 | INFO | Epoch 112 | val_loss 0.3063 | AUROC 0.7140 | AUPRC 0.2290
2026-06-30 00:17:26,421 | INFO | Epoch 113 | val_loss 0.3055 | AUROC 0.7143 | AUPRC 0.2258
2026-06-30 00:19:28,713 | INFO | Epoch 114 | val_loss 0.3064 | AUROC 0.7147 | AUPRC 0.2269
2026-06-30 00:21:32,066 | INFO | Epoch 115 | val_loss 0.3056 | AUROC 0.7144 | AUPRC 0.2271
2026-06-30 00:23:36,071 | INFO | Epoch 116 | val_loss 0.3064 | AUROC 0.7142 | AUPRC 0.2268
2026-06-30 00:25:40,805 | INFO | Epoch 117 | val_loss 0.3048 | AUROC 0.7166 | AUPRC 0.2307
2026-06-30 00:27:47,110 | INFO | Epoch 118 | val_loss 0.3061 | AUROC 0.7150 | AUPRC 0.2263
2026-06-30 00:29:54,014 | INFO | Epoch 119 | val_loss 0.3050 | AUROC 0.7174 | AUPRC 0.2295
2026-06-30 00:32:02,131 | INFO | Epoch 120 | val_loss 0.3070 | AUROC 0.7131 | AUPRC 0.2266
2026-06-30 00:34:11,446 | INFO | Epoch 121 | val_loss 0.3047 | AUROC 0.7193 | AUPRC 0.2301
2026-06-30 00:36:21,722 | INFO | Epoch 122 | val_loss 0.3064 | AUROC 0.7153 | AUPRC 0.2259
2026-06-30 00:38:33,146 | INFO | Epoch 123 | val_loss 0.3072 | AUROC 0.7136 | AUPRC 0.2259
2026-06-30 00:40:45,555 | INFO | Epoch 124 | val_loss 0.3068 | AUROC 0.7159 | AUPRC 0.2275
2026-06-30 00:42:58,415 | INFO | Epoch 125 | val_loss 0.3047 | AUROC 0.7208 | AUPRC 0.2305
2026-06-30 00:45:12,890 | INFO | Epoch 126 | val_loss 0.3064 | AUROC 0.7152 | AUPRC 0.2307
2026-06-30 00:47:29,088 | INFO | Epoch 127 | val_loss 0.3051 | AUROC 0.7176 | AUPRC 0.2292
2026-06-30 00:49:45,577 | INFO | Epoch 128 | val_loss 0.3064 | AUROC 0.7162 | AUPRC 0.2247
2026-06-30 00:52:03,468 | INFO | Epoch 129 | val_loss 0.3059 | AUROC 0.7167 | AUPRC 0.2275
2026-06-30 00:54:22,755 | INFO | Epoch 130 | val_loss 0.3058 | AUROC 0.7172 | AUPRC 0.2273
2026-06-30 00:56:42,143 | INFO | Epoch 131 | val_loss 0.3068 | AUROC 0.7140 | AUPRC 0.2261
2026-06-30 00:59:03,591 | INFO | Epoch 132 | val_loss 0.3050 | AUROC 0.7189 | AUPRC 0.2283
2026-06-30 01:01:25,689 | INFO | Epoch 133 | val_loss 0.3062 | AUROC 0.7167 | AUPRC 0.2257
2026-06-30 01:03:49,125 | INFO | Epoch 134 | val_loss 0.3053 | AUROC 0.7179 | AUPRC 0.2292
2026-06-30 01:06:13,737 | INFO | Epoch 135 | val_loss 0.3060 | AUROC 0.7172 | AUPRC 0.2268
2026-06-30 01:08:39,076 | INFO | Epoch 136 | val_loss 0.3075 | AUROC 0.7126 | AUPRC 0.2253
2026-06-30 01:11:06,376 | INFO | Epoch 137 | val_loss 0.3046 | AUROC 0.7185 | AUPRC 0.2279
2026-06-30 01:13:34,301 | INFO | Epoch 138 | val_loss 0.3068 | AUROC 0.7164 | AUPRC 0.2287
2026-06-30 01:16:03,048 | INFO | Epoch 139 | val_loss 0.3064 | AUROC 0.7165 | AUPRC 0.2279
2026-06-30 01:18:32,874 | INFO | Epoch 140 | val_loss 0.3065 | AUROC 0.7153 | AUPRC 0.2244
2026-06-30 01:21:04,112 | INFO | Epoch 141 | val_loss 0.3068 | AUROC 0.7159 | AUPRC 0.2275
2026-06-30 01:23:36,011 | INFO | Epoch 142 | val_loss 0.3071 | AUROC 0.7163 | AUPRC 0.2295
2026-06-30 01:26:09,041 | INFO | Epoch 143 | val_loss 0.3054 | AUROC 0.7182 | AUPRC 0.2268
2026-06-30 01:28:42,430 | INFO | Epoch 144 | val_loss 0.3043 | AUROC 0.7220 | AUPRC 0.2333
2026-06-30 01:31:17,395 | INFO | Epoch 145 | val_loss 0.3046 | AUROC 0.7219 | AUPRC 0.2325
2026-06-30 01:33:53,793 | INFO | Epoch 146 | val_loss 0.3045 | AUROC 0.7223 | AUPRC 0.2286
2026-06-30 01:36:31,559 | INFO | Epoch 147 | val_loss 0.3055 | AUROC 0.7199 | AUPRC 0.2310
2026-06-30 01:39:09,260 | INFO | Epoch 148 | val_loss 0.3045 | AUROC 0.7217 | AUPRC 0.2315
2026-06-30 01:41:48,145 | INFO | Epoch 149 | val_loss 0.3061 | AUROC 0.7171 | AUPRC 0.2289
2026-06-30 01:44:28,843 | INFO | Epoch 150 | val_loss 0.3058 | AUROC 0.7183 | AUPRC 0.2294
2026-06-30 01:47:10,653 | INFO | Epoch 151 | val_loss 0.3046 | AUROC 0.7208 | AUPRC 0.2304
2026-06-30 01:49:53,783 | INFO | Epoch 152 | val_loss 0.3054 | AUROC 0.7192 | AUPRC 0.2291
2026-06-30 01:52:37,544 | INFO | Epoch 153 | val_loss 0.3051 | AUROC 0.7200 | AUPRC 0.2295
2026-06-30 01:55:21,699 | INFO | Epoch 154 | val_loss 0.3067 | AUROC 0.7176 | AUPRC 0.2273
2026-06-30 01:58:07,947 | INFO | Epoch 155 | val_loss 0.3059 | AUROC 0.7191 | AUPRC 0.2292
2026-06-30 02:00:55,538 | INFO | Epoch 156 | val_loss 0.3074 | AUROC 0.7170 | AUPRC 0.2274
2026-06-30 02:03:43,873 | INFO | Epoch 157 | val_loss 0.3055 | AUROC 0.7195 | AUPRC 0.2278
2026-06-30 02:06:32,983 | INFO | Epoch 158 | val_loss 0.3052 | AUROC 0.7203 | AUPRC 0.2290
2026-06-30 02:09:23,318 | INFO | Epoch 159 | val_loss 0.3060 | AUROC 0.7192 | AUPRC 0.2272
2026-06-30 02:12:15,028 | INFO | Epoch 160 | val_loss 0.3056 | AUROC 0.7176 | AUPRC 0.2279
2026-06-30 02:15:07,334 | INFO | Epoch 161 | val_loss 0.3055 | AUROC 0.7202 | AUPRC 0.2283
2026-06-30 02:17:59,787 | INFO | Epoch 162 | val_loss 0.3050 | AUROC 0.7208 | AUPRC 0.2313
2026-06-30 02:20:53,550 | INFO | Epoch 163 | val_loss 0.3075 | AUROC 0.7167 | AUPRC 0.2275
2026-06-30 02:23:49,242 | INFO | Epoch 164 | val_loss 0.3058 | AUROC 0.7194 | AUPRC 0.2291
2026-06-30 02:26:45,518 | INFO | Epoch 165 | val_loss 0.3066 | AUROC 0.7178 | AUPRC 0.2274
2026-06-30 02:29:42,481 | INFO | Epoch 166 | val_loss 0.3068 | AUROC 0.7180 | AUPRC 0.2285
2026-06-30 02:32:40,491 | INFO | Epoch 167 | val_loss 0.3070 | AUROC 0.7181 | AUPRC 0.2293
2026-06-30 02:35:39,605 | INFO | Epoch 168 | val_loss 0.3060 | AUROC 0.7201 | AUPRC 0.2291
2026-06-30 02:38:40,173 | INFO | Epoch 169 | val_loss 0.3065 | AUROC 0.7177 | AUPRC 0.2282
2026-06-30 02:41:41,144 | INFO | Epoch 170 | val_loss 0.3055 | AUROC 0.7220 | AUPRC 0.2327
2026-06-30 02:44:43,567 | INFO | Epoch 171 | val_loss 0.3065 | AUROC 0.7185 | AUPRC 0.2291
2026-06-30 02:47:48,237 | INFO | Epoch 172 | val_loss 0.3061 | AUROC 0.7193 | AUPRC 0.2274
2026-06-30 02:50:52,895 | INFO | Epoch 173 | val_loss 0.3066 | AUROC 0.7198 | AUPRC 0.2279
2026-06-30 02:53:59,497 | INFO | Epoch 174 | val_loss 0.3070 | AUROC 0.7183 | AUPRC 0.2271
2026-06-30 02:57:06,047 | INFO | Epoch 175 | val_loss 0.3062 | AUROC 0.7194 | AUPRC 0.2302
2026-06-30 03:00:14,715 | INFO | Epoch 176 | val_loss 0.3066 | AUROC 0.7193 | AUPRC 0.2282
2026-06-30 03:03:24,390 | INFO | Epoch 177 | val_loss 0.3072 | AUROC 0.7182 | AUPRC 0.2278
2026-06-30 03:06:34,810 | INFO | Epoch 178 | val_loss 0.3045 | AUROC 0.7222 | AUPRC 0.2328
2026-06-30 03:09:47,312 | INFO | Epoch 179 | val_loss 0.3058 | AUROC 0.7217 | AUPRC 0.2312
2026-06-30 03:13:00,895 | INFO | Epoch 180 | val_loss 0.3063 | AUROC 0.7195 | AUPRC 0.2307
2026-06-30 03:16:15,096 | INFO | Epoch 181 | val_loss 0.3058 | AUROC 0.7203 | AUPRC 0.2287
2026-06-30 03:19:30,594 | INFO | Epoch 182 | val_loss 0.3053 | AUROC 0.7222 | AUPRC 0.2322
2026-06-30 03:22:46,233 | INFO | Epoch 183 | val_loss 0.3066 | AUROC 0.7197 | AUPRC 0.2304
2026-06-30 03:26:03,117 | INFO | Epoch 184 | val_loss 0.3064 | AUROC 0.7204 | AUPRC 0.2291
2026-06-30 09:10:08,813 | INFO | Starting training
2026-06-30 09:10:08,813 | INFO | Log directory: ./log/BCE_633_GraphBepi_1
2026-06-30 09:10:08,813 | INFO | Log file: ./log/BCE_633_GraphBepi_1/train.log
2026-06-30 09:10:08,813 | INFO | Preparing dataset artifacts for: BCE_633
2026-06-30 09:10:08,813 | INFO | Dataset artifacts prepared successfully
2026-06-30 09:10:12,598 | INFO | Train size: 570
2026-06-30 09:10:12,598 | INFO | Val size: 63
2026-06-30 09:10:12,598 | INFO | Test size: 633
2026-06-30 09:10:12,598 | INFO | Train loader batches: 142
2026-06-30 09:10:13,129 | INFO | Epoch 0 | val_loss 1.2946 | AUROC 0.4480 | AUPRC 0.1149
2026-06-30 09:10:23,129 | INFO | Epoch 0 | val_loss 0.3533 | AUROC 0.5756 | AUPRC 0.1350
2026-06-30 09:10:33,723 | INFO | Epoch 1 | val_loss 0.3355 | AUROC 0.6142 | AUPRC 0.1594
2026-06-30 09:10:45,195 | INFO | Epoch 2 | val_loss 0.3323 | AUROC 0.6327 | AUPRC 0.1633
2026-06-30 09:10:57,506 | INFO | Epoch 3 | val_loss 0.3296 | AUROC 0.6371 | AUPRC 0.1686
2026-06-30 09:11:10,650 | INFO | Epoch 4 | val_loss 0.3264 | AUROC 0.6428 | AUPRC 0.1703
2026-06-30 09:11:24,778 | INFO | Epoch 5 | val_loss 0.3246 | AUROC 0.6522 | AUPRC 0.1747
2026-06-30 09:11:39,907 | INFO | Epoch 6 | val_loss 0.3237 | AUROC 0.6590 | AUPRC 0.1779
2026-06-30 09:11:55,835 | INFO | Epoch 7 | val_loss 0.3225 | AUROC 0.6630 | AUPRC 0.1807
2026-06-30 09:12:12,755 | INFO | Epoch 8 | val_loss 0.3216 | AUROC 0.6618 | AUPRC 0.1791
2026-06-30 09:12:30,594 | INFO | Epoch 9 | val_loss 0.3197 | AUROC 0.6671 | AUPRC 0.1835
2026-06-30 09:12:49,384 | INFO | Epoch 10 | val_loss 0.3198 | AUROC 0.6697 | AUPRC 0.1840
2026-06-30 09:13:09,087 | INFO | Epoch 11 | val_loss 0.3187 | AUROC 0.6716 | AUPRC 0.1862
2026-06-30 09:13:29,979 | INFO | Epoch 12 | val_loss 0.3185 | AUROC 0.6760 | AUPRC 0.1880
2026-06-30 09:13:51,659 | INFO | Epoch 13 | val_loss 0.3182 | AUROC 0.6771 | AUPRC 0.1876
2026-06-30 09:14:14,182 | INFO | Epoch 14 | val_loss 0.3166 | AUROC 0.6799 | AUPRC 0.1910
2026-06-30 09:14:37,490 | INFO | Epoch 15 | val_loss 0.3182 | AUROC 0.6807 | AUPRC 0.1914
2026-06-30 09:15:01,809 | INFO | Epoch 16 | val_loss 0.3164 | AUROC 0.6812 | AUPRC 0.1911
2026-06-30 09:15:26,919 | INFO | Epoch 17 | val_loss 0.3158 | AUROC 0.6832 | AUPRC 0.1922
2026-06-30 09:15:53,101 | INFO | Epoch 18 | val_loss 0.3153 | AUROC 0.6837 | AUPRC 0.1925
2026-06-30 09:16:20,458 | INFO | Epoch 19 | val_loss 0.3144 | AUROC 0.6851 | AUPRC 0.1947
2026-06-30 09:16:48,731 | INFO | Epoch 20 | val_loss 0.3149 | AUROC 0.6865 | AUPRC 0.1958
2026-06-30 09:17:17,829 | INFO | Epoch 21 | val_loss 0.3136 | AUROC 0.6869 | AUPRC 0.1974
2026-06-30 09:17:48,153 | INFO | Epoch 22 | val_loss 0.3135 | AUROC 0.6871 | AUPRC 0.1974
2026-06-30 09:18:19,201 | INFO | Epoch 23 | val_loss 0.3140 | AUROC 0.6872 | AUPRC 0.1969
2026-06-30 09:18:51,198 | INFO | Epoch 24 | val_loss 0.3135 | AUROC 0.6893 | AUPRC 0.1989
2026-06-30 09:19:24,380 | INFO | Epoch 25 | val_loss 0.3128 | AUROC 0.6919 | AUPRC 0.2006
2026-06-30 09:19:58,287 | INFO | Epoch 26 | val_loss 0.3116 | AUROC 0.6933 | AUPRC 0.2022
2026-06-30 09:20:33,369 | INFO | Epoch 27 | val_loss 0.3123 | AUROC 0.6932 | AUPRC 0.2032
2026-06-30 09:21:09,453 | INFO | Epoch 28 | val_loss 0.3120 | AUROC 0.6915 | AUPRC 0.2029
2026-06-30 09:21:46,484 | INFO | Epoch 29 | val_loss 0.3125 | AUROC 0.6940 | AUPRC 0.2018
2026-06-30 09:22:24,638 | INFO | Epoch 30 | val_loss 0.3129 | AUROC 0.6917 | AUPRC 0.2019
2026-06-30 09:23:03,732 | INFO | Epoch 31 | val_loss 0.3137 | AUROC 0.6956 | AUPRC 0.2041
2026-06-30 09:23:43,844 | INFO | Epoch 32 | val_loss 0.3111 | AUROC 0.6958 | AUPRC 0.2064
2026-06-30 09:24:25,144 | INFO | Epoch 33 | val_loss 0.3117 | AUROC 0.6962 | AUPRC 0.2069
2026-06-30 09:25:07,449 | INFO | Epoch 34 | val_loss 0.3115 | AUROC 0.6962 | AUPRC 0.2071
2026-06-30 09:25:50,489 | INFO | Epoch 35 | val_loss 0.3113 | AUROC 0.6967 | AUPRC 0.2055
2026-06-30 09:26:34,954 | INFO | Epoch 36 | val_loss 0.3113 | AUROC 0.6942 | AUPRC 0.2063
2026-06-30 09:27:20,117 | INFO | Epoch 37 | val_loss 0.3101 | AUROC 0.6987 | AUPRC 0.2094
2026-06-30 09:28:06,222 | INFO | Epoch 38 | val_loss 0.3111 | AUROC 0.6977 | AUPRC 0.2086
2026-06-30 09:28:53,665 | INFO | Epoch 39 | val_loss 0.3103 | AUROC 0.6986 | AUPRC 0.2106
2026-06-30 09:29:41,864 | INFO | Epoch 40 | val_loss 0.3110 | AUROC 0.6980 | AUPRC 0.2082
2026-06-30 09:30:31,290 | INFO | Epoch 41 | val_loss 0.3107 | AUROC 0.6991 | AUPRC 0.2093
2026-06-30 09:31:21,273 | INFO | Epoch 42 | val_loss 0.3097 | AUROC 0.7013 | AUPRC 0.2122
2026-06-30 09:32:11,832 | INFO | Epoch 43 | val_loss 0.3092 | AUROC 0.7030 | AUPRC 0.2137
2026-06-30 09:33:03,011 | INFO | Epoch 44 | val_loss 0.3102 | AUROC 0.7021 | AUPRC 0.2091
2026-06-30 09:33:55,830 | INFO | Epoch 45 | val_loss 0.3094 | AUROC 0.7011 | AUPRC 0.2114
2026-06-30 09:34:49,327 | INFO | Epoch 46 | val_loss 0.3092 | AUROC 0.7020 | AUPRC 0.2129
2026-06-30 09:35:43,906 | INFO | Epoch 47 | val_loss 0.3092 | AUROC 0.7022 | AUPRC 0.2114
2026-06-30 09:36:39,520 | INFO | Epoch 48 | val_loss 0.3078 | AUROC 0.7053 | AUPRC 0.2174
2026-06-30 09:37:35,960 | INFO | Epoch 49 | val_loss 0.3084 | AUROC 0.7036 | AUPRC 0.2162
2026-06-30 09:38:33,817 | INFO | Epoch 50 | val_loss 0.3084 | AUROC 0.7042 | AUPRC 0.2154
2026-06-30 09:39:32,569 | INFO | Epoch 51 | val_loss 0.3084 | AUROC 0.7038 | AUPRC 0.2130
2026-06-30 09:40:32,545 | INFO | Epoch 52 | val_loss 0.3073 | AUROC 0.7064 | AUPRC 0.2178
2026-06-30 09:41:33,509 | INFO | Epoch 53 | val_loss 0.3088 | AUROC 0.7028 | AUPRC 0.2155
2026-06-30 09:42:35,264 | INFO | Epoch 54 | val_loss 0.3089 | AUROC 0.7039 | AUPRC 0.2142
2026-06-30 09:43:37,963 | INFO | Epoch 55 | val_loss 0.3090 | AUROC 0.7025 | AUPRC 0.2152
2026-06-30 09:44:41,940 | INFO | Epoch 56 | val_loss 0.3086 | AUROC 0.7048 | AUPRC 0.2136
2026-06-30 09:45:46,624 | INFO | Epoch 57 | val_loss 0.3089 | AUROC 0.7064 | AUPRC 0.2164
2026-06-30 09:46:52,233 | INFO | Epoch 58 | val_loss 0.3078 | AUROC 0.7065 | AUPRC 0.2170
2026-06-30 09:47:58,695 | INFO | Epoch 59 | val_loss 0.3074 | AUROC 0.7085 | AUPRC 0.2163
2026-06-30 09:49:06,537 | INFO | Epoch 60 | val_loss 0.3075 | AUROC 0.7069 | AUPRC 0.2182
2026-06-30 09:50:15,422 | INFO | Epoch 61 | val_loss 0.3070 | AUROC 0.7076 | AUPRC 0.2181
2026-06-30 09:51:25,124 | INFO | Epoch 62 | val_loss 0.3065 | AUROC 0.7100 | AUPRC 0.2193
2026-06-30 09:52:36,151 | INFO | Epoch 63 | val_loss 0.3077 | AUROC 0.7069 | AUPRC 0.2164
2026-06-30 09:53:48,326 | INFO | Epoch 64 | val_loss 0.3080 | AUROC 0.7073 | AUPRC 0.2191
2026-06-30 09:55:01,416 | INFO | Epoch 65 | val_loss 0.3074 | AUROC 0.7072 | AUPRC 0.2172
2026-06-30 09:56:15,394 | INFO | Epoch 66 | val_loss 0.3076 | AUROC 0.7091 | AUPRC 0.2177
2026-06-30 09:57:30,501 | INFO | Epoch 67 | val_loss 0.3078 | AUROC 0.7096 | AUPRC 0.2182
2026-06-30 09:58:47,036 | INFO | Epoch 68 | val_loss 0.3062 | AUROC 0.7113 | AUPRC 0.2203
2026-06-30 10:00:04,700 | INFO | Epoch 69 | val_loss 0.3059 | AUROC 0.7107 | AUPRC 0.2243
2026-06-30 10:01:22,974 | INFO | Epoch 70 | val_loss 0.3064 | AUROC 0.7109 | AUPRC 0.2224
2026-06-30 10:02:42,097 | INFO | Epoch 71 | val_loss 0.3062 | AUROC 0.7113 | AUPRC 0.2237
2026-06-30 10:04:02,296 | INFO | Epoch 72 | val_loss 0.3050 | AUROC 0.7139 | AUPRC 0.2260
2026-06-30 10:05:23,753 | INFO | Epoch 73 | val_loss 0.3063 | AUROC 0.7121 | AUPRC 0.2228
2026-06-30 10:06:46,023 | INFO | Epoch 74 | val_loss 0.3061 | AUROC 0.7128 | AUPRC 0.2227
2026-06-30 10:08:09,704 | INFO | Epoch 75 | val_loss 0.3065 | AUROC 0.7116 | AUPRC 0.2233
2026-06-30 10:09:34,067 | INFO | Epoch 76 | val_loss 0.3052 | AUROC 0.7137 | AUPRC 0.2250
2026-06-30 10:10:59,602 | INFO | Epoch 77 | val_loss 0.3058 | AUROC 0.7148 | AUPRC 0.2238
2026-06-30 10:12:26,388 | INFO | Epoch 78 | val_loss 0.3054 | AUROC 0.7121 | AUPRC 0.2251
2026-06-30 10:13:54,201 | INFO | Epoch 79 | val_loss 0.3043 | AUROC 0.7160 | AUPRC 0.2264
2026-06-30 10:15:23,286 | INFO | Epoch 80 | val_loss 0.3050 | AUROC 0.7155 | AUPRC 0.2274
2026-06-30 10:16:53,098 | INFO | Epoch 81 | val_loss 0.3055 | AUROC 0.7133 | AUPRC 0.2262
2026-06-30 10:18:23,891 | INFO | Epoch 82 | val_loss 0.3055 | AUROC 0.7144 | AUPRC 0.2245
2026-06-30 10:19:55,756 | INFO | Epoch 83 | val_loss 0.3058 | AUROC 0.7139 | AUPRC 0.2234
2026-06-30 10:21:28,834 | INFO | Epoch 84 | val_loss 0.3067 | AUROC 0.7098 | AUPRC 0.2224
2026-06-30 10:23:02,913 | INFO | Epoch 85 | val_loss 0.3060 | AUROC 0.7132 | AUPRC 0.2243
2026-06-30 10:24:37,858 | INFO | Epoch 86 | val_loss 0.3057 | AUROC 0.7162 | AUPRC 0.2301
2026-06-30 10:26:14,110 | INFO | Epoch 87 | val_loss 0.3052 | AUROC 0.7156 | AUPRC 0.2262
2026-06-30 10:27:51,416 | INFO | Epoch 88 | val_loss 0.3069 | AUROC 0.7114 | AUPRC 0.2246
2026-06-30 10:29:29,639 | INFO | Epoch 89 | val_loss 0.3070 | AUROC 0.7115 | AUPRC 0.2243
2026-06-30 10:31:09,008 | INFO | Epoch 90 | val_loss 0.3048 | AUROC 0.7155 | AUPRC 0.2269
2026-06-30 10:32:49,264 | INFO | Epoch 91 | val_loss 0.3056 | AUROC 0.7147 | AUPRC 0.2244
2026-06-30 10:34:30,172 | INFO | Epoch 92 | val_loss 0.3051 | AUROC 0.7151 | AUPRC 0.2297
2026-06-30 10:36:11,983 | INFO | Epoch 93 | val_loss 0.3062 | AUROC 0.7148 | AUPRC 0.2269
2026-06-30 10:37:55,240 | INFO | Epoch 94 | val_loss 0.3046 | AUROC 0.7160 | AUPRC 0.2292
2026-06-30 10:39:39,431 | INFO | Epoch 95 | val_loss 0.3060 | AUROC 0.7142 | AUPRC 0.2264
2026-06-30 10:41:24,792 | INFO | Epoch 96 | val_loss 0.3038 | AUROC 0.7198 | AUPRC 0.2287
2026-06-30 10:43:10,821 | INFO | Epoch 97 | val_loss 0.3059 | AUROC 0.7133 | AUPRC 0.2259
2026-06-30 10:44:57,916 | INFO | Epoch 98 | val_loss 0.3058 | AUROC 0.7113 | AUPRC 0.2274
2026-06-30 10:46:46,200 | INFO | Epoch 99 | val_loss 0.3060 | AUROC 0.7162 | AUPRC 0.2264
2026-06-30 10:48:35,855 | INFO | Epoch 100 | val_loss 0.3057 | AUROC 0.7155 | AUPRC 0.2262
2026-06-30 10:50:26,778 | INFO | Epoch 101 | val_loss 0.3041 | AUROC 0.7189 | AUPRC 0.2306
2026-06-30 10:52:18,220 | INFO | Epoch 102 | val_loss 0.3060 | AUROC 0.7149 | AUPRC 0.2260
2026-06-30 10:54:10,843 | INFO | Epoch 103 | val_loss 0.3060 | AUROC 0.7153 | AUPRC 0.2272
2026-06-30 10:56:04,671 | INFO | Epoch 104 | val_loss 0.3078 | AUROC 0.7076 | AUPRC 0.2247
2026-06-30 10:57:59,640 | INFO | Epoch 105 | val_loss 0.3070 | AUROC 0.7123 | AUPRC 0.2244
2026-06-30 10:59:55,744 | INFO | Epoch 106 | val_loss 0.3071 | AUROC 0.7122 | AUPRC 0.2271
2026-06-30 11:01:52,765 | INFO | Epoch 107 | val_loss 0.3060 | AUROC 0.7152 | AUPRC 0.2295
2026-06-30 11:03:50,862 | INFO | Epoch 108 | val_loss 0.3052 | AUROC 0.7173 | AUPRC 0.2290
2026-06-30 11:05:49,916 | INFO | Epoch 109 | val_loss 0.3046 | AUROC 0.7177 | AUPRC 0.2301
2026-06-30 11:07:50,263 | INFO | Epoch 110 | val_loss 0.3082 | AUROC 0.7113 | AUPRC 0.2257
2026-06-30 11:09:51,637 | INFO | Epoch 111 | val_loss 0.3039 | AUROC 0.7196 | AUPRC 0.2323
2026-06-30 11:11:55,047 | INFO | Epoch 112 | val_loss 0.3063 | AUROC 0.7140 | AUPRC 0.2290
2026-06-30 11:13:58,937 | INFO | Epoch 113 | val_loss 0.3055 | AUROC 0.7143 | AUPRC 0.2258
2026-06-30 11:16:03,829 | INFO | Epoch 114 | val_loss 0.3064 | AUROC 0.7147 | AUPRC 0.2269
2026-06-30 11:18:09,685 | INFO | Epoch 115 | val_loss 0.3056 | AUROC 0.7144 | AUPRC 0.2271
2026-06-30 11:20:16,721 | INFO | Epoch 116 | val_loss 0.3064 | AUROC 0.7142 | AUPRC 0.2268
2026-06-30 11:22:24,701 | INFO | Epoch 117 | val_loss 0.3048 | AUROC 0.7166 | AUPRC 0.2307
2026-06-30 11:24:33,827 | INFO | Epoch 118 | val_loss 0.3061 | AUROC 0.7150 | AUPRC 0.2263
2026-06-30 11:26:43,762 | INFO | Epoch 119 | val_loss 0.3050 | AUROC 0.7174 | AUPRC 0.2295
2026-06-30 11:28:54,857 | INFO | Epoch 120 | val_loss 0.3070 | AUROC 0.7131 | AUPRC 0.2266
2026-06-30 11:31:07,164 | INFO | Epoch 121 | val_loss 0.3047 | AUROC 0.7193 | AUPRC 0.2301
2026-06-30 11:33:20,956 | INFO | Epoch 122 | val_loss 0.3064 | AUROC 0.7153 | AUPRC 0.2259
2026-06-30 11:35:36,064 | INFO | Epoch 123 | val_loss 0.3072 | AUROC 0.7136 | AUPRC 0.2259
2026-06-30 11:37:51,277 | INFO | Epoch 124 | val_loss 0.3068 | AUROC 0.7159 | AUPRC 0.2275
2026-06-30 11:40:08,546 | INFO | Epoch 125 | val_loss 0.3047 | AUROC 0.7208 | AUPRC 0.2305
2026-06-30 11:42:26,733 | INFO | Epoch 126 | val_loss 0.3064 | AUROC 0.7152 | AUPRC 0.2307
2026-06-30 11:44:46,235 | INFO | Epoch 127 | val_loss 0.3051 | AUROC 0.7176 | AUPRC 0.2292
2026-06-30 11:47:06,451 | INFO | Epoch 128 | val_loss 0.3064 | AUROC 0.7162 | AUPRC 0.2247
2026-06-30 11:49:28,267 | INFO | Epoch 129 | val_loss 0.3059 | AUROC 0.7167 | AUPRC 0.2275
2026-06-30 11:51:50,549 | INFO | Epoch 130 | val_loss 0.3058 | AUROC 0.7172 | AUPRC 0.2273
2026-06-30 11:54:13,543 | INFO | Epoch 131 | val_loss 0.3068 | AUROC 0.7140 | AUPRC 0.2261
2026-06-30 11:56:38,247 | INFO | Epoch 132 | val_loss 0.3050 | AUROC 0.7189 | AUPRC 0.2283
2026-06-30 11:59:03,706 | INFO | Epoch 133 | val_loss 0.3062 | AUROC 0.7167 | AUPRC 0.2257
2026-06-30 12:01:30,555 | INFO | Epoch 134 | val_loss 0.3053 | AUROC 0.7179 | AUPRC 0.2292
2026-06-30 12:03:57,914 | INFO | Epoch 135 | val_loss 0.3060 | AUROC 0.7172 | AUPRC 0.2268
2026-06-30 12:06:26,794 | INFO | Epoch 136 | val_loss 0.3075 | AUROC 0.7126 | AUPRC 0.2253
2026-06-30 12:08:56,598 | INFO | Epoch 137 | val_loss 0.3046 | AUROC 0.7185 | AUPRC 0.2279
2026-06-30 12:11:27,377 | INFO | Epoch 138 | val_loss 0.3068 | AUROC 0.7164 | AUPRC 0.2287
2026-06-30 12:13:59,664 | INFO | Epoch 139 | val_loss 0.3064 | AUROC 0.7165 | AUPRC 0.2279
2026-06-30 12:16:32,659 | INFO | Epoch 140 | val_loss 0.3065 | AUROC 0.7153 | AUPRC 0.2244
2026-06-30 12:19:06,784 | INFO | Epoch 141 | val_loss 0.3068 | AUROC 0.7159 | AUPRC 0.2275
2026-06-30 12:21:42,343 | INFO | Epoch 142 | val_loss 0.3071 | AUROC 0.7163 | AUPRC 0.2295
2026-06-30 12:24:18,620 | INFO | Epoch 143 | val_loss 0.3054 | AUROC 0.7182 | AUPRC 0.2268
2026-06-30 12:26:56,791 | INFO | Epoch 144 | val_loss 0.3043 | AUROC 0.7220 | AUPRC 0.2333
2026-06-30 12:29:35,540 | INFO | Epoch 145 | val_loss 0.3046 | AUROC 0.7219 | AUPRC 0.2325
2026-06-30 12:32:15,832 | INFO | Epoch 146 | val_loss 0.3045 | AUROC 0.7223 | AUPRC 0.2286
2026-06-30 12:34:56,855 | INFO | Epoch 147 | val_loss 0.3055 | AUROC 0.7199 | AUPRC 0.2310
2026-06-30 12:37:38,747 | INFO | Epoch 148 | val_loss 0.3045 | AUROC 0.7217 | AUPRC 0.2315
2026-06-30 12:40:21,062 | INFO | Epoch 149 | val_loss 0.3061 | AUROC 0.7171 | AUPRC 0.2289
2026-06-30 12:43:04,808 | INFO | Epoch 150 | val_loss 0.3058 | AUROC 0.7183 | AUPRC 0.2294
2026-06-30 12:45:49,534 | INFO | Epoch 151 | val_loss 0.3046 | AUROC 0.7208 | AUPRC 0.2304
2026-06-30 12:48:36,105 | INFO | Epoch 152 | val_loss 0.3054 | AUROC 0.7192 | AUPRC 0.2291
2026-06-30 12:51:24,386 | INFO | Epoch 153 | val_loss 0.3051 | AUROC 0.7200 | AUPRC 0.2295
2026-06-30 12:54:13,249 | INFO | Epoch 154 | val_loss 0.3067 | AUROC 0.7176 | AUPRC 0.2273
2026-06-30 12:57:03,204 | INFO | Epoch 155 | val_loss 0.3059 | AUROC 0.7191 | AUPRC 0.2292
2026-06-30 12:59:54,644 | INFO | Epoch 156 | val_loss 0.3074 | AUROC 0.7170 | AUPRC 0.2274
2026-06-30 13:02:46,898 | INFO | Epoch 157 | val_loss 0.3055 | AUROC 0.7195 | AUPRC 0.2278
2026-06-30 13:05:40,248 | INFO | Epoch 158 | val_loss 0.3052 | AUROC 0.7203 | AUPRC 0.2290
2026-06-30 13:08:34,769 | INFO | Epoch 159 | val_loss 0.3060 | AUROC 0.7192 | AUPRC 0.2272
2026-06-30 13:11:30,298 | INFO | Epoch 160 | val_loss 0.3056 | AUROC 0.7176 | AUPRC 0.2279
2026-06-30 13:14:27,198 | INFO | Epoch 161 | val_loss 0.3055 | AUROC 0.7202 | AUPRC 0.2283
2026-06-30 13:17:24,665 | INFO | Epoch 162 | val_loss 0.3050 | AUROC 0.7208 | AUPRC 0.2313
2026-06-30 13:20:23,129 | INFO | Epoch 163 | val_loss 0.3075 | AUROC 0.7167 | AUPRC 0.2275
2026-06-30 13:23:22,662 | INFO | Epoch 164 | val_loss 0.3058 | AUROC 0.7194 | AUPRC 0.2291
2026-06-30 13:26:23,442 | INFO | Epoch 165 | val_loss 0.3066 | AUROC 0.7178 | AUPRC 0.2274
2026-06-30 13:29:24,915 | INFO | Epoch 166 | val_loss 0.3068 | AUROC 0.7180 | AUPRC 0.2285
2026-06-30 13:32:27,778 | INFO | Epoch 167 | val_loss 0.3070 | AUROC 0.7181 | AUPRC 0.2293
2026-06-30 13:35:32,122 | INFO | Epoch 168 | val_loss 0.3060 | AUROC 0.7201 | AUPRC 0.2291
2026-06-30 13:38:36,983 | INFO | Epoch 169 | val_loss 0.3065 | AUROC 0.7177 | AUPRC 0.2282
2026-06-30 13:41:42,876 | INFO | Epoch 170 | val_loss 0.3055 | AUROC 0.7220 | AUPRC 0.2327
2026-06-30 13:44:49,956 | INFO | Epoch 171 | val_loss 0.3065 | AUROC 0.7185 | AUPRC 0.2291
2026-06-30 13:47:58,581 | INFO | Epoch 172 | val_loss 0.3061 | AUROC 0.7193 | AUPRC 0.2274
2026-06-30 13:51:07,934 | INFO | Epoch 173 | val_loss 0.3066 | AUROC 0.7198 | AUPRC 0.2279
2026-06-30 13:54:18,145 | INFO | Epoch 174 | val_loss 0.3070 | AUROC 0.7183 | AUPRC 0.2271
2026-06-30 13:57:29,285 | INFO | Epoch 175 | val_loss 0.3062 | AUROC 0.7194 | AUPRC 0.2302
2026-06-30 14:00:42,227 | INFO | Epoch 176 | val_loss 0.3066 | AUROC 0.7193 | AUPRC 0.2282
2026-06-30 14:03:56,392 | INFO | Epoch 177 | val_loss 0.3072 | AUROC 0.7182 | AUPRC 0.2278
2026-06-30 14:07:11,799 | INFO | Epoch 178 | val_loss 0.3045 | AUROC 0.7222 | AUPRC 0.2328
2026-06-30 14:10:28,989 | INFO | Epoch 179 | val_loss 0.3058 | AUROC 0.7217 | AUPRC 0.2312
2026-06-30 14:13:46,942 | INFO | Epoch 180 | val_loss 0.3063 | AUROC 0.7195 | AUPRC 0.2307
2026-06-30 14:17:05,445 | INFO | Epoch 181 | val_loss 0.3058 | AUROC 0.7203 | AUPRC 0.2287
2026-06-30 14:20:24,840 | INFO | Epoch 182 | val_loss 0.3053 | AUROC 0.7222 | AUPRC 0.2322
2026-06-30 14:23:45,071 | INFO | Epoch 183 | val_loss 0.3066 | AUROC 0.7197 | AUPRC 0.2304
2026-06-30 14:27:06,843 | INFO | Epoch 184 | val_loss 0.3064 | AUROC 0.7204 | AUPRC 0.2291
