2026-07-10 21:05:19,239 | INFO | Starting training
2026-07-10 21:05:19,239 | INFO | Log directory: ./log/Epitope3D_GraphBepi_-1
2026-07-10 21:05:19,240 | INFO | Log file: ./log/Epitope3D_GraphBepi_-1/train.log
2026-07-10 21:05:19,240 | INFO | Preparing dataset artifacts for: Epitope3D
2026-07-10 21:05:19,240 | INFO | Dataset artifacts prepared successfully
2026-07-10 21:05:22,471 | INFO | Epitope3D - Full: Train=208, Val=52, Test=47
2026-07-10 21:05:22,471 | INFO | Train size: 260
2026-07-10 21:06:17,584 | INFO | Starting training
2026-07-10 21:06:17,584 | INFO | Log directory: ./log/Epitope3D_GraphBepi_-1
2026-07-10 21:06:17,584 | INFO | Log file: ./log/Epitope3D_GraphBepi_-1/train.log
2026-07-10 21:06:17,584 | INFO | Preparing dataset artifacts for: Epitope3D
2026-07-10 21:06:17,584 | INFO | Dataset artifacts prepared successfully
2026-07-10 21:06:19,530 | INFO | Epitope3D - Full: Train=208, Val=52, Test=47
2026-07-10 21:06:20,014 | INFO | Epoch 0 | val_loss 1.3520 | AUROC 0.4285 | AUPRC 0.0823
2026-07-10 21:06:24,341 | INFO | Epoch 0 | val_loss 0.5175 | AUROC 0.4972 | AUPRC 0.0748
2026-07-10 21:06:28,680 | INFO | Epoch 1 | val_loss 0.3242 | AUROC 0.5118 | AUPRC 0.0809
2026-07-10 21:07:06,469 | INFO | Starting training
2026-07-10 21:07:06,469 | INFO | Log directory: ./log/Epitope3D_GraphBepi_-1
2026-07-10 21:07:06,470 | INFO | Log file: ./log/Epitope3D_GraphBepi_-1/train.log
2026-07-10 21:07:06,470 | INFO | Preparing dataset artifacts for: Epitope3D
2026-07-10 21:07:06,470 | INFO | Dataset artifacts prepared successfully
2026-07-10 21:07:08,415 | INFO | Epitope3D - Full: Train=208, Val=52, Test=47
2026-07-10 21:07:08,871 | INFO | Epoch 0 | val_loss 1.3520 | AUROC 0.4285 | AUPRC 0.0823
2026-07-10 21:07:13,167 | INFO | Epoch 0 | val_loss 0.5175 | AUROC 0.4972 | AUPRC 0.0748
2026-07-10 21:07:17,534 | INFO | Epoch 1 | val_loss 0.3242 | AUROC 0.5118 | AUPRC 0.0809
2026-07-10 21:07:22,242 | INFO | Epoch 2 | val_loss 0.2860 | AUROC 0.5246 | AUPRC 0.0851
2026-07-10 21:07:26,891 | INFO | Epoch 3 | val_loss 0.2746 | AUROC 0.5460 | AUPRC 0.0930
2026-07-10 21:07:31,685 | INFO | Epoch 4 | val_loss 0.2685 | AUROC 0.5635 | AUPRC 0.1001
2026-07-10 21:07:36,605 | INFO | Epoch 5 | val_loss 0.2651 | AUROC 0.5809 | AUPRC 0.1080
2026-07-10 21:07:41,486 | INFO | Epoch 6 | val_loss 0.2631 | AUROC 0.5950 | AUPRC 0.1149
2026-07-10 21:07:46,635 | INFO | Epoch 7 | val_loss 0.2614 | AUROC 0.6088 | AUPRC 0.1208
2026-07-10 21:07:51,878 | INFO | Epoch 8 | val_loss 0.2600 | AUROC 0.6090 | AUPRC 0.1193
2026-07-10 21:07:56,955 | INFO | Epoch 9 | val_loss 0.2589 | AUROC 0.6157 | AUPRC 0.1217
2026-07-10 21:08:02,543 | INFO | Epoch 10 | val_loss 0.2580 | AUROC 0.6224 | AUPRC 0.1261
2026-07-10 21:08:08,000 | INFO | Epoch 11 | val_loss 0.2570 | AUROC 0.6285 | AUPRC 0.1270
2026-07-10 21:08:13,650 | INFO | Epoch 12 | val_loss 0.2562 | AUROC 0.6272 | AUPRC 0.1265
2026-07-10 21:08:19,434 | INFO | Epoch 13 | val_loss 0.2556 | AUROC 0.6291 | AUPRC 0.1274
2026-07-10 21:08:25,462 | INFO | Epoch 14 | val_loss 0.2544 | AUROC 0.6382 | AUPRC 0.1316
2026-07-10 21:08:31,476 | INFO | Epoch 15 | val_loss 0.2540 | AUROC 0.6409 | AUPRC 0.1335
2026-07-10 21:08:37,478 | INFO | Epoch 16 | val_loss 0.2531 | AUROC 0.6467 | AUPRC 0.1363
2026-07-10 21:08:43,714 | INFO | Epoch 17 | val_loss 0.2525 | AUROC 0.6480 | AUPRC 0.1373
2026-07-10 21:08:50,176 | INFO | Epoch 18 | val_loss 0.2516 | AUROC 0.6540 | AUPRC 0.1395
2026-07-10 21:08:56,735 | INFO | Epoch 19 | val_loss 0.2509 | AUROC 0.6593 | AUPRC 0.1424
2026-07-10 21:09:03,390 | INFO | Epoch 20 | val_loss 0.2504 | AUROC 0.6592 | AUPRC 0.1421
2026-07-10 21:09:10,157 | INFO | Epoch 21 | val_loss 0.2497 | AUROC 0.6634 | AUPRC 0.1444
2026-07-10 21:09:16,926 | INFO | Epoch 22 | val_loss 0.2495 | AUROC 0.6624 | AUPRC 0.1428
2026-07-10 21:09:24,002 | INFO | Epoch 23 | val_loss 0.2488 | AUROC 0.6677 | AUPRC 0.1460
2026-07-10 21:09:31,114 | INFO | Epoch 24 | val_loss 0.2482 | AUROC 0.6730 | AUPRC 0.1496
2026-07-10 21:09:38,302 | INFO | Epoch 25 | val_loss 0.2479 | AUROC 0.6720 | AUPRC 0.1489
2026-07-10 21:09:45,629 | INFO | Epoch 26 | val_loss 0.2477 | AUROC 0.6722 | AUPRC 0.1490
2026-07-10 21:09:52,995 | INFO | Epoch 27 | val_loss 0.2470 | AUROC 0.6771 | AUPRC 0.1515
2026-07-10 21:10:00,693 | INFO | Epoch 28 | val_loss 0.2469 | AUROC 0.6759 | AUPRC 0.1511
2026-07-10 21:10:08,331 | INFO | Epoch 29 | val_loss 0.2465 | AUROC 0.6770 | AUPRC 0.1513
2026-07-10 21:10:16,200 | INFO | Epoch 30 | val_loss 0.2465 | AUROC 0.6781 | AUPRC 0.1530
2026-07-10 21:10:24,132 | INFO | Epoch 31 | val_loss 0.2460 | AUROC 0.6801 | AUPRC 0.1524
2026-07-10 21:10:32,319 | INFO | Epoch 32 | val_loss 0.2462 | AUROC 0.6784 | AUPRC 0.1525
2026-07-10 21:10:40,585 | INFO | Epoch 33 | val_loss 0.2454 | AUROC 0.6831 | AUPRC 0.1548
2026-07-10 21:10:49,017 | INFO | Epoch 34 | val_loss 0.2456 | AUROC 0.6836 | AUPRC 0.1550
2026-07-10 21:10:57,474 | INFO | Epoch 35 | val_loss 0.2460 | AUROC 0.6840 | AUPRC 0.1559
2026-07-10 21:11:06,133 | INFO | Epoch 36 | val_loss 0.2454 | AUROC 0.6828 | AUPRC 0.1547
2026-07-10 21:11:14,778 | INFO | Epoch 37 | val_loss 0.2444 | AUROC 0.6876 | AUPRC 0.1577
2026-07-10 21:11:23,659 | INFO | Epoch 38 | val_loss 0.2446 | AUROC 0.6861 | AUPRC 0.1574
2026-07-10 21:11:32,595 | INFO | Epoch 39 | val_loss 0.2441 | AUROC 0.6898 | AUPRC 0.1586
2026-07-10 21:11:41,578 | INFO | Epoch 40 | val_loss 0.2437 | AUROC 0.6934 | AUPRC 0.1617
2026-07-10 21:11:50,955 | INFO | Epoch 41 | val_loss 0.2441 | AUROC 0.6915 | AUPRC 0.1607
2026-07-10 21:12:00,210 | INFO | Epoch 42 | val_loss 0.2436 | AUROC 0.6933 | AUPRC 0.1618
2026-07-10 21:12:09,787 | INFO | Epoch 43 | val_loss 0.2433 | AUROC 0.6959 | AUPRC 0.1623
2026-07-10 21:12:19,526 | INFO | Epoch 44 | val_loss 0.2427 | AUROC 0.6979 | AUPRC 0.1650
2026-07-10 21:12:29,424 | INFO | Epoch 45 | val_loss 0.2433 | AUROC 0.6964 | AUPRC 0.1645
2026-07-10 21:12:39,278 | INFO | Epoch 46 | val_loss 0.2429 | AUROC 0.6967 | AUPRC 0.1651
2026-07-10 21:12:49,305 | INFO | Epoch 47 | val_loss 0.2423 | AUROC 0.6992 | AUPRC 0.1649
2026-07-10 21:12:59,423 | INFO | Epoch 48 | val_loss 0.2421 | AUROC 0.6993 | AUPRC 0.1673
2026-07-10 21:13:09,652 | INFO | Epoch 49 | val_loss 0.2424 | AUROC 0.6982 | AUPRC 0.1660
2026-07-10 21:13:19,947 | INFO | Epoch 50 | val_loss 0.2421 | AUROC 0.6994 | AUPRC 0.1664
2026-07-10 21:13:30,451 | INFO | Epoch 51 | val_loss 0.2420 | AUROC 0.7015 | AUPRC 0.1678
2026-07-10 21:13:41,340 | INFO | Epoch 52 | val_loss 0.2411 | AUROC 0.7033 | AUPRC 0.1700
2026-07-10 21:13:52,302 | INFO | Epoch 53 | val_loss 0.2416 | AUROC 0.7014 | AUPRC 0.1683
2026-07-10 21:14:03,242 | INFO | Epoch 54 | val_loss 0.2408 | AUROC 0.7047 | AUPRC 0.1718
2026-07-10 21:14:14,280 | INFO | Epoch 55 | val_loss 0.2418 | AUROC 0.7012 | AUPRC 0.1684
2026-07-10 21:14:25,451 | INFO | Epoch 56 | val_loss 0.2411 | AUROC 0.7046 | AUPRC 0.1714
2026-07-10 21:14:36,745 | INFO | Epoch 57 | val_loss 0.2408 | AUROC 0.7052 | AUPRC 0.1710
2026-07-10 21:14:48,303 | INFO | Epoch 58 | val_loss 0.2400 | AUROC 0.7095 | AUPRC 0.1738
2026-07-10 21:14:59,845 | INFO | Epoch 59 | val_loss 0.2415 | AUROC 0.7049 | AUPRC 0.1711
2026-07-10 21:15:11,511 | INFO | Epoch 60 | val_loss 0.2405 | AUROC 0.7071 | AUPRC 0.1725
2026-07-10 21:15:23,289 | INFO | Epoch 61 | val_loss 0.2403 | AUROC 0.7092 | AUPRC 0.1748
2026-07-10 21:15:35,282 | INFO | Epoch 62 | val_loss 0.2401 | AUROC 0.7092 | AUPRC 0.1743
2026-07-10 21:15:47,553 | INFO | Epoch 63 | val_loss 0.2414 | AUROC 0.7071 | AUPRC 0.1733
2026-07-10 21:15:59,667 | INFO | Epoch 64 | val_loss 0.2404 | AUROC 0.7082 | AUPRC 0.1734
2026-07-10 21:16:12,046 | INFO | Epoch 65 | val_loss 0.2398 | AUROC 0.7099 | AUPRC 0.1740
2026-07-10 21:16:24,570 | INFO | Epoch 66 | val_loss 0.2397 | AUROC 0.7106 | AUPRC 0.1758
2026-07-10 21:16:37,182 | INFO | Epoch 67 | val_loss 0.2399 | AUROC 0.7102 | AUPRC 0.1756
2026-07-10 21:16:49,876 | INFO | Epoch 68 | val_loss 0.2402 | AUROC 0.7087 | AUPRC 0.1757
2026-07-10 21:17:03,040 | INFO | Epoch 69 | val_loss 0.2399 | AUROC 0.7104 | AUPRC 0.1768
2026-07-10 21:17:16,442 | INFO | Epoch 70 | val_loss 0.2405 | AUROC 0.7098 | AUPRC 0.1764
2026-07-10 21:17:29,704 | INFO | Epoch 71 | val_loss 0.2395 | AUROC 0.7113 | AUPRC 0.1770
2026-07-10 21:17:42,960 | INFO | Epoch 72 | val_loss 0.2384 | AUROC 0.7147 | AUPRC 0.1807
2026-07-10 21:17:56,358 | INFO | Epoch 73 | val_loss 0.2393 | AUROC 0.7132 | AUPRC 0.1776
2026-07-10 21:18:09,969 | INFO | Epoch 74 | val_loss 0.2406 | AUROC 0.7100 | AUPRC 0.1770
2026-07-10 21:18:23,700 | INFO | Epoch 75 | val_loss 0.2391 | AUROC 0.7155 | AUPRC 0.1810
2026-07-10 21:18:37,430 | INFO | Epoch 76 | val_loss 0.2401 | AUROC 0.7133 | AUPRC 0.1785
2026-07-10 21:18:51,437 | INFO | Epoch 77 | val_loss 0.2390 | AUROC 0.7145 | AUPRC 0.1778
2026-07-10 21:19:05,669 | INFO | Epoch 78 | val_loss 0.2385 | AUROC 0.7191 | AUPRC 0.1816
2026-07-10 21:19:19,977 | INFO | Epoch 79 | val_loss 0.2381 | AUROC 0.7187 | AUPRC 0.1812
2026-07-10 21:19:34,370 | INFO | Epoch 80 | val_loss 0.2380 | AUROC 0.7199 | AUPRC 0.1833
2026-07-10 21:19:49,030 | INFO | Epoch 81 | val_loss 0.2376 | AUROC 0.7206 | AUPRC 0.1835
2026-07-10 21:20:03,586 | INFO | Epoch 82 | val_loss 0.2381 | AUROC 0.7196 | AUPRC 0.1813
2026-07-10 21:20:18,475 | INFO | Epoch 83 | val_loss 0.2378 | AUROC 0.7222 | AUPRC 0.1831
2026-07-10 21:20:33,356 | INFO | Epoch 84 | val_loss 0.2372 | AUROC 0.7214 | AUPRC 0.1841
2026-07-10 21:20:48,641 | INFO | Epoch 85 | val_loss 0.2376 | AUROC 0.7228 | AUPRC 0.1847
2026-07-10 21:21:04,033 | INFO | Epoch 86 | val_loss 0.2365 | AUROC 0.7245 | AUPRC 0.1880
2026-07-10 21:21:19,546 | INFO | Epoch 87 | val_loss 0.2368 | AUROC 0.7267 | AUPRC 0.1864
2026-07-10 21:21:35,038 | INFO | Epoch 88 | val_loss 0.2374 | AUROC 0.7255 | AUPRC 0.1874
2026-07-10 21:21:50,653 | INFO | Epoch 89 | val_loss 0.2379 | AUROC 0.7237 | AUPRC 0.1835
2026-07-10 21:22:06,469 | INFO | Epoch 90 | val_loss 0.2387 | AUROC 0.7225 | AUPRC 0.1812
2026-07-10 21:22:22,567 | INFO | Epoch 91 | val_loss 0.2374 | AUROC 0.7263 | AUPRC 0.1865
2026-07-10 21:22:38,556 | INFO | Epoch 92 | val_loss 0.2352 | AUROC 0.7303 | AUPRC 0.1918
2026-07-10 21:22:54,733 | INFO | Epoch 93 | val_loss 0.2377 | AUROC 0.7233 | AUPRC 0.1856
2026-07-10 21:23:11,301 | INFO | Epoch 94 | val_loss 0.2368 | AUROC 0.7243 | AUPRC 0.1878
2026-07-10 21:23:27,913 | INFO | Epoch 95 | val_loss 0.2374 | AUROC 0.7238 | AUPRC 0.1862
2026-07-10 21:23:44,692 | INFO | Epoch 96 | val_loss 0.2366 | AUROC 0.7279 | AUPRC 0.1885
2026-07-10 21:24:01,486 | INFO | Epoch 97 | val_loss 0.2366 | AUROC 0.7273 | AUPRC 0.1900
2026-07-10 21:24:18,588 | INFO | Epoch 98 | val_loss 0.2360 | AUROC 0.7277 | AUPRC 0.1901
2026-07-10 21:24:35,774 | INFO | Epoch 99 | val_loss 0.2372 | AUROC 0.7242 | AUPRC 0.1871
2026-07-10 21:24:52,903 | INFO | Epoch 100 | val_loss 0.2360 | AUROC 0.7283 | AUPRC 0.1905
2026-07-10 21:25:10,200 | INFO | Epoch 101 | val_loss 0.2377 | AUROC 0.7243 | AUPRC 0.1877
2026-07-10 21:25:27,718 | INFO | Epoch 102 | val_loss 0.2354 | AUROC 0.7301 | AUPRC 0.1918
2026-07-10 21:25:45,340 | INFO | Epoch 103 | val_loss 0.2363 | AUROC 0.7302 | AUPRC 0.1909
2026-07-10 21:26:03,023 | INFO | Epoch 104 | val_loss 0.2361 | AUROC 0.7282 | AUPRC 0.1907
2026-07-10 21:26:20,978 | INFO | Epoch 105 | val_loss 0.2371 | AUROC 0.7279 | AUPRC 0.1885
2026-07-10 21:26:38,890 | INFO | Epoch 106 | val_loss 0.2357 | AUROC 0.7305 | AUPRC 0.1920
2026-07-10 21:26:57,026 | INFO | Epoch 107 | val_loss 0.2358 | AUROC 0.7293 | AUPRC 0.1897
2026-07-10 21:27:15,280 | INFO | Epoch 108 | val_loss 0.2355 | AUROC 0.7290 | AUPRC 0.1934
2026-07-10 21:27:33,770 | INFO | Epoch 109 | val_loss 0.2355 | AUROC 0.7305 | AUPRC 0.1934
2026-07-10 21:27:52,331 | INFO | Epoch 110 | val_loss 0.2361 | AUROC 0.7291 | AUPRC 0.1904
2026-07-10 21:28:11,100 | INFO | Epoch 111 | val_loss 0.2354 | AUROC 0.7312 | AUPRC 0.1933
2026-07-10 21:28:30,110 | INFO | Epoch 112 | val_loss 0.2367 | AUROC 0.7295 | AUPRC 0.1914
2026-07-10 21:28:48,907 | INFO | Epoch 113 | val_loss 0.2350 | AUROC 0.7321 | AUPRC 0.1952
2026-07-10 21:29:07,561 | INFO | Epoch 114 | val_loss 0.2376 | AUROC 0.7264 | AUPRC 0.1915
2026-07-10 21:29:26,320 | INFO | Epoch 115 | val_loss 0.2356 | AUROC 0.7309 | AUPRC 0.1922
2026-07-10 21:29:45,302 | INFO | Epoch 116 | val_loss 0.2367 | AUROC 0.7319 | AUPRC 0.1910
2026-07-10 21:30:04,503 | INFO | Epoch 117 | val_loss 0.2365 | AUROC 0.7296 | AUPRC 0.1923
2026-07-10 21:30:23,766 | INFO | Epoch 118 | val_loss 0.2355 | AUROC 0.7318 | AUPRC 0.1942
2026-07-10 21:30:43,351 | INFO | Epoch 119 | val_loss 0.2346 | AUROC 0.7340 | AUPRC 0.1964
2026-07-10 21:31:02,980 | INFO | Epoch 120 | val_loss 0.2361 | AUROC 0.7304 | AUPRC 0.1935
2026-07-10 21:31:22,542 | INFO | Epoch 121 | val_loss 0.2348 | AUROC 0.7340 | AUPRC 0.1982
2026-07-10 21:31:42,305 | INFO | Epoch 122 | val_loss 0.2362 | AUROC 0.7288 | AUPRC 0.1937
2026-07-10 21:32:02,239 | INFO | Epoch 123 | val_loss 0.2364 | AUROC 0.7278 | AUPRC 0.1904
2026-07-10 21:32:22,399 | INFO | Epoch 124 | val_loss 0.2344 | AUROC 0.7352 | AUPRC 0.1972
2026-07-10 21:32:42,781 | INFO | Epoch 125 | val_loss 0.2360 | AUROC 0.7332 | AUPRC 0.1958
2026-07-10 21:33:03,030 | INFO | Epoch 126 | val_loss 0.2369 | AUROC 0.7270 | AUPRC 0.1889
2026-07-10 21:33:23,689 | INFO | Epoch 127 | val_loss 0.2349 | AUROC 0.7337 | AUPRC 0.1977
2026-07-10 21:33:44,599 | INFO | Epoch 128 | val_loss 0.2356 | AUROC 0.7329 | AUPRC 0.1960
2026-07-10 21:34:05,498 | INFO | Epoch 129 | val_loss 0.2355 | AUROC 0.7318 | AUPRC 0.1952
2026-07-10 21:34:26,433 | INFO | Epoch 130 | val_loss 0.2355 | AUROC 0.7340 | AUPRC 0.2006
2026-07-10 21:34:47,488 | INFO | Epoch 131 | val_loss 0.2349 | AUROC 0.7345 | AUPRC 0.1964
2026-07-10 21:35:08,884 | INFO | Epoch 132 | val_loss 0.2352 | AUROC 0.7331 | AUPRC 0.1972
2026-07-10 21:35:30,516 | INFO | Epoch 133 | val_loss 0.2339 | AUROC 0.7383 | AUPRC 0.2042
2026-07-10 21:35:52,097 | INFO | Epoch 134 | val_loss 0.2365 | AUROC 0.7301 | AUPRC 0.1960
2026-07-10 21:36:13,803 | INFO | Epoch 135 | val_loss 0.2332 | AUROC 0.7393 | AUPRC 0.2031
2026-07-10 21:36:35,655 | INFO | Epoch 136 | val_loss 0.2345 | AUROC 0.7358 | AUPRC 0.1979
2026-07-10 21:36:57,514 | INFO | Epoch 137 | val_loss 0.2342 | AUROC 0.7372 | AUPRC 0.1971
2026-07-10 21:37:19,633 | INFO | Epoch 138 | val_loss 0.2329 | AUROC 0.7408 | AUPRC 0.2041
2026-07-10 21:37:42,191 | INFO | Epoch 139 | val_loss 0.2333 | AUROC 0.7394 | AUPRC 0.2019
2026-07-10 21:38:04,777 | INFO | Epoch 140 | val_loss 0.2342 | AUROC 0.7357 | AUPRC 0.2023
2026-07-10 21:38:27,471 | INFO | Epoch 141 | val_loss 0.2340 | AUROC 0.7382 | AUPRC 0.1993
2026-07-10 21:38:50,480 | INFO | Epoch 142 | val_loss 0.2356 | AUROC 0.7345 | AUPRC 0.2017
2026-07-10 21:39:13,414 | INFO | Epoch 143 | val_loss 0.2344 | AUROC 0.7359 | AUPRC 0.1976
2026-07-10 21:39:36,565 | INFO | Epoch 144 | val_loss 0.2344 | AUROC 0.7379 | AUPRC 0.2005
2026-07-10 21:39:59,804 | INFO | Epoch 145 | val_loss 0.2343 | AUROC 0.7361 | AUPRC 0.1970
2026-07-10 21:40:23,082 | INFO | Epoch 146 | val_loss 0.2335 | AUROC 0.7405 | AUPRC 0.1997
2026-07-10 21:40:46,776 | INFO | Epoch 147 | val_loss 0.2349 | AUROC 0.7373 | AUPRC 0.1965
2026-07-10 21:41:10,169 | INFO | Epoch 148 | val_loss 0.2330 | AUROC 0.7419 | AUPRC 0.2009
2026-07-10 21:41:33,904 | INFO | Epoch 149 | val_loss 0.2347 | AUROC 0.7371 | AUPRC 0.2011
2026-07-10 21:41:57,940 | INFO | Epoch 150 | val_loss 0.2334 | AUROC 0.7396 | AUPRC 0.2004
2026-07-10 21:42:22,185 | INFO | Epoch 151 | val_loss 0.2331 | AUROC 0.7392 | AUPRC 0.2022
2026-07-10 21:42:46,397 | INFO | Epoch 152 | val_loss 0.2329 | AUROC 0.7410 | AUPRC 0.2030
2026-07-10 21:43:11,000 | INFO | Epoch 153 | val_loss 0.2337 | AUROC 0.7389 | AUPRC 0.1991
2026-07-10 21:43:35,455 | INFO | Epoch 154 | val_loss 0.2334 | AUROC 0.7415 | AUPRC 0.2003
2026-07-10 21:44:00,008 | INFO | Epoch 155 | val_loss 0.2328 | AUROC 0.7427 | AUPRC 0.2029
2026-07-10 21:44:24,721 | INFO | Epoch 156 | val_loss 0.2339 | AUROC 0.7419 | AUPRC 0.2023
2026-07-10 21:44:49,792 | INFO | Epoch 157 | val_loss 0.2336 | AUROC 0.7413 | AUPRC 0.2023
2026-07-10 21:45:14,889 | INFO | Epoch 158 | val_loss 0.2324 | AUROC 0.7436 | AUPRC 0.2063
2026-07-10 21:45:40,105 | INFO | Epoch 159 | val_loss 0.2325 | AUROC 0.7438 | AUPRC 0.2033
2026-07-10 21:46:05,391 | INFO | Epoch 160 | val_loss 0.2340 | AUROC 0.7397 | AUPRC 0.2031
2026-07-10 21:46:31,059 | INFO | Epoch 161 | val_loss 0.2325 | AUROC 0.7450 | AUPRC 0.2055
2026-07-10 21:46:57,427 | INFO | Epoch 162 | val_loss 0.2326 | AUROC 0.7442 | AUPRC 0.2072
2026-07-10 21:47:23,193 | INFO | Epoch 163 | val_loss 0.2335 | AUROC 0.7418 | AUPRC 0.2033
2026-07-10 21:47:49,254 | INFO | Epoch 164 | val_loss 0.2339 | AUROC 0.7409 | AUPRC 0.2028
2026-07-10 21:48:15,143 | INFO | Epoch 165 | val_loss 0.2330 | AUROC 0.7436 | AUPRC 0.2069
2026-07-10 21:48:41,339 | INFO | Epoch 166 | val_loss 0.2330 | AUROC 0.7424 | AUPRC 0.2037
2026-07-10 21:49:07,549 | INFO | Epoch 167 | val_loss 0.2328 | AUROC 0.7422 | AUPRC 0.2039
2026-07-10 21:49:33,913 | INFO | Epoch 168 | val_loss 0.2332 | AUROC 0.7413 | AUPRC 0.2031
2026-07-10 21:50:00,432 | INFO | Epoch 169 | val_loss 0.2318 | AUROC 0.7464 | AUPRC 0.2085
2026-07-10 21:50:27,096 | INFO | Epoch 170 | val_loss 0.2332 | AUROC 0.7422 | AUPRC 0.2046
2026-07-10 21:50:53,938 | INFO | Epoch 171 | val_loss 0.2322 | AUROC 0.7452 | AUPRC 0.2075
2026-07-10 21:51:20,902 | INFO | Epoch 172 | val_loss 0.2319 | AUROC 0.7458 | AUPRC 0.2071
2026-07-10 21:51:47,881 | INFO | Epoch 173 | val_loss 0.2327 | AUROC 0.7456 | AUPRC 0.2040
2026-07-10 21:52:15,218 | INFO | Epoch 174 | val_loss 0.2332 | AUROC 0.7423 | AUPRC 0.2076
2026-07-10 21:52:42,784 | INFO | Epoch 175 | val_loss 0.2317 | AUROC 0.7478 | AUPRC 0.2079
2026-07-10 21:53:10,252 | INFO | Epoch 176 | val_loss 0.2326 | AUROC 0.7451 | AUPRC 0.2051
2026-07-10 21:53:37,954 | INFO | Epoch 177 | val_loss 0.2316 | AUROC 0.7472 | AUPRC 0.2108
2026-07-10 21:54:05,792 | INFO | Epoch 178 | val_loss 0.2327 | AUROC 0.7436 | AUPRC 0.2050
2026-07-10 21:54:34,035 | INFO | Epoch 179 | val_loss 0.2321 | AUROC 0.7451 | AUPRC 0.2091
2026-07-10 21:55:02,135 | INFO | Epoch 180 | val_loss 0.2332 | AUROC 0.7440 | AUPRC 0.2056
2026-07-10 21:55:30,515 | INFO | Epoch 181 | val_loss 0.2317 | AUROC 0.7483 | AUPRC 0.2100
2026-07-10 21:55:58,817 | INFO | Epoch 182 | val_loss 0.2313 | AUROC 0.7491 | AUPRC 0.2088
2026-07-10 21:56:27,464 | INFO | Epoch 183 | val_loss 0.2317 | AUROC 0.7474 | AUPRC 0.2082
2026-07-10 21:56:56,257 | INFO | Epoch 184 | val_loss 0.2322 | AUROC 0.7472 | AUPRC 0.2073
2026-07-10 21:57:25,038 | INFO | Epoch 185 | val_loss 0.2316 | AUROC 0.7493 | AUPRC 0.2097
2026-07-10 21:57:54,096 | INFO | Epoch 186 | val_loss 0.2319 | AUROC 0.7478 | AUPRC 0.2062
2026-07-10 21:58:23,360 | INFO | Epoch 187 | val_loss 0.2312 | AUROC 0.7497 | AUPRC 0.2097
2026-07-10 21:58:53,083 | INFO | Epoch 188 | val_loss 0.2316 | AUROC 0.7498 | AUPRC 0.2095
2026-07-10 21:59:22,548 | INFO | Epoch 189 | val_loss 0.2314 | AUROC 0.7489 | AUPRC 0.2084
2026-07-10 21:59:51,989 | INFO | Epoch 190 | val_loss 0.2309 | AUROC 0.7499 | AUPRC 0.2124
2026-07-10 22:00:21,611 | INFO | Epoch 191 | val_loss 0.2299 | AUROC 0.7541 | AUPRC 0.2141
2026-07-10 22:00:51,679 | INFO | Epoch 192 | val_loss 0.2306 | AUROC 0.7520 | AUPRC 0.2120
2026-07-10 22:01:21,845 | INFO | Epoch 193 | val_loss 0.2309 | AUROC 0.7500 | AUPRC 0.2130
2026-07-10 22:01:52,012 | INFO | Epoch 194 | val_loss 0.2307 | AUROC 0.7527 | AUPRC 0.2119
2026-07-10 22:02:22,029 | INFO | Epoch 195 | val_loss 0.2306 | AUROC 0.7514 | AUPRC 0.2140
2026-07-10 22:02:52,637 | INFO | Epoch 196 | val_loss 0.2308 | AUROC 0.7515 | AUPRC 0.2115
2026-07-10 22:03:23,222 | INFO | Epoch 197 | val_loss 0.2303 | AUROC 0.7551 | AUPRC 0.2149
2026-07-10 22:03:53,829 | INFO | Epoch 198 | val_loss 0.2300 | AUROC 0.7536 | AUPRC 0.2151
2026-07-10 22:04:24,754 | INFO | Epoch 199 | val_loss 0.2309 | AUROC 0.7503 | AUPRC 0.2119
2026-07-10 22:04:55,596 | INFO | Epoch 200 | val_loss 0.2309 | AUROC 0.7509 | AUPRC 0.2128
2026-07-10 22:05:26,615 | INFO | Epoch 201 | val_loss 0.2300 | AUROC 0.7531 | AUPRC 0.2147
2026-07-10 22:05:57,878 | INFO | Epoch 202 | val_loss 0.2313 | AUROC 0.7493 | AUPRC 0.2127
2026-07-10 22:06:29,535 | INFO | Epoch 203 | val_loss 0.2311 | AUROC 0.7504 | AUPRC 0.2141
2026-07-10 22:07:00,740 | INFO | Epoch 204 | val_loss 0.2306 | AUROC 0.7527 | AUPRC 0.2140
2026-07-10 22:07:32,472 | INFO | Epoch 205 | val_loss 0.2307 | AUROC 0.7514 | AUPRC 0.2157
2026-07-10 22:08:04,302 | INFO | Epoch 206 | val_loss 0.2302 | AUROC 0.7535 | AUPRC 0.2159
2026-07-10 22:08:36,313 | INFO | Epoch 207 | val_loss 0.2309 | AUROC 0.7531 | AUPRC 0.2143
2026-07-10 22:09:08,389 | INFO | Epoch 208 | val_loss 0.2310 | AUROC 0.7522 | AUPRC 0.2120
2026-07-10 22:09:40,663 | INFO | Epoch 209 | val_loss 0.2309 | AUROC 0.7523 | AUPRC 0.2126
2026-07-10 22:10:12,978 | INFO | Epoch 210 | val_loss 0.2308 | AUROC 0.7513 | AUPRC 0.2136
2026-07-10 22:10:45,632 | INFO | Epoch 211 | val_loss 0.2307 | AUROC 0.7519 | AUPRC 0.2127
2026-07-10 22:11:18,545 | INFO | Epoch 212 | val_loss 0.2306 | AUROC 0.7523 | AUPRC 0.2142
2026-07-10 22:11:51,162 | INFO | Epoch 213 | val_loss 0.2312 | AUROC 0.7504 | AUPRC 0.2130
2026-07-10 22:12:24,327 | INFO | Epoch 214 | val_loss 0.2309 | AUROC 0.7495 | AUPRC 0.2151
2026-07-10 22:12:57,318 | INFO | Epoch 215 | val_loss 0.2312 | AUROC 0.7495 | AUPRC 0.2142
2026-07-10 22:13:30,473 | INFO | Epoch 216 | val_loss 0.2301 | AUROC 0.7535 | AUPRC 0.2158
2026-07-10 22:14:03,858 | INFO | Epoch 217 | val_loss 0.2314 | AUROC 0.7490 | AUPRC 0.2129
2026-07-10 22:14:37,500 | INFO | Epoch 218 | val_loss 0.2305 | AUROC 0.7522 | AUPRC 0.2156
2026-07-10 22:15:11,348 | INFO | Epoch 219 | val_loss 0.2309 | AUROC 0.7515 | AUPRC 0.2141
2026-07-10 22:15:45,400 | INFO | Epoch 220 | val_loss 0.2304 | AUROC 0.7524 | AUPRC 0.2142
2026-07-10 22:16:19,186 | INFO | Epoch 221 | val_loss 0.2307 | AUROC 0.7529 | AUPRC 0.2173
2026-07-10 22:16:53,240 | INFO | Epoch 222 | val_loss 0.2305 | AUROC 0.7523 | AUPRC 0.2166
2026-07-10 22:17:27,229 | INFO | Epoch 223 | val_loss 0.2310 | AUROC 0.7514 | AUPRC 0.2161
2026-07-10 22:18:01,437 | INFO | Epoch 224 | val_loss 0.2300 | AUROC 0.7543 | AUPRC 0.2165
2026-07-10 22:18:35,935 | INFO | Epoch 225 | val_loss 0.2305 | AUROC 0.7542 | AUPRC 0.2155
2026-07-10 22:19:10,647 | INFO | Epoch 226 | val_loss 0.2315 | AUROC 0.7499 | AUPRC 0.2150
2026-07-10 22:19:45,969 | INFO | Epoch 227 | val_loss 0.2319 | AUROC 0.7493 | AUPRC 0.2155
2026-07-10 22:20:20,900 | INFO | Epoch 228 | val_loss 0.2314 | AUROC 0.7513 | AUPRC 0.2143
2026-07-10 22:20:56,107 | INFO | Epoch 229 | val_loss 0.2299 | AUROC 0.7531 | AUPRC 0.2204
2026-07-10 22:21:31,506 | INFO | Epoch 230 | val_loss 0.2305 | AUROC 0.7529 | AUPRC 0.2189
2026-07-10 22:22:06,981 | INFO | Epoch 231 | val_loss 0.2312 | AUROC 0.7502 | AUPRC 0.2136
2026-07-10 22:22:42,630 | INFO | Epoch 232 | val_loss 0.2319 | AUROC 0.7483 | AUPRC 0.2145
2026-07-10 22:23:18,272 | INFO | Epoch 233 | val_loss 0.2300 | AUROC 0.7554 | AUPRC 0.2177
2026-07-10 22:23:54,188 | INFO | Epoch 234 | val_loss 0.2324 | AUROC 0.7490 | AUPRC 0.2136
2026-07-10 22:24:30,272 | INFO | Epoch 235 | val_loss 0.2302 | AUROC 0.7536 | AUPRC 0.2216
2026-07-10 22:25:06,748 | INFO | Epoch 236 | val_loss 0.2311 | AUROC 0.7502 | AUPRC 0.2175
2026-07-10 22:25:43,413 | INFO | Epoch 237 | val_loss 0.2311 | AUROC 0.7508 | AUPRC 0.2155
2026-07-10 22:26:19,627 | INFO | Epoch 238 | val_loss 0.2310 | AUROC 0.7513 | AUPRC 0.2152
2026-07-10 22:26:56,296 | INFO | Epoch 239 | val_loss 0.2300 | AUROC 0.7555 | AUPRC 0.2195
2026-07-10 22:27:33,063 | INFO | Epoch 240 | val_loss 0.2310 | AUROC 0.7517 | AUPRC 0.2175
2026-07-10 22:28:09,819 | INFO | Epoch 241 | val_loss 0.2305 | AUROC 0.7513 | AUPRC 0.2196
2026-07-10 22:28:46,821 | INFO | Epoch 242 | val_loss 0.2315 | AUROC 0.7509 | AUPRC 0.2159
2026-07-10 22:29:24,027 | INFO | Epoch 243 | val_loss 0.2315 | AUROC 0.7498 | AUPRC 0.2136
2026-07-10 22:30:01,495 | INFO | Epoch 244 | val_loss 0.2304 | AUROC 0.7529 | AUPRC 0.2172
2026-07-10 22:30:38,791 | INFO | Epoch 245 | val_loss 0.2291 | AUROC 0.7567 | AUPRC 0.2215
2026-07-10 22:31:16,497 | INFO | Epoch 246 | val_loss 0.2305 | AUROC 0.7533 | AUPRC 0.2184
2026-07-10 22:31:53,975 | INFO | Epoch 247 | val_loss 0.2307 | AUROC 0.7529 | AUPRC 0.2151
2026-07-10 22:32:31,543 | INFO | Epoch 248 | val_loss 0.2306 | AUROC 0.7518 | AUPRC 0.2202
2026-07-10 22:33:09,650 | INFO | Epoch 249 | val_loss 0.2312 | AUROC 0.7506 | AUPRC 0.2165
2026-07-10 22:33:47,740 | INFO | Epoch 250 | val_loss 0.2319 | AUROC 0.7477 | AUPRC 0.2151
2026-07-10 22:34:26,053 | INFO | Epoch 251 | val_loss 0.2313 | AUROC 0.7515 | AUPRC 0.2150
2026-07-10 22:35:04,527 | INFO | Epoch 252 | val_loss 0.2313 | AUROC 0.7521 | AUPRC 0.2156
2026-07-10 22:35:43,132 | INFO | Epoch 253 | val_loss 0.2316 | AUROC 0.7503 | AUPRC 0.2170
2026-07-10 22:36:21,921 | INFO | Epoch 254 | val_loss 0.2316 | AUROC 0.7514 | AUPRC 0.2178
2026-07-10 22:37:00,741 | INFO | Epoch 255 | val_loss 0.2308 | AUROC 0.7527 | AUPRC 0.2186
2026-07-10 22:37:39,762 | INFO | Epoch 256 | val_loss 0.2306 | AUROC 0.7533 | AUPRC 0.2192
2026-07-10 22:38:18,695 | INFO | Epoch 257 | val_loss 0.2312 | AUROC 0.7518 | AUPRC 0.2153
2026-07-10 22:38:57,860 | INFO | Epoch 258 | val_loss 0.2318 | AUROC 0.7506 | AUPRC 0.2140
2026-07-10 22:39:37,269 | INFO | Epoch 259 | val_loss 0.2293 | AUROC 0.7574 | AUPRC 0.2217
2026-07-10 22:40:17,036 | INFO | Epoch 260 | val_loss 0.2302 | AUROC 0.7543 | AUPRC 0.2189
2026-07-10 22:40:56,910 | INFO | Epoch 261 | val_loss 0.2310 | AUROC 0.7537 | AUPRC 0.2203
2026-07-10 22:41:37,025 | INFO | Epoch 262 | val_loss 0.2303 | AUROC 0.7540 | AUPRC 0.2204
2026-07-10 22:42:17,192 | INFO | Epoch 263 | val_loss 0.2320 | AUROC 0.7494 | AUPRC 0.2158
2026-07-10 22:42:57,626 | INFO | Epoch 264 | val_loss 0.2303 | AUROC 0.7544 | AUPRC 0.2190
2026-07-10 22:43:38,184 | INFO | Epoch 265 | val_loss 0.2306 | AUROC 0.7528 | AUPRC 0.2189
2026-07-10 22:44:18,547 | INFO | Epoch 266 | val_loss 0.2308 | AUROC 0.7520 | AUPRC 0.2181
2026-07-10 22:44:59,319 | INFO | Epoch 267 | val_loss 0.2316 | AUROC 0.7523 | AUPRC 0.2167
2026-07-10 22:45:40,187 | INFO | Epoch 268 | val_loss 0.2319 | AUROC 0.7515 | AUPRC 0.2157
2026-07-10 22:46:21,153 | INFO | Epoch 269 | val_loss 0.2319 | AUROC 0.7493 | AUPRC 0.2132
2026-07-10 22:47:02,192 | INFO | Epoch 270 | val_loss 0.2303 | AUROC 0.7555 | AUPRC 0.2200
2026-07-10 22:47:43,284 | INFO | Epoch 271 | val_loss 0.2334 | AUROC 0.7497 | AUPRC 0.2143
2026-07-10 22:48:24,674 | INFO | Epoch 272 | val_loss 0.2305 | AUROC 0.7534 | AUPRC 0.2170
2026-07-10 22:49:06,141 | INFO | Epoch 273 | val_loss 0.2311 | AUROC 0.7540 | AUPRC 0.2173
2026-07-10 22:49:47,768 | INFO | Epoch 274 | val_loss 0.2298 | AUROC 0.7580 | AUPRC 0.2198
2026-07-10 22:50:29,378 | INFO | Epoch 275 | val_loss 0.2302 | AUROC 0.7565 | AUPRC 0.2203
2026-07-10 22:51:11,212 | INFO | Epoch 276 | val_loss 0.2291 | AUROC 0.7586 | AUPRC 0.2236
2026-07-10 22:51:53,099 | INFO | Epoch 277 | val_loss 0.2301 | AUROC 0.7553 | AUPRC 0.2226
2026-07-10 22:52:35,314 | INFO | Epoch 278 | val_loss 0.2307 | AUROC 0.7531 | AUPRC 0.2204
2026-07-10 22:53:17,639 | INFO | Epoch 279 | val_loss 0.2319 | AUROC 0.7503 | AUPRC 0.2151
2026-07-10 22:53:59,905 | INFO | Epoch 280 | val_loss 0.2313 | AUROC 0.7522 | AUPRC 0.2177
2026-07-10 22:54:42,587 | INFO | Epoch 281 | val_loss 0.2303 | AUROC 0.7550 | AUPRC 0.2177
2026-07-10 22:55:25,278 | INFO | Epoch 282 | val_loss 0.2302 | AUROC 0.7574 | AUPRC 0.2211
2026-07-10 22:56:08,181 | INFO | Epoch 283 | val_loss 0.2308 | AUROC 0.7552 | AUPRC 0.2169
2026-07-10 22:56:50,989 | INFO | Epoch 284 | val_loss 0.2304 | AUROC 0.7555 | AUPRC 0.2192
2026-07-10 22:57:34,269 | INFO | Epoch 285 | val_loss 0.2307 | AUROC 0.7553 | AUPRC 0.2172
2026-07-10 22:58:17,666 | INFO | Epoch 286 | val_loss 0.2299 | AUROC 0.7551 | AUPRC 0.2258
2026-07-10 22:59:01,112 | INFO | Epoch 287 | val_loss 0.2309 | AUROC 0.7540 | AUPRC 0.2186
2026-07-10 22:59:44,895 | INFO | Epoch 288 | val_loss 0.2307 | AUROC 0.7535 | AUPRC 0.2181
2026-07-10 23:00:28,823 | INFO | Epoch 289 | val_loss 0.2316 | AUROC 0.7533 | AUPRC 0.2169
2026-07-10 23:01:12,778 | INFO | Epoch 290 | val_loss 0.2306 | AUROC 0.7559 | AUPRC 0.2205
2026-07-10 23:01:57,008 | INFO | Epoch 291 | val_loss 0.2305 | AUROC 0.7537 | AUPRC 0.2207
2026-07-10 23:02:41,432 | INFO | Epoch 292 | val_loss 0.2302 | AUROC 0.7565 | AUPRC 0.2193
2026-07-10 23:03:26,077 | INFO | Epoch 293 | val_loss 0.2298 | AUROC 0.7570 | AUPRC 0.2234
2026-07-10 23:04:10,910 | INFO | Epoch 294 | val_loss 0.2306 | AUROC 0.7557 | AUPRC 0.2216
2026-07-10 23:04:55,785 | INFO | Epoch 295 | val_loss 0.2304 | AUROC 0.7558 | AUPRC 0.2214
2026-07-10 23:05:40,559 | INFO | Epoch 296 | val_loss 0.2299 | AUROC 0.7559 | AUPRC 0.2241
2026-07-10 23:06:25,693 | INFO | Epoch 297 | val_loss 0.2310 | AUROC 0.7543 | AUPRC 0.2174
2026-07-10 23:07:10,885 | INFO | Epoch 298 | val_loss 0.2295 | AUROC 0.7581 | AUPRC 0.2245
2026-07-10 23:07:56,206 | INFO | Epoch 299 | val_loss 0.2304 | AUROC 0.7555 | AUPRC 0.2202
