2026-07-10 13:35:38,154 | INFO | ======================================================================
2026-07-10 13:35:38,154 | INFO | STARTING XGBOOST TRAINING
2026-07-10 13:35:38,154 | INFO | Timestamp: 2026-07-10 13:35:38
2026-07-10 13:35:38,154 | INFO | Command: train_xgb.py --root ./data/BCE_633 --out ./BCE_633/tabular --split train --use-gnn --pca-dim 10
2026-07-10 13:35:38,154 | INFO | Arguments: {'root': './data/BCE_633', 'out': './BCE_633/tabular', 'split': 'train', 'out_model': './model/xgb_model.joblib', 'use_gnn': True, 'pca_dim': 10, 'seeds': '42,202,777', 'log_dir': './logs', 'log_name': None, 'log_level': 20, 'dataset': 'BCE_633', 'n_estimators': 3000, 'early_stopping': 50, 'log_interval': 10}
2026-07-10 13:35:38,154 | INFO | Log file: ./logs/xgb_train_20260710_133538.log
2026-07-10 13:35:38,154 | INFO | ======================================================================
2026-07-10 13:35:38,154 | INFO | 
--------------------------------------------------
2026-07-10 13:35:38,154 | INFO | STEP 1: LOADING DATA
2026-07-10 13:35:38,154 | INFO | --------------------------------------------------
2026-07-10 13:35:38,154 | INFO | Loading/exporting data...
2026-07-10 13:35:38,154 | INFO | Using merged features from ./BCE_633/tabular/train_merged.npz
2026-07-10 13:35:44,275 | INFO | Data shape: X=(135890, 3903), y=(135890,)
2026-07-10 13:35:44,275 | INFO | Unique proteins: 577
2026-07-10 13:35:44,275 | INFO | Total positive residues: 15981 (11.76%)
2026-07-10 13:35:44,275 | INFO | Total negative residues: 119909 (88.24%)
2026-07-10 13:35:44,275 | INFO | 
--------------------------------------------------
2026-07-10 13:35:44,275 | INFO | STEP 2: SPLITTING DATA (GroupShuffleSplit by protein)
2026-07-10 13:35:44,275 | INFO | --------------------------------------------------
2026-07-10 13:35:44,275 | INFO | Using train set from file...
2026-07-10 13:35:44,275 | INFO | Loading test set from: ./BCE_633/tabular/test_merged.npz
2026-07-10 13:35:44,998 | INFO | Train set: 135890 residues from 577 proteins
2026-07-10 13:35:44,998 | INFO |   Positive: 15981 (11.76%)
2026-07-10 13:35:44,999 | INFO |   Negative: 119909 (88.24%)
2026-07-10 13:35:44,999 | INFO | Test set: 15543 residues
2026-07-10 13:35:44,999 | INFO |   Positive: 1393 (8.96%)
2026-07-10 13:35:44,999 | INFO |   Negative: 14150 (91.04%)
2026-07-10 13:35:44,999 | INFO | 
--------------------------------------------------
2026-07-10 13:35:44,999 | INFO | STEP 3: SPLITTING TRAIN/VALIDATION (90/10)
2026-07-10 13:35:44,999 | INFO | --------------------------------------------------
2026-07-10 13:35:45,274 | INFO | Training set: 123505 residues
2026-07-10 13:35:45,275 | INFO |   Positive: 14026 (11.36%)
2026-07-10 13:35:45,275 | INFO |   Negative: 109479 (88.64%)
2026-07-10 13:35:45,275 | INFO | Validation set: 12385 residues
2026-07-10 13:35:45,275 | INFO |   Positive: 1955 (15.79%)
2026-07-10 13:35:45,275 | INFO |   Negative: 10430 (84.21%)
2026-07-10 13:35:45,275 | INFO | 
Scale_pos_weight: 7.81 (neg/pos ratio)
2026-07-10 13:35:45,275 | INFO | 
======================================================================
2026-07-10 13:35:45,275 | INFO | STEP 4: TRAINING XGBOOST ENSEMBLE
2026-07-10 13:35:45,275 | INFO | ======================================================================
2026-07-10 13:35:45,275 | INFO | Seeds: [42, 202, 777]
2026-07-10 13:35:45,275 | INFO | 
============================================================
2026-07-10 13:35:45,275 | INFO | Model 1/3: Conservative
2026-07-10 13:35:45,275 | INFO | Seed: 42
2026-07-10 13:35:45,275 | INFO | Hyperparameters:
2026-07-10 13:35:45,275 | INFO |   max_depth: 4
2026-07-10 13:35:45,275 | INFO |   learning_rate: 0.05
2026-07-10 13:35:45,275 | INFO |   subsample: 0.85
2026-07-10 13:35:45,275 | INFO |   colsample_bytree: 0.65
2026-07-10 13:35:45,275 | INFO |   min_child_weight: 10
2026-07-10 13:35:45,275 | INFO |   reg_lambda: 5.0
2026-07-10 13:35:45,275 | INFO |   reg_alpha: 1.0
2026-07-10 13:35:45,275 | INFO |   gamma: 2.0
2026-07-10 13:35:45,275 | INFO | ============================================================
2026-07-10 13:35:45,275 | INFO | Training...
