2026-07-10 14:49:36,258 | INFO | ======================================================================
2026-07-10 14:49:36,258 | INFO | STARTING XGBOOST TRAINING
2026-07-10 14:49:36,258 | INFO | Timestamp: 2026-07-10 14:49:36
2026-07-10 14:49:36,258 | INFO | Command: train_xgb.py --root ./data/BCE_633 --out ./BCE_633/tabular --split train --use-gnn --pca-dim 64
2026-07-10 14:49:36,258 | INFO | Arguments: {'root': './data/BCE_633', 'out': './BCE_633/tabular', 'split': 'train', 'out_model': './model/xgb_model.joblib', 'use_gnn': True, 'pca_dim': 64, 'seeds': '42,202,777', 'log_dir': './logs', 'log_name': None, 'log_level': 20, 'dataset': 'BCE_633', 'n_estimators': 3000, 'early_stopping': 50, 'log_interval': 10}
2026-07-10 14:49:36,258 | INFO | Log file: ./logs/xgb_train_20260710_144936.log
2026-07-10 14:49:36,258 | INFO | ======================================================================
2026-07-10 14:49:36,258 | INFO | 
--------------------------------------------------
2026-07-10 14:49:36,258 | INFO | STEP 1: LOADING DATA
2026-07-10 14:49:36,258 | INFO | --------------------------------------------------
2026-07-10 14:49:36,258 | INFO | Loading/exporting data...
2026-07-10 14:49:36,258 | INFO | Using merged features from ./BCE_633/tabular/train_merged.npz
2026-07-10 14:49:42,986 | INFO | Data shape: X=(135890, 3957), y=(135890,)
2026-07-10 14:49:42,986 | INFO | Unique proteins: 577
2026-07-10 14:49:42,986 | INFO | Total positive residues: 15981 (11.76%)
2026-07-10 14:49:42,986 | INFO | Total negative residues: 119909 (88.24%)
2026-07-10 14:49:42,986 | INFO | 
--------------------------------------------------
2026-07-10 14:49:42,986 | INFO | STEP 2: SPLITTING DATA (GroupShuffleSplit by protein)
2026-07-10 14:49:42,986 | INFO | --------------------------------------------------
2026-07-10 14:49:42,986 | INFO | Using train set from file...
2026-07-10 14:49:42,986 | INFO | Loading test set from: ./BCE_633/tabular/test_merged.npz
2026-07-10 14:49:43,777 | INFO | Train set: 135890 residues from 577 proteins
2026-07-10 14:49:43,777 | INFO |   Positive: 15981 (11.76%)
2026-07-10 14:49:43,778 | INFO |   Negative: 119909 (88.24%)
2026-07-10 14:49:43,778 | INFO | Test set: 15543 residues
2026-07-10 14:49:43,778 | INFO |   Positive: 1393 (8.96%)
2026-07-10 14:49:43,778 | INFO |   Negative: 14150 (91.04%)
2026-07-10 14:49:43,778 | INFO | 
--------------------------------------------------
2026-07-10 14:49:43,778 | INFO | STEP 3: SPLITTING TRAIN/VALIDATION (90/10)
2026-07-10 14:49:43,778 | INFO | --------------------------------------------------
2026-07-10 14:49:44,065 | INFO | Training set: 123505 residues
2026-07-10 14:49:44,065 | INFO |   Positive: 14026 (11.36%)
2026-07-10 14:49:44,065 | INFO |   Negative: 109479 (88.64%)
2026-07-10 14:49:44,065 | INFO | Validation set: 12385 residues
2026-07-10 14:49:44,065 | INFO |   Positive: 1955 (15.79%)
2026-07-10 14:49:44,065 | INFO |   Negative: 10430 (84.21%)
2026-07-10 14:49:44,065 | INFO | 
Scale_pos_weight: 7.81 (neg/pos ratio)
2026-07-10 14:49:44,065 | INFO | 
======================================================================
2026-07-10 14:49:44,065 | INFO | STEP 4: TRAINING XGBOOST ENSEMBLE
2026-07-10 14:49:44,065 | INFO | ======================================================================
2026-07-10 14:49:44,065 | INFO | Seeds: [42, 202, 777]
2026-07-10 14:49:44,065 | INFO | 
============================================================
2026-07-10 14:49:44,065 | INFO | Model 1/3: Conservative
2026-07-10 14:49:44,065 | INFO | Seed: 42
2026-07-10 14:49:44,065 | INFO | Hyperparameters:
2026-07-10 14:49:44,066 | INFO |   max_depth: 4
2026-07-10 14:49:44,066 | INFO |   learning_rate: 0.05
2026-07-10 14:49:44,066 | INFO |   subsample: 0.85
2026-07-10 14:49:44,066 | INFO |   colsample_bytree: 0.65
2026-07-10 14:49:44,066 | INFO |   min_child_weight: 10
2026-07-10 14:49:44,066 | INFO |   reg_lambda: 5.0
2026-07-10 14:49:44,066 | INFO |   reg_alpha: 1.0
2026-07-10 14:49:44,066 | INFO |   gamma: 2.0
2026-07-10 14:49:44,066 | INFO | ============================================================
2026-07-10 14:49:44,066 | INFO | Training...
2026-07-10 14:52:54,965 | INFO | 
[Conservative] Training completed!
2026-07-10 14:52:54,965 | INFO |   Best iteration: 569
2026-07-10 14:52:54,965 | INFO |   Best AUROC: 0.765255
2026-07-10 14:52:54,965 | INFO |   Best AUPRC: 0.364183
2026-07-10 14:52:54,980 | INFO |   Model saved to: ./model/xgb_model_m1_seed42.joblib
2026-07-10 14:52:55,005 | INFO |   Val AUROC: 0.764904, Val AUPRC: 0.364740
2026-07-10 14:52:55,005 | INFO |   Val F1: 0.4209, Val MCC: 0.2938
2026-07-10 14:52:55,023 | INFO | 
============================================================
2026-07-10 14:52:55,023 | INFO | Model 2/3: Balanced
2026-07-10 14:52:55,023 | INFO | Seed: 202
2026-07-10 14:52:55,023 | INFO | Hyperparameters:
2026-07-10 14:52:55,023 | INFO |   max_depth: 6
2026-07-10 14:52:55,023 | INFO |   learning_rate: 0.03
2026-07-10 14:52:55,023 | INFO |   subsample: 0.8
2026-07-10 14:52:55,023 | INFO |   colsample_bytree: 0.8
2026-07-10 14:52:55,023 | INFO |   min_child_weight: 3
2026-07-10 14:52:55,023 | INFO |   reg_lambda: 2.0
2026-07-10 14:52:55,023 | INFO |   reg_alpha: 0.0
2026-07-10 14:52:55,023 | INFO |   gamma: 0.0
2026-07-10 14:52:55,023 | INFO | ============================================================
2026-07-10 14:52:55,023 | INFO | Training...
2026-07-10 14:59:08,915 | INFO | 
[Balanced] Training completed!
2026-07-10 14:59:08,915 | INFO |   Best iteration: 630
2026-07-10 14:59:08,915 | INFO |   Best AUROC: 0.763211
2026-07-10 14:59:08,915 | INFO |   Best AUPRC: 0.382423
2026-07-10 14:59:08,933 | INFO |   Model saved to: ./model/xgb_model_m2_seed202.joblib
2026-07-10 14:59:08,966 | INFO |   Val AUROC: 0.763160, Val AUPRC: 0.382776
2026-07-10 14:59:08,966 | INFO |   Val F1: 0.4149, Val MCC: 0.2849
2026-07-10 14:59:08,991 | INFO | 
============================================================
2026-07-10 14:59:08,991 | INFO | Model 3/3: Complex
2026-07-10 14:59:08,991 | INFO | Seed: 777
2026-07-10 14:59:08,991 | INFO | Hyperparameters:
2026-07-10 14:59:08,991 | INFO |   max_depth: 7
2026-07-10 14:59:08,991 | INFO |   learning_rate: 0.05
2026-07-10 14:59:08,991 | INFO |   subsample: 0.7
2026-07-10 14:59:08,991 | INFO |   colsample_bytree: 0.9
2026-07-10 14:59:08,992 | INFO |   min_child_weight: 1
2026-07-10 14:59:08,992 | INFO |   reg_lambda: 1.0
2026-07-10 14:59:08,992 | INFO |   reg_alpha: 0.0
2026-07-10 14:59:08,992 | INFO |   gamma: 0.0
2026-07-10 14:59:08,992 | INFO | ============================================================
2026-07-10 14:59:08,992 | INFO | Training...
2026-07-10 15:06:03,539 | INFO | 
[Complex] Training completed!
2026-07-10 15:06:03,539 | INFO |   Best iteration: 558
2026-07-10 15:06:03,539 | INFO |   Best AUROC: 0.758588
2026-07-10 15:06:03,539 | INFO |   Best AUPRC: 0.370331
2026-07-10 15:06:03,551 | INFO |   Model saved to: ./model/xgb_model_m3_seed777.joblib
2026-07-10 15:06:03,588 | INFO |   Val AUROC: 0.757869, Val AUPRC: 0.370705
2026-07-10 15:06:03,588 | INFO |   Val F1: 0.4127, Val MCC: 0.2829
2026-07-10 15:06:03,614 | INFO | 
======================================================================
2026-07-10 15:06:03,614 | INFO | STEP 5: ENSEMBLE EVALUATION ON TEST SET
2026-07-10 15:06:03,614 | INFO | ======================================================================
2026-07-10 15:06:03,614 | INFO | Averaging predictions from 3 models...
2026-07-10 15:06:03,614 | INFO | Ensemble predictions shape: (15543,)
2026-07-10 15:06:03,618 | INFO | 
--------------------------------------------------
2026-07-10 15:06:03,618 | INFO | ENSEMBLE PERFORMANCE
2026-07-10 15:06:03,618 | INFO | --------------------------------------------------
2026-07-10 15:06:03,626 | INFO | AUROC: 0.781063
2026-07-10 15:06:03,626 | INFO | AUPRC: 0.275509
2026-07-10 15:06:03,636 | INFO | 
With optimal threshold (maximizing F1):
2026-07-10 15:06:03,636 | INFO |   Threshold: 0.504193
2026-07-10 15:06:03,636 | INFO |   F1: 0.326221
2026-07-10 15:06:03,636 | INFO |   MCC: 0.251300
