2026-07-10 15:33:02,061 | INFO | ======================================================================
2026-07-10 15:33:02,061 | INFO | STARTING XGBOOST TRAINING
2026-07-10 15:33:02,061 | INFO | Timestamp: 2026-07-10 15:33:02
2026-07-10 15:33:02,061 | INFO | Command: train_xgb.py --root ./data/BCE_633 --out ./BCE_633/tabular --split train --use-gnn --pca-dim 64
2026-07-10 15:33:02,061 | INFO | Arguments: {'root': './data/BCE_633', 'out': './BCE_633/tabular', 'split': 'train', 'out_model': './model/xgb_model.joblib', 'use_gnn': True, 'pca_dim': 64, 'seeds': '42,202,777', 'log_dir': './logs', 'log_name': None, 'log_level': 20, 'dataset': 'BCE_633', 'n_estimators': 3000, 'early_stopping': 50, 'log_interval': 10}
2026-07-10 15:33:02,061 | INFO | Log file: ./logs/xgb_train_20260710_153302.log
2026-07-10 15:33:02,062 | INFO | ======================================================================
2026-07-10 15:33:02,062 | INFO | 
--------------------------------------------------
2026-07-10 15:33:02,062 | INFO | STEP 1: LOADING DATA
2026-07-10 15:33:02,062 | INFO | --------------------------------------------------
2026-07-10 15:33:02,062 | INFO | Loading/exporting data...
2026-07-10 15:33:02,062 | INFO | Using merged features from ./BCE_633/tabular/train_merged.npz
2026-07-10 15:33:08,144 | INFO | Data shape: X=(135890, 3957), y=(135890,)
2026-07-10 15:33:08,145 | INFO | Unique proteins: 577
2026-07-10 15:33:08,145 | INFO | Total positive residues: 15981 (11.76%)
2026-07-10 15:33:08,145 | INFO | Total negative residues: 119909 (88.24%)
2026-07-10 15:33:08,145 | INFO | 
--------------------------------------------------
2026-07-10 15:33:08,145 | INFO | STEP 2: SPLITTING DATA (GroupShuffleSplit by protein)
2026-07-10 15:33:08,145 | INFO | --------------------------------------------------
2026-07-10 15:33:08,145 | INFO | Using train set from file...
2026-07-10 15:33:08,145 | INFO | Loading test set from: ./BCE_633/tabular/test_merged.npz
2026-07-10 15:33:08,863 | INFO | Train set: 135890 residues from 577 proteins
2026-07-10 15:33:08,863 | INFO |   Positive: 15981 (11.76%)
2026-07-10 15:33:08,863 | INFO |   Negative: 119909 (88.24%)
2026-07-10 15:33:08,863 | INFO | Test set: 15543 residues
2026-07-10 15:33:08,863 | INFO |   Positive: 1393 (8.96%)
2026-07-10 15:33:08,863 | INFO |   Negative: 14150 (91.04%)
2026-07-10 15:33:08,863 | INFO | 
--------------------------------------------------
2026-07-10 15:33:08,863 | INFO | STEP 3: SPLITTING TRAIN/VALIDATION (90/10)
2026-07-10 15:33:08,863 | INFO | --------------------------------------------------
2026-07-10 15:33:09,138 | INFO | Training set: 123505 residues
2026-07-10 15:33:09,139 | INFO |   Positive: 14026 (11.36%)
2026-07-10 15:33:09,139 | INFO |   Negative: 109479 (88.64%)
2026-07-10 15:33:09,139 | INFO | Validation set: 12385 residues
2026-07-10 15:33:09,139 | INFO |   Positive: 1955 (15.79%)
2026-07-10 15:33:09,139 | INFO |   Negative: 10430 (84.21%)
2026-07-10 15:33:09,139 | INFO | 
Scale_pos_weight: 7.81 (neg/pos ratio)
2026-07-10 15:33:09,139 | INFO | 
======================================================================
2026-07-10 15:33:09,139 | INFO | STEP 4: TRAINING XGBOOST ENSEMBLE
2026-07-10 15:33:09,139 | INFO | ======================================================================
2026-07-10 15:33:09,139 | INFO | Seeds: [42, 202, 777]
2026-07-10 15:33:09,139 | INFO | 
============================================================
2026-07-10 15:33:09,139 | INFO | Model 1/3: Conservative
2026-07-10 15:33:09,139 | INFO | Seed: 42
2026-07-10 15:33:09,139 | INFO | Hyperparameters:
2026-07-10 15:33:09,139 | INFO |   max_depth: 4
2026-07-10 15:33:09,139 | INFO |   learning_rate: 0.05
2026-07-10 15:33:09,139 | INFO |   subsample: 0.85
2026-07-10 15:33:09,139 | INFO |   colsample_bytree: 0.65
2026-07-10 15:33:09,139 | INFO |   min_child_weight: 10
2026-07-10 15:33:09,139 | INFO |   reg_lambda: 5.0
2026-07-10 15:33:09,139 | INFO |   reg_alpha: 1.0
2026-07-10 15:33:09,139 | INFO |   gamma: 2.0
2026-07-10 15:33:09,139 | INFO | ============================================================
2026-07-10 15:33:09,139 | INFO | Training...
2026-07-10 15:36:39,851 | INFO | 
[Conservative] Training completed!
2026-07-10 15:36:39,851 | INFO |   Best iteration: 569
2026-07-10 15:36:39,851 | INFO |   Best AUROC: 0.765255
2026-07-10 15:36:39,851 | INFO |   Best AUPRC: 0.364183
2026-07-10 15:36:39,856 | INFO |   Model saved to: ./model/xgb_model_m1_seed42.joblib
2026-07-10 15:36:39,882 | INFO |   Val AUROC: 0.764904, Val AUPRC: 0.364740
2026-07-10 15:36:39,882 | INFO |   Val metrics:
2026-07-10 15:36:39,882 | INFO |       F1: 0.420872
2026-07-10 15:36:39,882 | INFO |       MCC: 0.293795
2026-07-10 15:36:39,882 | INFO |       threshold: 0.535353
2026-07-10 15:36:39,897 | INFO | 
============================================================
2026-07-10 15:36:39,897 | INFO | Model 2/3: Balanced
2026-07-10 15:36:39,897 | INFO | Seed: 202
2026-07-10 15:36:39,897 | INFO | Hyperparameters:
2026-07-10 15:36:39,897 | INFO |   max_depth: 6
2026-07-10 15:36:39,897 | INFO |   learning_rate: 0.03
2026-07-10 15:36:39,897 | INFO |   subsample: 0.8
2026-07-10 15:36:39,897 | INFO |   colsample_bytree: 0.8
2026-07-10 15:36:39,898 | INFO |   min_child_weight: 3
2026-07-10 15:36:39,898 | INFO |   reg_lambda: 2.0
2026-07-10 15:36:39,898 | INFO |   reg_alpha: 0.0
2026-07-10 15:36:39,898 | INFO |   gamma: 0.0
2026-07-10 15:36:39,898 | INFO | ============================================================
2026-07-10 15:36:39,898 | INFO | Training...
2026-07-10 15:42:35,454 | INFO | 
[Balanced] Training completed!
2026-07-10 15:42:35,455 | INFO |   Best iteration: 630
2026-07-10 15:42:35,455 | INFO |   Best AUROC: 0.763211
2026-07-10 15:42:35,455 | INFO |   Best AUPRC: 0.382423
2026-07-10 15:42:35,472 | INFO |   Model saved to: ./model/xgb_model_m2_seed202.joblib
2026-07-10 15:42:35,498 | INFO |   Val AUROC: 0.763160, Val AUPRC: 0.382776
2026-07-10 15:42:35,498 | INFO |   Val metrics:
2026-07-10 15:42:35,498 | INFO |       F1: 0.414929
2026-07-10 15:42:35,498 | INFO |       MCC: 0.284885
2026-07-10 15:42:35,498 | INFO |       threshold: 0.474810
2026-07-10 15:42:35,520 | INFO | 
============================================================
2026-07-10 15:42:35,520 | INFO | Model 3/3: Complex
2026-07-10 15:42:35,520 | INFO | Seed: 777
2026-07-10 15:42:35,520 | INFO | Hyperparameters:
2026-07-10 15:42:35,520 | INFO |   max_depth: 7
2026-07-10 15:42:35,520 | INFO |   learning_rate: 0.05
2026-07-10 15:42:35,520 | INFO |   subsample: 0.7
2026-07-10 15:42:35,520 | INFO |   colsample_bytree: 0.9
2026-07-10 15:42:35,520 | INFO |   min_child_weight: 1
2026-07-10 15:42:35,520 | INFO |   reg_lambda: 1.0
2026-07-10 15:42:35,520 | INFO |   reg_alpha: 0.0
2026-07-10 15:42:35,520 | INFO |   gamma: 0.0
2026-07-10 15:42:35,520 | INFO | ============================================================
2026-07-10 15:42:35,525 | INFO | Training...
2026-07-10 15:48:26,907 | INFO | 
[Complex] Training completed!
2026-07-10 15:48:26,907 | INFO |   Best iteration: 558
2026-07-10 15:48:26,907 | INFO |   Best AUROC: 0.758588
2026-07-10 15:48:26,907 | INFO |   Best AUPRC: 0.370331
2026-07-10 15:48:26,918 | INFO |   Model saved to: ./model/xgb_model_m3_seed777.joblib
2026-07-10 15:48:26,955 | INFO |   Val AUROC: 0.757869, Val AUPRC: 0.370705
2026-07-10 15:48:26,955 | INFO |   Val metrics:
2026-07-10 15:48:26,955 | INFO |       F1: 0.412680
2026-07-10 15:48:26,955 | INFO |       MCC: 0.282935
2026-07-10 15:48:26,955 | INFO |       threshold: 0.361062
2026-07-10 15:48:26,975 | INFO | 
======================================================================
2026-07-10 15:48:26,975 | INFO | STEP 5: ENSEMBLE EVALUATION ON TEST SET
2026-07-10 15:48:26,975 | INFO | ======================================================================
2026-07-10 15:48:26,975 | INFO | Averaging predictions from 3 models...
2026-07-10 15:48:26,975 | INFO | Ensemble predictions shape: (15543,)
2026-07-10 15:48:26,978 | INFO | 
--------------------------------------------------
2026-07-10 15:48:26,978 | INFO | ENSEMBLE PERFORMANCE
2026-07-10 15:48:26,978 | INFO | --------------------------------------------------
2026-07-10 15:48:26,985 | INFO | AUROC: 0.781063
2026-07-10 15:48:26,985 | INFO | AUPRC: 0.275509
2026-07-10 15:48:26,994 | INFO | 
With optimal threshold (maximizing F1):
2026-07-10 15:48:26,994 | INFO |   Threshold: 0.5041928291320801
2026-07-10 15:48:26,994 | INFO |   Metrics:
2026-07-10 15:48:26,994 | INFO |     AUROC: 0.781063
2026-07-10 15:48:26,994 | INFO |     AUPRC: 0.275509
2026-07-10 15:48:26,994 | INFO |     RECALL: 0.417085
2026-07-10 15:48:26,994 | INFO |     PRECISION: 0.267865
2026-07-10 15:48:26,994 | INFO |     F1: 0.326221
2026-07-10 15:48:26,994 | INFO |     MCC: 0.251300
2026-07-10 15:48:26,994 | INFO |     BACC: 0.652430
2026-07-10 15:48:26,994 | INFO |     threshold: 0.504193
2026-07-10 15:48:26,994 | INFO | 
--------------------------------------------------
2026-07-10 15:48:26,994 | INFO | STEP 6: SAVING RESULTS
2026-07-10 15:48:26,994 | INFO | --------------------------------------------------
2026-07-10 15:48:26,997 | INFO | Predictions saved to: ./BCE_633/tabular/xgb_test_preds.npz
2026-07-10 15:48:26,997 | INFO | Results saved to: ./BCE_633/tabular/xgb_results.json
2026-07-10 15:48:26,997 | INFO | 
======================================================================
2026-07-10 15:48:26,998 | INFO | TRAINING COMPLETED SUCCESSFULLY
2026-07-10 15:48:26,998 | INFO | ======================================================================
2026-07-10 15:48:26,998 | INFO | End time: 2026-07-10 15:48:26
2026-07-10 15:48:26,998 | INFO | Log file: ./logs/xgb_train_20260710_153302.log
2026-07-10 15:48:26,998 | INFO | Results: ./BCE_633/tabular/xgb_results.json
2026-07-10 15:48:26,998 | INFO | Predictions: ./BCE_633/tabular/xgb_test_preds.npz
2026-07-10 15:48:26,998 | INFO | Models: ./model
2026-07-10 15:48:26,998 | INFO | ======================================================================
