2026-07-10 23:20:02,179 | INFO | ======================================================================
2026-07-10 23:20:02,179 | INFO | STARTING XGBOOST TRAINING
2026-07-10 23:20:02,180 | INFO | Timestamp: 2026-07-10 23:20:02
2026-07-10 23:20:02,180 | INFO | Command: train_xgb.py --root ./data/Epitope3D --out ./Epitope3D/tabular --split train --use-gnn --pca-dim 64
2026-07-10 23:20:02,180 | INFO | Arguments: {'root': './data/Epitope3D', 'out': './Epitope3D/tabular', 'split': 'train', 'out_model': './model/xgb_model.joblib', 'use_gnn': True, 'pca_dim': 64, 'seeds': '42,202,777', 'log_dir': './logs', 'log_name': None, 'log_level': 20, 'dataset': 'BCE_633', 'n_estimators': 3000, 'early_stopping': 50, 'log_interval': 10}
2026-07-10 23:20:02,180 | INFO | Log file: ./logs/xgb_train_20260710_232002.log
2026-07-10 23:20:02,180 | INFO | ======================================================================
2026-07-10 23:20:02,180 | INFO | 
--------------------------------------------------
2026-07-10 23:20:02,180 | INFO | STEP 1: LOADING DATA
2026-07-10 23:20:02,180 | INFO | --------------------------------------------------
2026-07-10 23:20:02,180 | INFO | Loading/exporting data...
2026-07-10 23:20:02,180 | INFO | Using merged features from ./Epitope3D/tabular/train_merged.npz
2026-07-10 23:20:05,205 | INFO | Data shape: X=(67456, 3957), y=(67456,)
2026-07-10 23:20:05,205 | INFO | Unique proteins: 260
2026-07-10 23:20:05,205 | INFO | Total positive residues: 5072 (7.52%)
2026-07-10 23:20:05,205 | INFO | Total negative residues: 62384 (92.48%)
2026-07-10 23:20:05,205 | INFO | 
--------------------------------------------------
2026-07-10 23:20:05,205 | INFO | STEP 2: SPLITTING DATA (GroupShuffleSplit by protein)
2026-07-10 23:20:05,205 | INFO | --------------------------------------------------
2026-07-10 23:20:05,205 | INFO | Using train set from file...
2026-07-10 23:20:05,205 | INFO | Loading test set from: ./Epitope3D/tabular/test_merged.npz
2026-07-10 23:20:05,652 | INFO | Train set: 67456 residues from 260 proteins
2026-07-10 23:20:05,653 | INFO |   Positive: 5072 (7.52%)
2026-07-10 23:20:05,653 | INFO |   Negative: 62384 (92.48%)
2026-07-10 23:20:05,653 | INFO | Test set: 9778 residues
2026-07-10 23:20:05,653 | INFO |   Positive: 882 (9.02%)
2026-07-10 23:20:05,653 | INFO |   Negative: 8896 (90.98%)
2026-07-10 23:20:05,653 | INFO | 
--------------------------------------------------
2026-07-10 23:20:05,653 | INFO | STEP 3: SPLITTING TRAIN/VALIDATION (90/10)
2026-07-10 23:20:05,653 | INFO | --------------------------------------------------
2026-07-10 23:20:05,788 | INFO | Training set: 62482 residues
2026-07-10 23:20:05,788 | INFO |   Positive: 4616 (7.39%)
2026-07-10 23:20:05,788 | INFO |   Negative: 57866 (92.61%)
2026-07-10 23:20:05,788 | INFO | Validation set: 4974 residues
2026-07-10 23:20:05,788 | INFO |   Positive: 456 (9.17%)
2026-07-10 23:20:05,788 | INFO |   Negative: 4518 (90.83%)
2026-07-10 23:20:05,788 | INFO | 
Scale_pos_weight: 12.54 (neg/pos ratio)
2026-07-10 23:20:05,788 | INFO | 
======================================================================
2026-07-10 23:20:05,788 | INFO | STEP 4: TRAINING XGBOOST ENSEMBLE
2026-07-10 23:20:05,788 | INFO | ======================================================================
2026-07-10 23:20:05,788 | INFO | Seeds: [42, 202, 777]
2026-07-10 23:20:05,788 | INFO | 
============================================================
2026-07-10 23:20:05,788 | INFO | Model 1/3: Conservative
2026-07-10 23:20:05,788 | INFO | Seed: 42
2026-07-10 23:20:05,788 | INFO | Hyperparameters:
2026-07-10 23:20:05,788 | INFO |   max_depth: 4
2026-07-10 23:20:05,788 | INFO |   learning_rate: 0.05
2026-07-10 23:20:05,788 | INFO |   subsample: 0.85
2026-07-10 23:20:05,788 | INFO |   colsample_bytree: 0.65
2026-07-10 23:20:05,788 | INFO |   min_child_weight: 10
2026-07-10 23:20:05,788 | INFO |   reg_lambda: 5.0
2026-07-10 23:20:05,788 | INFO |   reg_alpha: 1.0
2026-07-10 23:20:05,788 | INFO |   gamma: 2.0
2026-07-10 23:20:05,788 | INFO | ============================================================
2026-07-10 23:20:05,788 | INFO | Training...
2026-07-10 23:22:34,481 | INFO | 
[Conservative] Training completed!
2026-07-10 23:22:34,481 | INFO |   Best iteration: 923
2026-07-10 23:22:34,481 | INFO |   Best AUROC: 0.835961
2026-07-10 23:22:34,481 | INFO |   Best AUPRC: 0.412696
2026-07-10 23:22:34,498 | INFO |   Model saved to: ./model/xgb_model_m1_seed42.joblib
2026-07-10 23:22:34,524 | INFO |   Val AUROC: 0.835470, Val AUPRC: 0.413607
2026-07-10 23:22:34,524 | INFO |   Val metrics:
2026-07-10 23:22:34,524 | INFO |       F1: 0.448598
2026-07-10 23:22:34,524 | INFO |       MCC: 0.396683
2026-07-10 23:22:34,524 | INFO |       threshold: 0.544263
2026-07-10 23:22:34,537 | INFO | 
============================================================
2026-07-10 23:22:34,537 | INFO | Model 2/3: Balanced
2026-07-10 23:22:34,538 | INFO | Seed: 202
2026-07-10 23:22:34,538 | INFO | Hyperparameters:
2026-07-10 23:22:34,538 | INFO |   max_depth: 6
2026-07-10 23:22:34,538 | INFO |   learning_rate: 0.03
2026-07-10 23:22:34,538 | INFO |   subsample: 0.8
2026-07-10 23:22:34,538 | INFO |   colsample_bytree: 0.8
2026-07-10 23:22:34,538 | INFO |   min_child_weight: 3
2026-07-10 23:22:34,538 | INFO |   reg_lambda: 2.0
2026-07-10 23:22:34,538 | INFO |   reg_alpha: 0.0
2026-07-10 23:22:34,538 | INFO |   gamma: 0.0
2026-07-10 23:22:34,538 | INFO | ============================================================
2026-07-10 23:22:34,538 | INFO | Training...
2026-07-10 23:25:39,460 | INFO | 
[Balanced] Training completed!
2026-07-10 23:25:39,460 | INFO |   Best iteration: 536
2026-07-10 23:25:39,460 | INFO |   Best AUROC: 0.836589
2026-07-10 23:25:39,460 | INFO |   Best AUPRC: 0.428142
2026-07-10 23:25:39,468 | INFO |   Model saved to: ./model/xgb_model_m2_seed202.joblib
2026-07-10 23:25:39,482 | INFO |   Val AUROC: 0.835917, Val AUPRC: 0.429203
2026-07-10 23:25:39,482 | INFO |   Val metrics:
2026-07-10 23:25:39,482 | INFO |       F1: 0.470111
2026-07-10 23:25:39,482 | INFO |       MCC: 0.413594
2026-07-10 23:25:39,482 | INFO |       threshold: 0.614853
2026-07-10 23:25:39,495 | INFO | 
============================================================
2026-07-10 23:25:39,495 | INFO | Model 3/3: Complex
2026-07-10 23:25:39,495 | INFO | Seed: 777
2026-07-10 23:25:39,495 | INFO | Hyperparameters:
2026-07-10 23:25:39,495 | INFO |   max_depth: 7
2026-07-10 23:25:39,495 | INFO |   learning_rate: 0.05
2026-07-10 23:25:39,495 | INFO |   subsample: 0.7
2026-07-10 23:25:39,495 | INFO |   colsample_bytree: 0.9
2026-07-10 23:25:39,495 | INFO |   min_child_weight: 1
2026-07-10 23:25:39,495 | INFO |   reg_lambda: 1.0
2026-07-10 23:25:39,495 | INFO |   reg_alpha: 0.0
2026-07-10 23:25:39,495 | INFO |   gamma: 0.0
2026-07-10 23:25:39,495 | INFO | ============================================================
2026-07-10 23:25:39,496 | INFO | Training...
2026-07-10 23:28:19,599 | INFO | 
[Complex] Training completed!
2026-07-10 23:28:19,599 | INFO |   Best iteration: 376
2026-07-10 23:28:19,599 | INFO |   Best AUROC: 0.841082
2026-07-10 23:28:19,599 | INFO |   Best AUPRC: 0.431930
2026-07-10 23:28:19,608 | INFO |   Model saved to: ./model/xgb_model_m3_seed777.joblib
2026-07-10 23:28:19,639 | INFO |   Val AUROC: 0.841082, Val AUPRC: 0.433658
2026-07-10 23:28:19,639 | INFO |   Val metrics:
2026-07-10 23:28:19,639 | INFO |       F1: 0.467909
2026-07-10 23:28:19,639 | INFO |       MCC: 0.411671
2026-07-10 23:28:19,639 | INFO |       threshold: 0.485568
2026-07-10 23:28:19,651 | INFO | 
======================================================================
2026-07-10 23:28:19,651 | INFO | STEP 5: ENSEMBLE EVALUATION ON TEST SET
2026-07-10 23:28:19,651 | INFO | ======================================================================
2026-07-10 23:28:19,651 | INFO | Averaging predictions from 3 models...
2026-07-10 23:28:19,651 | INFO | Ensemble predictions shape: (9778,)
2026-07-10 23:28:19,654 | INFO | 
--------------------------------------------------
2026-07-10 23:28:19,654 | INFO | ENSEMBLE PERFORMANCE
2026-07-10 23:28:19,654 | INFO | --------------------------------------------------
2026-07-10 23:28:19,659 | INFO | AUROC: 0.717094
2026-07-10 23:28:19,659 | INFO | AUPRC: 0.218379
2026-07-10 23:28:19,666 | INFO | 
With optimal threshold (maximizing F1):
2026-07-10 23:28:19,666 | INFO |   Threshold: 0.34689855575561523
2026-07-10 23:28:19,666 | INFO |   Metrics:
2026-07-10 23:28:19,666 | INFO |     AUROC: 0.717094
2026-07-10 23:28:19,666 | INFO |     AUPRC: 0.218379
2026-07-10 23:28:19,666 | INFO |     RECALL: 0.458050
2026-07-10 23:28:19,666 | INFO |     PRECISION: 0.208462
2026-07-10 23:28:19,666 | INFO |     F1: 0.286525
2026-07-10 23:28:19,666 | INFO |     MCC: 0.205246
2026-07-10 23:28:19,666 | INFO |     BACC: 0.642806
2026-07-10 23:28:19,666 | INFO |     threshold: 0.346899
2026-07-10 23:28:19,666 | INFO | 
--------------------------------------------------
2026-07-10 23:28:19,666 | INFO | STEP 6: SAVING RESULTS
2026-07-10 23:28:19,666 | INFO | --------------------------------------------------
2026-07-10 23:28:19,668 | INFO | Predictions saved to: ./Epitope3D/tabular/xgb_test_preds.npz
2026-07-10 23:28:19,668 | INFO | Results saved to: ./Epitope3D/tabular/xgb_results.json
2026-07-10 23:28:19,668 | INFO | 
======================================================================
2026-07-10 23:28:19,668 | INFO | TRAINING COMPLETED SUCCESSFULLY
2026-07-10 23:28:19,668 | INFO | ======================================================================
2026-07-10 23:28:19,668 | INFO | End time: 2026-07-10 23:28:19
2026-07-10 23:28:19,668 | INFO | Log file: ./logs/xgb_train_20260710_232002.log
2026-07-10 23:28:19,668 | INFO | Results: ./Epitope3D/tabular/xgb_results.json
2026-07-10 23:28:19,668 | INFO | Predictions: ./Epitope3D/tabular/xgb_test_preds.npz
2026-07-10 23:28:19,668 | INFO | Models: ./model
2026-07-10 23:28:19,668 | INFO | ======================================================================
