2026-07-10 14:05:23,895 | INFO | ======================================================================
2026-07-10 14:05:23,895 | INFO | STARTING XGBOOST TRAINING
2026-07-10 14:05:23,895 | INFO | Timestamp: 2026-07-10 14:05:23
2026-07-10 14:05:23,895 | INFO | Command: train_xgb.py --root ./data/BCE_633 --out ./BCE_633/tabular --split train --use-gnn --pca-dim 16
2026-07-10 14:05:23,895 | INFO | Arguments: {'root': './data/BCE_633', 'out': './BCE_633/tabular', 'split': 'train', 'out_model': './model/xgb_model.joblib', 'use_gnn': True, 'pca_dim': 16, 'seeds': '42,202,777', 'log_dir': './logs', 'log_name': None, 'log_level': 20, 'dataset': 'BCE_633', 'n_estimators': 3000, 'early_stopping': 50, 'log_interval': 10}
2026-07-10 14:05:23,895 | INFO | Log file: ./logs/xgb_train_20260710_140523.log
2026-07-10 14:05:23,895 | INFO | ======================================================================
2026-07-10 14:05:23,895 | INFO | 
--------------------------------------------------
2026-07-10 14:05:23,895 | INFO | STEP 1: LOADING DATA
2026-07-10 14:05:23,895 | INFO | --------------------------------------------------
2026-07-10 14:05:23,895 | INFO | Loading/exporting data...
2026-07-10 14:05:23,895 | INFO | Using merged features from ./BCE_633/tabular/train_merged.npz
2026-07-10 14:05:30,256 | INFO | Data shape: X=(135890, 3909), y=(135890,)
2026-07-10 14:05:30,256 | INFO | Unique proteins: 577
2026-07-10 14:05:30,256 | INFO | Total positive residues: 15981 (11.76%)
2026-07-10 14:05:30,256 | INFO | Total negative residues: 119909 (88.24%)
2026-07-10 14:05:30,256 | INFO | 
--------------------------------------------------
2026-07-10 14:05:30,256 | INFO | STEP 2: SPLITTING DATA (GroupShuffleSplit by protein)
2026-07-10 14:05:30,256 | INFO | --------------------------------------------------
2026-07-10 14:05:30,257 | INFO | Using train set from file...
2026-07-10 14:05:30,257 | INFO | Loading test set from: ./BCE_633/tabular/test_merged.npz
2026-07-10 14:05:31,020 | INFO | Train set: 135890 residues from 577 proteins
2026-07-10 14:05:31,021 | INFO |   Positive: 15981 (11.76%)
2026-07-10 14:05:31,021 | INFO |   Negative: 119909 (88.24%)
2026-07-10 14:05:31,021 | INFO | Test set: 15543 residues
2026-07-10 14:05:31,021 | INFO |   Positive: 1393 (8.96%)
2026-07-10 14:05:31,021 | INFO |   Negative: 14150 (91.04%)
2026-07-10 14:05:31,021 | INFO | 
--------------------------------------------------
2026-07-10 14:05:31,021 | INFO | STEP 3: SPLITTING TRAIN/VALIDATION (90/10)
2026-07-10 14:05:31,021 | INFO | --------------------------------------------------
2026-07-10 14:05:31,309 | INFO | Training set: 123505 residues
2026-07-10 14:05:31,309 | INFO |   Positive: 14026 (11.36%)
2026-07-10 14:05:31,309 | INFO |   Negative: 109479 (88.64%)
2026-07-10 14:05:31,309 | INFO | Validation set: 12385 residues
2026-07-10 14:05:31,309 | INFO |   Positive: 1955 (15.79%)
2026-07-10 14:05:31,309 | INFO |   Negative: 10430 (84.21%)
2026-07-10 14:05:31,309 | INFO | 
Scale_pos_weight: 7.81 (neg/pos ratio)
2026-07-10 14:05:31,309 | INFO | 
======================================================================
2026-07-10 14:05:31,309 | INFO | STEP 4: TRAINING XGBOOST ENSEMBLE
2026-07-10 14:05:31,309 | INFO | ======================================================================
2026-07-10 14:05:31,309 | INFO | Seeds: [42, 202, 777]
2026-07-10 14:05:31,309 | INFO | 
============================================================
2026-07-10 14:05:31,309 | INFO | Model 1/3: Conservative
2026-07-10 14:05:31,309 | INFO | Seed: 42
2026-07-10 14:05:31,309 | INFO | Hyperparameters:
2026-07-10 14:05:31,309 | INFO |   max_depth: 4
2026-07-10 14:05:31,309 | INFO |   learning_rate: 0.05
2026-07-10 14:05:31,309 | INFO |   subsample: 0.85
2026-07-10 14:05:31,309 | INFO |   colsample_bytree: 0.65
2026-07-10 14:05:31,309 | INFO |   min_child_weight: 10
2026-07-10 14:05:31,309 | INFO |   reg_lambda: 5.0
2026-07-10 14:05:31,309 | INFO |   reg_alpha: 1.0
2026-07-10 14:05:31,309 | INFO |   gamma: 2.0
2026-07-10 14:05:31,309 | INFO | ============================================================
2026-07-10 14:05:31,309 | INFO | Training...
2026-07-10 14:08:09,877 | INFO | 
[Conservative] Training completed!
2026-07-10 14:08:09,878 | INFO |   Best iteration: 461
2026-07-10 14:08:09,878 | INFO |   Best AUROC: 0.758183
2026-07-10 14:08:09,878 | INFO |   Best AUPRC: 0.363061
2026-07-10 14:08:09,883 | INFO |   Model saved to: ./model/xgb_model_m1_seed42.joblib
2026-07-10 14:08:09,913 | INFO |   Val AUROC: 0.757820, Val AUPRC: 0.363588
2026-07-10 14:08:09,913 | INFO |   Val F1: 0.4095, Val MCC: 0.2785
2026-07-10 14:08:09,930 | INFO | 
============================================================
2026-07-10 14:08:09,930 | INFO | Model 2/3: Balanced
2026-07-10 14:08:09,930 | INFO | Seed: 202
2026-07-10 14:08:09,930 | INFO | Hyperparameters:
2026-07-10 14:08:09,930 | INFO |   max_depth: 6
2026-07-10 14:08:09,930 | INFO |   learning_rate: 0.03
2026-07-10 14:08:09,930 | INFO |   subsample: 0.8
2026-07-10 14:08:09,930 | INFO |   colsample_bytree: 0.8
2026-07-10 14:08:09,930 | INFO |   min_child_weight: 3
2026-07-10 14:08:09,930 | INFO |   reg_lambda: 2.0
2026-07-10 14:08:09,930 | INFO |   reg_alpha: 0.0
2026-07-10 14:08:09,930 | INFO |   gamma: 0.0
2026-07-10 14:08:09,930 | INFO | ============================================================
2026-07-10 14:08:09,937 | INFO | Training...
2026-07-10 14:14:20,667 | INFO | 
[Balanced] Training completed!
2026-07-10 14:14:20,667 | INFO |   Best iteration: 654
2026-07-10 14:14:20,667 | INFO |   Best AUROC: 0.758550
2026-07-10 14:14:20,667 | INFO |   Best AUPRC: 0.367165
2026-07-10 14:14:20,685 | INFO |   Model saved to: ./model/xgb_model_m2_seed202.joblib
2026-07-10 14:14:20,715 | INFO |   Val AUROC: 0.758550, Val AUPRC: 0.367563
2026-07-10 14:14:20,716 | INFO |   Val F1: 0.4103, Val MCC: 0.2787
2026-07-10 14:14:20,739 | INFO | 
============================================================
2026-07-10 14:14:20,739 | INFO | Model 3/3: Complex
2026-07-10 14:14:20,739 | INFO | Seed: 777
2026-07-10 14:14:20,739 | INFO | Hyperparameters:
2026-07-10 14:14:20,739 | INFO |   max_depth: 7
2026-07-10 14:14:20,739 | INFO |   learning_rate: 0.05
2026-07-10 14:14:20,739 | INFO |   subsample: 0.7
2026-07-10 14:14:20,739 | INFO |   colsample_bytree: 0.9
2026-07-10 14:14:20,740 | INFO |   min_child_weight: 1
2026-07-10 14:14:20,740 | INFO |   reg_lambda: 1.0
2026-07-10 14:14:20,740 | INFO |   reg_alpha: 0.0
2026-07-10 14:14:20,740 | INFO |   gamma: 0.0
2026-07-10 14:14:20,740 | INFO | ============================================================
2026-07-10 14:14:20,740 | INFO | Training...
2026-07-10 14:19:36,525 | INFO | 
[Complex] Training completed!
2026-07-10 14:19:36,525 | INFO |   Best iteration: 431
2026-07-10 14:19:36,525 | INFO |   Best AUROC: 0.755527
2026-07-10 14:19:36,525 | INFO |   Best AUPRC: 0.362675
2026-07-10 14:19:36,542 | INFO |   Model saved to: ./model/xgb_model_m3_seed777.joblib
2026-07-10 14:19:36,570 | INFO |   Val AUROC: 0.755458, Val AUPRC: 0.363049
2026-07-10 14:19:36,570 | INFO |   Val F1: 0.4116, Val MCC: 0.2812
2026-07-10 14:19:36,589 | INFO | 
======================================================================
2026-07-10 14:19:36,589 | INFO | STEP 5: ENSEMBLE EVALUATION ON TEST SET
2026-07-10 14:19:36,589 | INFO | ======================================================================
2026-07-10 14:19:36,589 | INFO | Averaging predictions from 3 models...
2026-07-10 14:19:36,589 | INFO | Ensemble predictions shape: (15543,)
2026-07-10 14:19:36,590 | INFO | 
--------------------------------------------------
2026-07-10 14:19:36,590 | INFO | ENSEMBLE PERFORMANCE
2026-07-10 14:19:36,590 | INFO | --------------------------------------------------
2026-07-10 14:19:36,595 | INFO | AUROC: 0.777395
2026-07-10 14:19:36,595 | INFO | AUPRC: 0.271566
2026-07-10 14:19:36,599 | INFO | 
With optimal threshold (maximizing F1):
2026-07-10 14:19:36,600 | INFO |   Threshold: 0.470631
2026-07-10 14:19:36,600 | INFO |   F1: 0.323345
2026-07-10 14:19:36,600 | INFO |   MCC: 0.249842
