2026-07-10 14:26:38,837 | INFO | ======================================================================
2026-07-10 14:26:38,837 | INFO | STARTING XGBOOST TRAINING
2026-07-10 14:26:38,837 | INFO | Timestamp: 2026-07-10 14:26:38
2026-07-10 14:26:38,837 | INFO | Command: train_xgb.py --root ./data/BCE_633 --out ./BCE_633/tabular --split train --use-gnn --pca-dim 32
2026-07-10 14:26:38,837 | INFO | Arguments: {'root': './data/BCE_633', 'out': './BCE_633/tabular', 'split': 'train', 'out_model': './model/xgb_model.joblib', 'use_gnn': True, 'pca_dim': 32, 'seeds': '42,202,777', 'log_dir': './logs', 'log_name': None, 'log_level': 20, 'dataset': 'BCE_633', 'n_estimators': 3000, 'early_stopping': 50, 'log_interval': 10}
2026-07-10 14:26:38,837 | INFO | Log file: ./logs/xgb_train_20260710_142638.log
2026-07-10 14:26:38,837 | INFO | ======================================================================
2026-07-10 14:26:38,837 | INFO | 
--------------------------------------------------
2026-07-10 14:26:38,837 | INFO | STEP 1: LOADING DATA
2026-07-10 14:26:38,837 | INFO | --------------------------------------------------
2026-07-10 14:26:38,837 | INFO | Loading/exporting data...
2026-07-10 14:26:38,837 | INFO | Using merged features from ./BCE_633/tabular/train_merged.npz
2026-07-10 14:26:44,920 | INFO | Data shape: X=(135890, 3925), y=(135890,)
2026-07-10 14:26:44,920 | INFO | Unique proteins: 577
2026-07-10 14:26:44,920 | INFO | Total positive residues: 15981 (11.76%)
2026-07-10 14:26:44,920 | INFO | Total negative residues: 119909 (88.24%)
2026-07-10 14:26:44,920 | INFO | 
--------------------------------------------------
2026-07-10 14:26:44,920 | INFO | STEP 2: SPLITTING DATA (GroupShuffleSplit by protein)
2026-07-10 14:26:44,920 | INFO | --------------------------------------------------
2026-07-10 14:26:44,920 | INFO | Using train set from file...
2026-07-10 14:26:44,920 | INFO | Loading test set from: ./BCE_633/tabular/test_merged.npz
2026-07-10 14:26:45,637 | INFO | Train set: 135890 residues from 577 proteins
2026-07-10 14:26:45,637 | INFO |   Positive: 15981 (11.76%)
2026-07-10 14:26:45,637 | INFO |   Negative: 119909 (88.24%)
2026-07-10 14:26:45,637 | INFO | Test set: 15543 residues
2026-07-10 14:26:45,637 | INFO |   Positive: 1393 (8.96%)
2026-07-10 14:26:45,637 | INFO |   Negative: 14150 (91.04%)
2026-07-10 14:26:45,637 | INFO | 
--------------------------------------------------
2026-07-10 14:26:45,637 | INFO | STEP 3: SPLITTING TRAIN/VALIDATION (90/10)
2026-07-10 14:26:45,637 | INFO | --------------------------------------------------
2026-07-10 14:26:45,907 | INFO | Training set: 123505 residues
2026-07-10 14:26:45,908 | INFO |   Positive: 14026 (11.36%)
2026-07-10 14:26:45,908 | INFO |   Negative: 109479 (88.64%)
2026-07-10 14:26:45,908 | INFO | Validation set: 12385 residues
2026-07-10 14:26:45,908 | INFO |   Positive: 1955 (15.79%)
2026-07-10 14:26:45,908 | INFO |   Negative: 10430 (84.21%)
2026-07-10 14:26:45,908 | INFO | 
Scale_pos_weight: 7.81 (neg/pos ratio)
2026-07-10 14:26:45,908 | INFO | 
======================================================================
2026-07-10 14:26:45,908 | INFO | STEP 4: TRAINING XGBOOST ENSEMBLE
2026-07-10 14:26:45,908 | INFO | ======================================================================
2026-07-10 14:26:45,908 | INFO | Seeds: [42, 202, 777]
2026-07-10 14:26:45,908 | INFO | 
============================================================
2026-07-10 14:26:45,908 | INFO | Model 1/3: Conservative
2026-07-10 14:26:45,908 | INFO | Seed: 42
2026-07-10 14:26:45,908 | INFO | Hyperparameters:
2026-07-10 14:26:45,908 | INFO |   max_depth: 4
2026-07-10 14:26:45,908 | INFO |   learning_rate: 0.05
2026-07-10 14:26:45,908 | INFO |   subsample: 0.85
2026-07-10 14:26:45,908 | INFO |   colsample_bytree: 0.65
2026-07-10 14:26:45,908 | INFO |   min_child_weight: 10
2026-07-10 14:26:45,908 | INFO |   reg_lambda: 5.0
2026-07-10 14:26:45,908 | INFO |   reg_alpha: 1.0
2026-07-10 14:26:45,908 | INFO |   gamma: 2.0
2026-07-10 14:26:45,908 | INFO | ============================================================
2026-07-10 14:26:45,908 | INFO | Training...
2026-07-10 14:30:27,824 | INFO | 
[Conservative] Training completed!
2026-07-10 14:30:27,824 | INFO |   Best iteration: 756
2026-07-10 14:30:27,824 | INFO |   Best AUROC: 0.768032
2026-07-10 14:30:27,824 | INFO |   Best AUPRC: 0.373929
2026-07-10 14:30:27,840 | INFO |   Model saved to: ./model/xgb_model_m1_seed42.joblib
2026-07-10 14:30:27,876 | INFO |   Val AUROC: 0.768018, Val AUPRC: 0.374350
2026-07-10 14:30:27,876 | INFO |   Val F1: 0.4239, Val MCC: 0.2976
2026-07-10 14:30:27,895 | INFO | 
============================================================
2026-07-10 14:30:27,895 | INFO | Model 2/3: Balanced
2026-07-10 14:30:27,895 | INFO | Seed: 202
2026-07-10 14:30:27,895 | INFO | Hyperparameters:
2026-07-10 14:30:27,895 | INFO |   max_depth: 6
2026-07-10 14:30:27,895 | INFO |   learning_rate: 0.03
2026-07-10 14:30:27,895 | INFO |   subsample: 0.8
2026-07-10 14:30:27,895 | INFO |   colsample_bytree: 0.8
2026-07-10 14:30:27,896 | INFO |   min_child_weight: 3
2026-07-10 14:30:27,896 | INFO |   reg_lambda: 2.0
2026-07-10 14:30:27,896 | INFO |   reg_alpha: 0.0
2026-07-10 14:30:27,896 | INFO |   gamma: 0.0
2026-07-10 14:30:27,896 | INFO | ============================================================
2026-07-10 14:30:27,898 | INFO | Training...
2026-07-10 14:35:46,494 | INFO | 
[Balanced] Training completed!
2026-07-10 14:35:46,494 | INFO |   Best iteration: 626
2026-07-10 14:35:46,495 | INFO |   Best AUROC: 0.760810
2026-07-10 14:35:46,495 | INFO |   Best AUPRC: 0.372565
2026-07-10 14:35:46,512 | INFO |   Model saved to: ./model/xgb_model_m2_seed202.joblib
2026-07-10 14:35:46,541 | INFO |   Val AUROC: 0.760810, Val AUPRC: 0.372915
2026-07-10 14:35:46,542 | INFO |   Val F1: 0.4151, Val MCC: 0.2851
2026-07-10 14:35:46,567 | INFO | 
============================================================
2026-07-10 14:35:46,567 | INFO | Model 3/3: Complex
2026-07-10 14:35:46,567 | INFO | Seed: 777
2026-07-10 14:35:46,567 | INFO | Hyperparameters:
2026-07-10 14:35:46,567 | INFO |   max_depth: 7
2026-07-10 14:35:46,567 | INFO |   learning_rate: 0.05
2026-07-10 14:35:46,567 | INFO |   subsample: 0.7
2026-07-10 14:35:46,567 | INFO |   colsample_bytree: 0.9
2026-07-10 14:35:46,567 | INFO |   min_child_weight: 1
2026-07-10 14:35:46,567 | INFO |   reg_lambda: 1.0
2026-07-10 14:35:46,567 | INFO |   reg_alpha: 0.0
2026-07-10 14:35:46,567 | INFO |   gamma: 0.0
2026-07-10 14:35:46,567 | INFO | ============================================================
2026-07-10 14:35:46,568 | INFO | Training...
2026-07-10 14:39:00,065 | INFO | 
[Complex] Training completed!
2026-07-10 14:39:00,065 | INFO |   Best iteration: 253
2026-07-10 14:39:00,065 | INFO |   Best AUROC: 0.750223
2026-07-10 14:39:00,065 | INFO |   Best AUPRC: 0.352488
2026-07-10 14:39:00,073 | INFO |   Model saved to: ./model/xgb_model_m3_seed777.joblib
2026-07-10 14:39:00,101 | INFO |   Val AUROC: 0.749433, Val AUPRC: 0.352846
2026-07-10 14:39:00,101 | INFO |   Val F1: 0.4071, Val MCC: 0.2743
2026-07-10 14:39:00,118 | INFO | 
======================================================================
2026-07-10 14:39:00,118 | INFO | STEP 5: ENSEMBLE EVALUATION ON TEST SET
2026-07-10 14:39:00,118 | INFO | ======================================================================
2026-07-10 14:39:00,118 | INFO | Averaging predictions from 3 models...
2026-07-10 14:39:00,118 | INFO | Ensemble predictions shape: (15543,)
2026-07-10 14:39:00,121 | INFO | 
--------------------------------------------------
2026-07-10 14:39:00,121 | INFO | ENSEMBLE PERFORMANCE
2026-07-10 14:39:00,121 | INFO | --------------------------------------------------
2026-07-10 14:39:00,129 | INFO | AUROC: 0.773823
2026-07-10 14:39:00,129 | INFO | AUPRC: 0.265650
2026-07-10 14:39:00,139 | INFO | 
With optimal threshold (maximizing F1):
2026-07-10 14:39:00,139 | INFO |   Threshold: 0.452998
2026-07-10 14:39:00,139 | INFO |   F1: 0.318561
2026-07-10 14:39:00,139 | INFO |   MCC: 0.248580
