2026-07-10 13:38:31,859 | INFO | ======================================================================
2026-07-10 13:38:31,859 | INFO | STARTING XGBOOST TRAINING
2026-07-10 13:38:31,859 | INFO | Timestamp: 2026-07-10 13:38:31
2026-07-10 13:38:31,859 | INFO | Command: train_xgb.py --root ./data/BCE_633 --out ./BCE_633/tabular --split train --use-gnn --pca-dim 10
2026-07-10 13:38:31,859 | INFO | Arguments: {'root': './data/BCE_633', 'out': './BCE_633/tabular', 'split': 'train', 'out_model': './model/xgb_model.joblib', 'use_gnn': True, 'pca_dim': 10, 'seeds': '42,202,777', 'log_dir': './logs', 'log_name': None, 'log_level': 20, 'dataset': 'BCE_633', 'n_estimators': 3000, 'early_stopping': 50, 'log_interval': 10}
2026-07-10 13:38:31,859 | INFO | Log file: ./logs/xgb_train_20260710_133831.log
2026-07-10 13:38:31,859 | INFO | ======================================================================
2026-07-10 13:38:31,859 | INFO | 
--------------------------------------------------
2026-07-10 13:38:31,859 | INFO | STEP 1: LOADING DATA
2026-07-10 13:38:31,859 | INFO | --------------------------------------------------
2026-07-10 13:38:31,859 | INFO | Loading/exporting data...
2026-07-10 13:38:31,859 | INFO | Using merged features from ./BCE_633/tabular/train_merged.npz
2026-07-10 13:38:37,962 | INFO | Data shape: X=(135890, 3903), y=(135890,)
2026-07-10 13:38:37,962 | INFO | Unique proteins: 577
2026-07-10 13:38:37,962 | INFO | Total positive residues: 15981 (11.76%)
2026-07-10 13:38:37,962 | INFO | Total negative residues: 119909 (88.24%)
2026-07-10 13:38:37,962 | INFO | 
--------------------------------------------------
2026-07-10 13:38:37,962 | INFO | STEP 2: SPLITTING DATA (GroupShuffleSplit by protein)
2026-07-10 13:38:37,962 | INFO | --------------------------------------------------
2026-07-10 13:38:37,962 | INFO | Using train set from file...
2026-07-10 13:38:37,962 | INFO | Loading test set from: ./BCE_633/tabular/test_merged.npz
2026-07-10 13:38:38,681 | INFO | Train set: 135890 residues from 577 proteins
2026-07-10 13:38:38,681 | INFO |   Positive: 15981 (11.76%)
2026-07-10 13:38:38,681 | INFO |   Negative: 119909 (88.24%)
2026-07-10 13:38:38,681 | INFO | Test set: 15543 residues
2026-07-10 13:38:38,681 | INFO |   Positive: 1393 (8.96%)
2026-07-10 13:38:38,681 | INFO |   Negative: 14150 (91.04%)
2026-07-10 13:38:38,681 | INFO | 
--------------------------------------------------
2026-07-10 13:38:38,681 | INFO | STEP 3: SPLITTING TRAIN/VALIDATION (90/10)
2026-07-10 13:38:38,681 | INFO | --------------------------------------------------
2026-07-10 13:38:38,959 | INFO | Training set: 123505 residues
2026-07-10 13:38:38,960 | INFO |   Positive: 14026 (11.36%)
2026-07-10 13:38:38,960 | INFO |   Negative: 109479 (88.64%)
2026-07-10 13:38:38,960 | INFO | Validation set: 12385 residues
2026-07-10 13:38:38,960 | INFO |   Positive: 1955 (15.79%)
2026-07-10 13:38:38,960 | INFO |   Negative: 10430 (84.21%)
2026-07-10 13:38:38,960 | INFO | 
Scale_pos_weight: 7.81 (neg/pos ratio)
2026-07-10 13:38:38,960 | INFO | 
======================================================================
2026-07-10 13:38:38,960 | INFO | STEP 4: TRAINING XGBOOST ENSEMBLE
2026-07-10 13:38:38,960 | INFO | ======================================================================
2026-07-10 13:38:38,960 | INFO | Seeds: [42, 202, 777]
2026-07-10 13:38:38,960 | INFO | 
============================================================
2026-07-10 13:38:38,960 | INFO | Model 1/3: Conservative
2026-07-10 13:38:38,960 | INFO | Seed: 42
2026-07-10 13:38:38,960 | INFO | Hyperparameters:
2026-07-10 13:38:38,960 | INFO |   max_depth: 4
2026-07-10 13:38:38,960 | INFO |   learning_rate: 0.05
2026-07-10 13:38:38,960 | INFO |   subsample: 0.85
2026-07-10 13:38:38,960 | INFO |   colsample_bytree: 0.65
2026-07-10 13:38:38,960 | INFO |   min_child_weight: 10
2026-07-10 13:38:38,960 | INFO |   reg_lambda: 5.0
2026-07-10 13:38:38,960 | INFO |   reg_alpha: 1.0
2026-07-10 13:38:38,960 | INFO |   gamma: 2.0
2026-07-10 13:38:38,960 | INFO | ============================================================
2026-07-10 13:38:38,960 | INFO | Training...
2026-07-10 13:42:09,430 | INFO | 
[Conservative] Training completed!
2026-07-10 13:42:09,441 | INFO |   Best iteration: 682
2026-07-10 13:42:09,442 | INFO |   Best AUROC: 0.756114
2026-07-10 13:42:09,442 | INFO |   Best AUPRC: 0.353376
2026-07-10 13:42:09,445 | INFO |   Model saved to: ./model/xgb_model_m1_seed42.joblib
2026-07-10 13:42:09,477 | INFO |   Val AUROC: 0.755575, Val AUPRC: 0.353895
2026-07-10 13:42:09,477 | INFO |   Val F1: 0.4075, Val MCC: 0.2749
2026-07-10 13:42:09,496 | INFO | 
============================================================
2026-07-10 13:42:09,496 | INFO | Model 2/3: Balanced
2026-07-10 13:42:09,496 | INFO | Seed: 202
2026-07-10 13:42:09,496 | INFO | Hyperparameters:
2026-07-10 13:42:09,496 | INFO |   max_depth: 6
2026-07-10 13:42:09,496 | INFO |   learning_rate: 0.03
2026-07-10 13:42:09,496 | INFO |   subsample: 0.8
2026-07-10 13:42:09,496 | INFO |   colsample_bytree: 0.8
2026-07-10 13:42:09,496 | INFO |   min_child_weight: 3
2026-07-10 13:42:09,496 | INFO |   reg_lambda: 2.0
2026-07-10 13:42:09,496 | INFO |   reg_alpha: 0.0
2026-07-10 13:42:09,496 | INFO |   gamma: 0.0
2026-07-10 13:42:09,496 | INFO | ============================================================
2026-07-10 13:42:09,497 | INFO | Training...
2026-07-10 13:48:12,071 | INFO | 
[Balanced] Training completed!
2026-07-10 13:48:12,071 | INFO |   Best iteration: 720
2026-07-10 13:48:12,071 | INFO |   Best AUROC: 0.758432
2026-07-10 13:48:12,071 | INFO |   Best AUPRC: 0.369657
2026-07-10 13:48:12,080 | INFO |   Model saved to: ./model/xgb_model_m2_seed202.joblib
2026-07-10 13:48:12,112 | INFO |   Val AUROC: 0.758150, Val AUPRC: 0.370023
2026-07-10 13:48:12,112 | INFO |   Val F1: 0.4131, Val MCC: 0.2825
2026-07-10 13:48:12,139 | INFO | 
============================================================
2026-07-10 13:48:12,139 | INFO | Model 3/3: Complex
2026-07-10 13:48:12,139 | INFO | Seed: 777
2026-07-10 13:48:12,140 | INFO | Hyperparameters:
2026-07-10 13:48:12,140 | INFO |   max_depth: 7
2026-07-10 13:48:12,140 | INFO |   learning_rate: 0.05
2026-07-10 13:48:12,140 | INFO |   subsample: 0.7
2026-07-10 13:48:12,140 | INFO |   colsample_bytree: 0.9
2026-07-10 13:48:12,140 | INFO |   min_child_weight: 1
2026-07-10 13:48:12,140 | INFO |   reg_lambda: 1.0
2026-07-10 13:48:12,140 | INFO |   reg_alpha: 0.0
2026-07-10 13:48:12,140 | INFO |   gamma: 0.0
2026-07-10 13:48:12,140 | INFO | ============================================================
2026-07-10 13:48:12,140 | INFO | Training...
2026-07-10 13:51:47,087 | INFO | 
[Complex] Training completed!
2026-07-10 13:51:47,088 | INFO |   Best iteration: 246
2026-07-10 13:51:47,088 | INFO |   Best AUROC: 0.747268
2026-07-10 13:51:47,088 | INFO |   Best AUPRC: 0.352664
2026-07-10 13:51:47,104 | INFO |   Model saved to: ./model/xgb_model_m3_seed777.joblib
2026-07-10 13:51:47,127 | INFO |   Val AUROC: 0.747199, Val AUPRC: 0.353076
2026-07-10 13:51:47,127 | INFO |   Val F1: 0.4000, Val MCC: 0.2667
2026-07-10 13:51:47,143 | INFO | 
======================================================================
2026-07-10 13:51:47,143 | INFO | STEP 5: ENSEMBLE EVALUATION ON TEST SET
2026-07-10 13:51:47,143 | INFO | ======================================================================
2026-07-10 13:51:47,143 | INFO | Averaging predictions from 3 models...
2026-07-10 13:51:47,143 | INFO | Ensemble predictions shape: (15543,)
2026-07-10 13:51:47,145 | INFO | 
--------------------------------------------------
2026-07-10 13:51:47,145 | INFO | ENSEMBLE PERFORMANCE
2026-07-10 13:51:47,145 | INFO | --------------------------------------------------
2026-07-10 13:51:47,151 | INFO | AUROC: 0.771308
2026-07-10 13:51:47,151 | INFO | AUPRC: 0.264420
2026-07-10 13:51:47,157 | INFO | 
With optimal threshold (maximizing F1):
2026-07-10 13:51:47,157 | INFO |   Threshold: 0.506929
2026-07-10 13:51:47,157 | INFO |   F1: 0.313950
2026-07-10 13:51:47,157 | INFO |   MCC: 0.237146
