2026-07-09 16:32:13,576 | INFO | Starting training
2026-07-09 16:32:13,576 | INFO | Log directory: ./log/BCE_633_GraphBepi_-1
2026-07-09 16:32:13,576 | INFO | Log file: ./log/BCE_633_GraphBepi_-1/train.log
2026-07-09 16:32:13,576 | INFO | Preparing dataset artifacts for: BCE_633
2026-07-09 16:32:13,576 | INFO | Dataset artifacts prepared successfully
2026-07-09 16:32:18,315 | INFO | Train size: 633
2026-07-09 16:32:18,315 | INFO | Val size: 0
2026-07-09 16:32:18,315 | INFO | Test size: 633
2026-07-09 16:32:18,315 | INFO | Train loader batches: 158
2026-07-09 16:32:18,821 | INFO | Epoch 0 | val_loss 1.3773 | AUROC 0.4599 | AUPRC 0.1525
2026-07-09 16:32:32,976 | INFO | Epoch 0 | val_loss 0.3727 | AUROC 0.5760 | AUPRC 0.1481
2026-07-09 16:32:48,334 | INFO | Epoch 1 | val_loss 0.3554 | AUROC 0.6280 | AUPRC 0.1787
2026-07-09 16:33:05,034 | INFO | Epoch 2 | val_loss 0.3496 | AUROC 0.6525 | AUPRC 0.1919
2026-07-09 16:33:22,418 | INFO | Epoch 3 | val_loss 0.3457 | AUROC 0.6657 | AUPRC 0.1986
2026-07-09 16:33:41,209 | INFO | Epoch 4 | val_loss 0.3436 | AUROC 0.6685 | AUPRC 0.2017
2026-07-09 16:34:00,643 | INFO | Epoch 5 | val_loss 0.3407 | AUROC 0.6826 | AUPRC 0.2147
2026-07-09 16:34:21,359 | INFO | Epoch 6 | val_loss 0.3381 | AUROC 0.6849 | AUPRC 0.2159
2026-07-09 16:34:43,099 | INFO | Epoch 7 | val_loss 0.3366 | AUROC 0.6880 | AUPRC 0.2169
2026-07-09 16:35:06,034 | INFO | Epoch 8 | val_loss 0.3348 | AUROC 0.6947 | AUPRC 0.2249
2026-07-09 22:17:51,906 | INFO | Starting training
2026-07-09 22:17:51,906 | INFO | Log directory: ./log/BCE_633_GraphBepi_-1
2026-07-09 22:17:51,906 | INFO | Log file: ./log/BCE_633_GraphBepi_-1/train.log
2026-07-09 22:17:51,906 | INFO | Preparing dataset artifacts for: BCE_633
2026-07-09 22:17:51,906 | INFO | Dataset artifacts prepared successfully
2026-07-09 22:18:00,264 | INFO | BCE_633 - Fold -1: Train=577, Val=0, Test=56
2026-07-09 22:18:00,264 | INFO | Train size: 577
2026-07-09 22:18:00,264 | INFO | Val size: 0
2026-07-09 22:18:00,264 | INFO | Test size: 56
2026-07-09 22:18:00,264 | INFO | Train loader batches: 144
2026-07-09 22:18:00,928 | INFO | Epoch 0 | val_loss 1.4914 | AUROC 0.4980 | AUPRC 0.0900
2026-07-09 22:18:11,177 | INFO | Epoch 0 | val_loss 0.3307 | AUROC 0.5643 | AUPRC 0.1091
2026-07-09 22:18:22,032 | INFO | Epoch 1 | val_loss 0.3037 | AUROC 0.6217 | AUPRC 0.1394
2026-07-09 22:18:33,928 | INFO | Epoch 2 | val_loss 0.3012 | AUROC 0.6449 | AUPRC 0.1464
2026-07-09 22:18:46,446 | INFO | Epoch 3 | val_loss 0.2985 | AUROC 0.6669 | AUPRC 0.1598
2026-07-09 22:18:59,785 | INFO | Epoch 4 | val_loss 0.2958 | AUROC 0.6735 | AUPRC 0.1663
2026-07-09 22:20:59,730 | INFO | Starting training
2026-07-09 22:20:59,730 | INFO | Log directory: ./log/BCE_633_GraphBepi_-1
2026-07-09 22:20:59,730 | INFO | Log file: ./log/BCE_633_GraphBepi_-1/train.log
2026-07-09 22:20:59,730 | INFO | Preparing dataset artifacts for: BCE_633
2026-07-09 22:20:59,730 | INFO | Dataset artifacts prepared successfully
2026-07-09 22:21:05,372 | INFO | BCE_633 - Fold -1: Train=577, Val=0, Test=56
2026-07-09 22:21:05,372 | INFO | Train size: 577
2026-07-09 22:21:05,372 | INFO | Val size: 0
2026-07-09 22:21:05,372 | INFO | Test size: 56
2026-07-09 22:21:05,372 | INFO | Train loader batches: 144
2026-07-09 22:21:05,929 | INFO | Epoch 0 | val_loss 1.4914 | AUROC 0.4980 | AUPRC 0.0900
2026-07-09 22:21:16,338 | INFO | Epoch 0 | val_loss 0.3307 | AUROC 0.5643 | AUPRC 0.1091
2026-07-09 22:21:27,109 | INFO | Epoch 1 | val_loss 0.3037 | AUROC 0.6217 | AUPRC 0.1394
2026-07-09 22:21:38,955 | INFO | Epoch 2 | val_loss 0.3012 | AUROC 0.6449 | AUPRC 0.1464
2026-07-09 22:21:51,523 | INFO | Epoch 3 | val_loss 0.2985 | AUROC 0.6669 | AUPRC 0.1598
2026-07-09 22:22:05,042 | INFO | Epoch 4 | val_loss 0.2958 | AUROC 0.6735 | AUPRC 0.1663
2026-07-09 22:22:19,611 | INFO | Epoch 5 | val_loss 0.2949 | AUROC 0.6806 | AUPRC 0.1683
2026-07-09 22:22:34,806 | INFO | Epoch 6 | val_loss 0.2900 | AUROC 0.6835 | AUPRC 0.1724
2026-07-09 22:22:51,246 | INFO | Epoch 7 | val_loss 0.2915 | AUROC 0.6933 | AUPRC 0.1768
2026-07-09 22:23:08,276 | INFO | Epoch 8 | val_loss 0.2923 | AUROC 0.6955 | AUPRC 0.1774
2026-07-09 22:23:26,333 | INFO | Epoch 9 | val_loss 0.2852 | AUROC 0.6927 | AUPRC 0.1803
2026-07-09 22:23:45,505 | INFO | Epoch 10 | val_loss 0.2850 | AUROC 0.6939 | AUPRC 0.1820
2026-07-09 22:24:05,842 | INFO | Epoch 11 | val_loss 0.2834 | AUROC 0.7007 | AUPRC 0.1878
2026-07-09 22:24:27,092 | INFO | Epoch 12 | val_loss 0.2828 | AUROC 0.6988 | AUPRC 0.1868
2026-07-09 22:24:48,997 | INFO | Epoch 13 | val_loss 0.2852 | AUROC 0.7032 | AUPRC 0.1875
2026-07-09 22:25:12,087 | INFO | Epoch 14 | val_loss 0.2827 | AUROC 0.7045 | AUPRC 0.1902
2026-07-09 22:25:36,152 | INFO | Epoch 15 | val_loss 0.2811 | AUROC 0.7060 | AUPRC 0.1942
2026-07-09 22:26:01,514 | INFO | Epoch 16 | val_loss 0.2807 | AUROC 0.7112 | AUPRC 0.1991
2026-07-09 22:26:27,455 | INFO | Epoch 17 | val_loss 0.2822 | AUROC 0.7069 | AUPRC 0.1929
2026-07-09 22:26:54,446 | INFO | Epoch 18 | val_loss 0.2805 | AUROC 0.7074 | AUPRC 0.1955
2026-07-09 22:27:22,332 | INFO | Epoch 19 | val_loss 0.2801 | AUROC 0.7110 | AUPRC 0.1986
2026-07-09 22:27:51,074 | INFO | Epoch 20 | val_loss 0.2814 | AUROC 0.7133 | AUPRC 0.2009
2026-07-09 22:28:21,176 | INFO | Epoch 21 | val_loss 0.2789 | AUROC 0.7142 | AUPRC 0.2014
2026-07-09 22:28:52,457 | INFO | Epoch 22 | val_loss 0.2788 | AUROC 0.7190 | AUPRC 0.2091
2026-07-09 22:29:24,233 | INFO | Epoch 23 | val_loss 0.2799 | AUROC 0.7134 | AUPRC 0.1998
2026-07-09 22:29:57,080 | INFO | Epoch 24 | val_loss 0.2790 | AUROC 0.7156 | AUPRC 0.2053
2026-07-09 22:30:31,065 | INFO | Epoch 25 | val_loss 0.2779 | AUROC 0.7173 | AUPRC 0.2050
2026-07-09 22:31:05,899 | INFO | Epoch 26 | val_loss 0.2794 | AUROC 0.7164 | AUPRC 0.2055
2026-07-09 22:31:41,660 | INFO | Epoch 27 | val_loss 0.2796 | AUROC 0.7229 | AUPRC 0.2130
2026-07-09 22:32:18,305 | INFO | Epoch 28 | val_loss 0.2768 | AUROC 0.7202 | AUPRC 0.2117
2026-07-09 22:32:55,982 | INFO | Epoch 29 | val_loss 0.2771 | AUROC 0.7205 | AUPRC 0.2090
2026-07-09 22:33:34,057 | INFO | Epoch 30 | val_loss 0.2771 | AUROC 0.7184 | AUPRC 0.2076
2026-07-09 22:34:13,195 | INFO | Epoch 31 | val_loss 0.2771 | AUROC 0.7237 | AUPRC 0.2136
2026-07-09 22:34:53,487 | INFO | Epoch 32 | val_loss 0.2760 | AUROC 0.7261 | AUPRC 0.2176
2026-07-09 22:35:34,680 | INFO | Epoch 33 | val_loss 0.2766 | AUROC 0.7224 | AUPRC 0.2113
2026-07-09 22:36:16,991 | INFO | Epoch 34 | val_loss 0.2789 | AUROC 0.7245 | AUPRC 0.2181
2026-07-09 22:37:00,498 | INFO | Epoch 35 | val_loss 0.2750 | AUROC 0.7247 | AUPRC 0.2160
2026-07-09 22:37:44,794 | INFO | Epoch 36 | val_loss 0.2753 | AUROC 0.7275 | AUPRC 0.2200
2026-07-09 22:38:30,383 | INFO | Epoch 37 | val_loss 0.2775 | AUROC 0.7252 | AUPRC 0.2211
2026-07-09 22:39:16,640 | INFO | Epoch 38 | val_loss 0.2753 | AUROC 0.7254 | AUPRC 0.2146
2026-07-09 22:40:03,860 | INFO | Epoch 39 | val_loss 0.2754 | AUROC 0.7276 | AUPRC 0.2218
2026-07-09 22:40:52,157 | INFO | Epoch 40 | val_loss 0.2758 | AUROC 0.7289 | AUPRC 0.2238
2026-07-09 22:41:41,718 | INFO | Epoch 41 | val_loss 0.2766 | AUROC 0.7307 | AUPRC 0.2226
2026-07-09 22:42:31,838 | INFO | Epoch 42 | val_loss 0.2761 | AUROC 0.7302 | AUPRC 0.2234
2026-07-09 22:43:23,507 | INFO | Epoch 43 | val_loss 0.2753 | AUROC 0.7300 | AUPRC 0.2230
2026-07-09 22:44:16,399 | INFO | Epoch 44 | val_loss 0.2764 | AUROC 0.7305 | AUPRC 0.2313
2026-07-09 22:45:10,007 | INFO | Epoch 45 | val_loss 0.2738 | AUROC 0.7309 | AUPRC 0.2213
2026-07-09 22:46:05,284 | INFO | Epoch 46 | val_loss 0.2754 | AUROC 0.7334 | AUPRC 0.2316
2026-07-09 22:47:00,864 | INFO | Epoch 47 | val_loss 0.2724 | AUROC 0.7346 | AUPRC 0.2262
2026-07-09 22:47:58,269 | INFO | Epoch 48 | val_loss 0.2741 | AUROC 0.7338 | AUPRC 0.2261
2026-07-09 22:48:56,481 | INFO | Epoch 49 | val_loss 0.2723 | AUROC 0.7354 | AUPRC 0.2285
2026-07-09 22:49:56,065 | INFO | Epoch 50 | val_loss 0.2721 | AUROC 0.7373 | AUPRC 0.2312
2026-07-09 22:50:56,335 | INFO | Epoch 51 | val_loss 0.2725 | AUROC 0.7380 | AUPRC 0.2276
2026-07-09 22:51:57,889 | INFO | Epoch 52 | val_loss 0.2738 | AUROC 0.7362 | AUPRC 0.2289
2026-07-09 22:53:00,250 | INFO | Epoch 53 | val_loss 0.2723 | AUROC 0.7409 | AUPRC 0.2366
2026-07-09 22:54:03,560 | INFO | Epoch 54 | val_loss 0.2711 | AUROC 0.7411 | AUPRC 0.2320
2026-07-09 22:55:08,184 | INFO | Epoch 55 | val_loss 0.2718 | AUROC 0.7417 | AUPRC 0.2351
2026-07-09 22:56:13,221 | INFO | Epoch 56 | val_loss 0.2702 | AUROC 0.7412 | AUPRC 0.2368
2026-07-09 22:57:20,007 | INFO | Epoch 57 | val_loss 0.2703 | AUROC 0.7415 | AUPRC 0.2318
2026-07-09 22:58:27,062 | INFO | Epoch 58 | val_loss 0.2701 | AUROC 0.7414 | AUPRC 0.2348
2026-07-09 22:59:35,488 | INFO | Epoch 59 | val_loss 0.2704 | AUROC 0.7430 | AUPRC 0.2409
2026-07-09 23:00:45,415 | INFO | Epoch 60 | val_loss 0.2708 | AUROC 0.7427 | AUPRC 0.2349
2026-07-09 23:01:56,277 | INFO | Epoch 61 | val_loss 0.2705 | AUROC 0.7424 | AUPRC 0.2301
2026-07-09 23:03:08,173 | INFO | Epoch 62 | val_loss 0.2714 | AUROC 0.7438 | AUPRC 0.2407
2026-07-09 23:04:21,160 | INFO | Epoch 63 | val_loss 0.2711 | AUROC 0.7430 | AUPRC 0.2431
2026-07-09 23:05:34,923 | INFO | Epoch 64 | val_loss 0.2698 | AUROC 0.7478 | AUPRC 0.2457
2026-07-09 23:06:50,050 | INFO | Epoch 65 | val_loss 0.2713 | AUROC 0.7453 | AUPRC 0.2456
2026-07-09 23:08:05,819 | INFO | Epoch 66 | val_loss 0.2686 | AUROC 0.7475 | AUPRC 0.2388
2026-07-09 23:09:23,111 | INFO | Epoch 67 | val_loss 0.2710 | AUROC 0.7429 | AUPRC 0.2371
2026-07-09 23:10:41,468 | INFO | Epoch 68 | val_loss 0.2719 | AUROC 0.7428 | AUPRC 0.2392
2026-07-09 23:12:01,147 | INFO | Epoch 69 | val_loss 0.2702 | AUROC 0.7467 | AUPRC 0.2469
2026-07-09 23:13:21,318 | INFO | Epoch 70 | val_loss 0.2687 | AUROC 0.7508 | AUPRC 0.2450
2026-07-09 23:14:43,210 | INFO | Epoch 71 | val_loss 0.2683 | AUROC 0.7501 | AUPRC 0.2414
2026-07-09 23:16:06,043 | INFO | Epoch 72 | val_loss 0.2670 | AUROC 0.7522 | AUPRC 0.2474
2026-07-09 23:17:29,586 | INFO | Epoch 73 | val_loss 0.2715 | AUROC 0.7469 | AUPRC 0.2429
2026-07-09 23:18:54,362 | INFO | Epoch 74 | val_loss 0.2668 | AUROC 0.7532 | AUPRC 0.2458
2026-07-09 23:20:20,226 | INFO | Epoch 75 | val_loss 0.2685 | AUROC 0.7513 | AUPRC 0.2477
2026-07-09 23:21:47,634 | INFO | Epoch 76 | val_loss 0.2694 | AUROC 0.7457 | AUPRC 0.2381
2026-07-09 23:23:15,812 | INFO | Epoch 77 | val_loss 0.2681 | AUROC 0.7503 | AUPRC 0.2458
2026-07-09 23:24:44,785 | INFO | Epoch 78 | val_loss 0.2674 | AUROC 0.7523 | AUPRC 0.2452
2026-07-09 23:26:14,727 | INFO | Epoch 79 | val_loss 0.2695 | AUROC 0.7494 | AUPRC 0.2469
2026-07-09 23:27:45,464 | INFO | Epoch 80 | val_loss 0.2674 | AUROC 0.7520 | AUPRC 0.2410
2026-07-09 23:29:17,553 | INFO | Epoch 81 | val_loss 0.2706 | AUROC 0.7470 | AUPRC 0.2420
2026-07-09 23:30:50,613 | INFO | Epoch 82 | val_loss 0.2686 | AUROC 0.7516 | AUPRC 0.2503
2026-07-09 23:32:25,020 | INFO | Epoch 83 | val_loss 0.2676 | AUROC 0.7517 | AUPRC 0.2469
2026-07-09 23:34:00,320 | INFO | Epoch 84 | val_loss 0.2679 | AUROC 0.7510 | AUPRC 0.2471
2026-07-09 23:35:37,255 | INFO | Epoch 85 | val_loss 0.2682 | AUROC 0.7518 | AUPRC 0.2497
2026-07-09 23:37:14,947 | INFO | Epoch 86 | val_loss 0.2682 | AUROC 0.7495 | AUPRC 0.2485
2026-07-09 23:38:54,231 | INFO | Epoch 87 | val_loss 0.2673 | AUROC 0.7546 | AUPRC 0.2511
2026-07-09 23:40:34,555 | INFO | Epoch 88 | val_loss 0.2691 | AUROC 0.7518 | AUPRC 0.2513
2026-07-09 23:42:16,079 | INFO | Epoch 89 | val_loss 0.2675 | AUROC 0.7539 | AUPRC 0.2515
2026-07-09 23:43:58,010 | INFO | Epoch 90 | val_loss 0.2655 | AUROC 0.7576 | AUPRC 0.2523
2026-07-09 23:45:40,940 | INFO | Epoch 91 | val_loss 0.2682 | AUROC 0.7534 | AUPRC 0.2500
2026-07-09 23:47:24,891 | INFO | Epoch 92 | val_loss 0.2685 | AUROC 0.7532 | AUPRC 0.2516
2026-07-09 23:49:10,158 | INFO | Epoch 93 | val_loss 0.2672 | AUROC 0.7548 | AUPRC 0.2504
2026-07-09 23:50:56,052 | INFO | Epoch 94 | val_loss 0.2662 | AUROC 0.7568 | AUPRC 0.2522
2026-07-09 23:52:43,617 | INFO | Epoch 95 | val_loss 0.2665 | AUROC 0.7571 | AUPRC 0.2560
2026-07-09 23:54:31,967 | INFO | Epoch 96 | val_loss 0.2660 | AUROC 0.7593 | AUPRC 0.2543
2026-07-09 23:56:21,020 | INFO | Epoch 97 | val_loss 0.2660 | AUROC 0.7592 | AUPRC 0.2570
2026-07-09 23:58:11,379 | INFO | Epoch 98 | val_loss 0.2702 | AUROC 0.7571 | AUPRC 0.2524
2026-07-10 00:00:02,885 | INFO | Epoch 99 | val_loss 0.2691 | AUROC 0.7501 | AUPRC 0.2494
2026-07-10 00:01:55,395 | INFO | Epoch 100 | val_loss 0.2684 | AUROC 0.7548 | AUPRC 0.2507
2026-07-10 00:03:49,335 | INFO | Epoch 101 | val_loss 0.2694 | AUROC 0.7544 | AUPRC 0.2558
2026-07-10 00:05:43,709 | INFO | Epoch 102 | val_loss 0.2663 | AUROC 0.7597 | AUPRC 0.2571
2026-07-10 00:07:39,814 | INFO | Epoch 103 | val_loss 0.2699 | AUROC 0.7546 | AUPRC 0.2527
2026-07-10 00:09:36,578 | INFO | Epoch 104 | val_loss 0.2664 | AUROC 0.7563 | AUPRC 0.2533
2026-07-10 00:11:34,555 | INFO | Epoch 105 | val_loss 0.2686 | AUROC 0.7541 | AUPRC 0.2569
2026-07-10 00:13:33,770 | INFO | Epoch 106 | val_loss 0.2696 | AUROC 0.7549 | AUPRC 0.2565
2026-07-10 00:15:34,431 | INFO | Epoch 107 | val_loss 0.2676 | AUROC 0.7553 | AUPRC 0.2546
2026-07-10 00:17:35,562 | INFO | Epoch 108 | val_loss 0.2664 | AUROC 0.7571 | AUPRC 0.2550
2026-07-10 00:19:37,962 | INFO | Epoch 109 | val_loss 0.2670 | AUROC 0.7581 | AUPRC 0.2574
2026-07-10 00:21:42,219 | INFO | Epoch 110 | val_loss 0.2681 | AUROC 0.7550 | AUPRC 0.2548
2026-07-10 00:23:47,260 | INFO | Epoch 111 | val_loss 0.2677 | AUROC 0.7557 | AUPRC 0.2580
2026-07-10 00:25:52,862 | INFO | Epoch 112 | val_loss 0.2679 | AUROC 0.7569 | AUPRC 0.2598
2026-07-10 00:27:59,723 | INFO | Epoch 113 | val_loss 0.2663 | AUROC 0.7619 | AUPRC 0.2544
2026-07-10 00:30:07,980 | INFO | Epoch 114 | val_loss 0.2638 | AUROC 0.7640 | AUPRC 0.2581
2026-07-10 00:32:17,062 | INFO | Epoch 115 | val_loss 0.2677 | AUROC 0.7571 | AUPRC 0.2612
2026-07-10 00:34:27,309 | INFO | Epoch 116 | val_loss 0.2650 | AUROC 0.7641 | AUPRC 0.2620
2026-07-10 00:36:38,967 | INFO | Epoch 117 | val_loss 0.2659 | AUROC 0.7626 | AUPRC 0.2600
2026-07-10 00:38:51,047 | INFO | Epoch 118 | val_loss 0.2673 | AUROC 0.7567 | AUPRC 0.2586
2026-07-10 00:41:04,456 | INFO | Epoch 119 | val_loss 0.2668 | AUROC 0.7588 | AUPRC 0.2589
2026-07-10 00:43:19,680 | INFO | Epoch 120 | val_loss 0.2648 | AUROC 0.7621 | AUPRC 0.2628
2026-07-10 00:45:35,239 | INFO | Epoch 121 | val_loss 0.2679 | AUROC 0.7607 | AUPRC 0.2598
2026-07-10 00:47:51,998 | INFO | Epoch 122 | val_loss 0.2645 | AUROC 0.7626 | AUPRC 0.2620
2026-07-10 00:50:09,997 | INFO | Epoch 123 | val_loss 0.2644 | AUROC 0.7626 | AUPRC 0.2614
2026-07-10 00:52:29,172 | INFO | Epoch 124 | val_loss 0.2675 | AUROC 0.7579 | AUPRC 0.2586
2026-07-10 00:54:49,983 | INFO | Epoch 125 | val_loss 0.2649 | AUROC 0.7643 | AUPRC 0.2652
2026-07-10 00:57:11,406 | INFO | Epoch 126 | val_loss 0.2681 | AUROC 0.7587 | AUPRC 0.2615
2026-07-10 00:59:33,846 | INFO | Epoch 127 | val_loss 0.2652 | AUROC 0.7630 | AUPRC 0.2638
2026-07-10 01:01:57,880 | INFO | Epoch 128 | val_loss 0.2672 | AUROC 0.7603 | AUPRC 0.2619
2026-07-10 01:04:22,965 | INFO | Epoch 129 | val_loss 0.2661 | AUROC 0.7609 | AUPRC 0.2640
2026-07-10 01:06:49,031 | INFO | Epoch 130 | val_loss 0.2647 | AUROC 0.7640 | AUPRC 0.2635
2026-07-10 01:09:16,403 | INFO | Epoch 131 | val_loss 0.2684 | AUROC 0.7571 | AUPRC 0.2596
2026-07-10 01:11:43,973 | INFO | Epoch 132 | val_loss 0.2672 | AUROC 0.7584 | AUPRC 0.2609
2026-07-10 01:14:12,796 | INFO | Epoch 133 | val_loss 0.2668 | AUROC 0.7635 | AUPRC 0.2637
2026-07-10 01:16:43,312 | INFO | Epoch 134 | val_loss 0.2632 | AUROC 0.7660 | AUPRC 0.2648
2026-07-10 01:19:14,978 | INFO | Epoch 135 | val_loss 0.2635 | AUROC 0.7667 | AUPRC 0.2614
2026-07-10 01:21:47,816 | INFO | Epoch 136 | val_loss 0.2656 | AUROC 0.7636 | AUPRC 0.2619
2026-07-10 01:24:21,432 | INFO | Epoch 137 | val_loss 0.2631 | AUROC 0.7673 | AUPRC 0.2640
2026-07-10 01:26:56,356 | INFO | Epoch 138 | val_loss 0.2643 | AUROC 0.7665 | AUPRC 0.2646
2026-07-10 01:29:32,907 | INFO | Epoch 139 | val_loss 0.2679 | AUROC 0.7580 | AUPRC 0.2583
2026-07-10 01:32:09,856 | INFO | Epoch 140 | val_loss 0.2653 | AUROC 0.7639 | AUPRC 0.2664
2026-07-10 01:34:47,915 | INFO | Epoch 141 | val_loss 0.2644 | AUROC 0.7650 | AUPRC 0.2657
2026-07-10 01:37:27,202 | INFO | Epoch 142 | val_loss 0.2660 | AUROC 0.7649 | AUPRC 0.2678
2026-07-10 01:40:08,345 | INFO | Epoch 143 | val_loss 0.2671 | AUROC 0.7567 | AUPRC 0.2595
2026-07-10 01:42:50,129 | INFO | Epoch 144 | val_loss 0.2654 | AUROC 0.7651 | AUPRC 0.2656
2026-07-10 01:45:33,462 | INFO | Epoch 145 | val_loss 0.2635 | AUROC 0.7666 | AUPRC 0.2657
2026-07-10 01:48:17,173 | INFO | Epoch 146 | val_loss 0.2646 | AUROC 0.7643 | AUPRC 0.2667
2026-07-10 01:51:02,161 | INFO | Epoch 147 | val_loss 0.2688 | AUROC 0.7581 | AUPRC 0.2609
2026-07-10 01:53:48,456 | INFO | Epoch 148 | val_loss 0.2647 | AUROC 0.7652 | AUPRC 0.2626
2026-07-10 01:56:35,038 | INFO | Epoch 149 | val_loss 0.2618 | AUROC 0.7693 | AUPRC 0.2684
2026-07-10 01:59:24,363 | INFO | Epoch 150 | val_loss 0.2649 | AUROC 0.7628 | AUPRC 0.2641
2026-07-10 02:02:13,753 | INFO | Epoch 151 | val_loss 0.2679 | AUROC 0.7610 | AUPRC 0.2633
2026-07-10 02:05:04,631 | INFO | Epoch 152 | val_loss 0.2657 | AUROC 0.7626 | AUPRC 0.2621
2026-07-10 02:07:55,906 | INFO | Epoch 153 | val_loss 0.2646 | AUROC 0.7641 | AUPRC 0.2612
2026-07-10 02:10:48,466 | INFO | Epoch 154 | val_loss 0.2679 | AUROC 0.7615 | AUPRC 0.2643
2026-07-10 02:13:42,655 | INFO | Epoch 155 | val_loss 0.2645 | AUROC 0.7654 | AUPRC 0.2681
2026-07-10 02:16:38,320 | INFO | Epoch 156 | val_loss 0.2656 | AUROC 0.7617 | AUPRC 0.2640
2026-07-10 02:19:35,064 | INFO | Epoch 157 | val_loss 0.2659 | AUROC 0.7623 | AUPRC 0.2588
2026-07-10 02:22:32,481 | INFO | Epoch 158 | val_loss 0.2651 | AUROC 0.7616 | AUPRC 0.2638
2026-07-10 02:25:31,849 | INFO | Epoch 159 | val_loss 0.2645 | AUROC 0.7653 | AUPRC 0.2657
2026-07-10 02:28:31,978 | INFO | Epoch 160 | val_loss 0.2651 | AUROC 0.7623 | AUPRC 0.2644
2026-07-10 02:31:32,374 | INFO | Epoch 161 | val_loss 0.2639 | AUROC 0.7675 | AUPRC 0.2661
2026-07-10 02:34:34,266 | INFO | Epoch 162 | val_loss 0.2643 | AUROC 0.7621 | AUPRC 0.2651
2026-07-10 02:37:37,548 | INFO | Epoch 163 | val_loss 0.2638 | AUROC 0.7644 | AUPRC 0.2641
2026-07-10 02:40:42,337 | INFO | Epoch 164 | val_loss 0.2651 | AUROC 0.7641 | AUPRC 0.2647
2026-07-10 02:43:47,775 | INFO | Epoch 165 | val_loss 0.2647 | AUROC 0.7661 | AUPRC 0.2669
2026-07-10 02:46:54,321 | INFO | Epoch 166 | val_loss 0.2619 | AUROC 0.7702 | AUPRC 0.2728
2026-07-10 02:50:02,303 | INFO | Epoch 167 | val_loss 0.2660 | AUROC 0.7645 | AUPRC 0.2691
2026-07-10 02:53:10,973 | INFO | Epoch 168 | val_loss 0.2642 | AUROC 0.7656 | AUPRC 0.2664
2026-07-10 02:56:21,542 | INFO | Epoch 169 | val_loss 0.2651 | AUROC 0.7626 | AUPRC 0.2623
2026-07-10 02:59:32,900 | INFO | Epoch 170 | val_loss 0.2639 | AUROC 0.7663 | AUPRC 0.2690
2026-07-10 03:02:45,021 | INFO | Epoch 171 | val_loss 0.2659 | AUROC 0.7638 | AUPRC 0.2650
2026-07-10 03:05:58,601 | INFO | Epoch 172 | val_loss 0.2679 | AUROC 0.7616 | AUPRC 0.2659
2026-07-10 03:09:13,488 | INFO | Epoch 173 | val_loss 0.2659 | AUROC 0.7620 | AUPRC 0.2651
2026-07-10 03:12:29,514 | INFO | Epoch 174 | val_loss 0.2634 | AUROC 0.7676 | AUPRC 0.2687
2026-07-10 03:15:46,343 | INFO | Epoch 175 | val_loss 0.2636 | AUROC 0.7666 | AUPRC 0.2670
2026-07-10 03:19:04,419 | INFO | Epoch 176 | val_loss 0.2645 | AUROC 0.7659 | AUPRC 0.2666
2026-07-10 03:22:23,284 | INFO | Epoch 177 | val_loss 0.2660 | AUROC 0.7633 | AUPRC 0.2659
2026-07-10 03:25:43,699 | INFO | Epoch 178 | val_loss 0.2664 | AUROC 0.7665 | AUPRC 0.2689
2026-07-10 03:29:05,018 | INFO | Epoch 179 | val_loss 0.2662 | AUROC 0.7631 | AUPRC 0.2662
2026-07-10 03:32:27,799 | INFO | Epoch 180 | val_loss 0.2665 | AUROC 0.7616 | AUPRC 0.2617
2026-07-10 03:35:51,441 | INFO | Epoch 181 | val_loss 0.2636 | AUROC 0.7690 | AUPRC 0.2668
2026-07-10 03:39:15,854 | INFO | Epoch 182 | val_loss 0.2641 | AUROC 0.7678 | AUPRC 0.2698
2026-07-10 03:42:41,472 | INFO | Epoch 183 | val_loss 0.2642 | AUROC 0.7669 | AUPRC 0.2692
2026-07-10 03:46:08,656 | INFO | Epoch 184 | val_loss 0.2637 | AUROC 0.7671 | AUPRC 0.2715
2026-07-10 03:49:37,109 | INFO | Epoch 185 | val_loss 0.2680 | AUROC 0.7621 | AUPRC 0.2664
2026-07-10 03:53:07,079 | INFO | Epoch 186 | val_loss 0.2659 | AUROC 0.7625 | AUPRC 0.2659
2026-07-10 03:56:38,289 | INFO | Epoch 187 | val_loss 0.2667 | AUROC 0.7621 | AUPRC 0.2668
2026-07-10 04:00:09,553 | INFO | Epoch 188 | val_loss 0.2657 | AUROC 0.7650 | AUPRC 0.2693
2026-07-10 04:03:41,483 | INFO | Epoch 189 | val_loss 0.2652 | AUROC 0.7670 | AUPRC 0.2691
2026-07-10 04:07:15,205 | INFO | Epoch 190 | val_loss 0.2651 | AUROC 0.7667 | AUPRC 0.2694
2026-07-10 04:10:49,227 | INFO | Epoch 191 | val_loss 0.2651 | AUROC 0.7654 | AUPRC 0.2702
2026-07-10 04:14:24,709 | INFO | Epoch 192 | val_loss 0.2624 | AUROC 0.7683 | AUPRC 0.2701
2026-07-10 04:18:01,496 | INFO | Epoch 193 | val_loss 0.2642 | AUROC 0.7639 | AUPRC 0.2715
2026-07-10 04:21:39,971 | INFO | Epoch 194 | val_loss 0.2638 | AUROC 0.7682 | AUPRC 0.2735
2026-07-10 04:25:20,051 | INFO | Epoch 195 | val_loss 0.2624 | AUROC 0.7698 | AUPRC 0.2734
2026-07-10 04:29:00,279 | INFO | Epoch 196 | val_loss 0.2634 | AUROC 0.7662 | AUPRC 0.2712
2026-07-10 04:32:40,866 | INFO | Epoch 197 | val_loss 0.2644 | AUROC 0.7651 | AUPRC 0.2692
2026-07-10 04:36:22,961 | INFO | Epoch 198 | val_loss 0.2642 | AUROC 0.7692 | AUPRC 0.2720
2026-07-10 04:40:07,197 | INFO | Epoch 199 | val_loss 0.2619 | AUROC 0.7713 | AUPRC 0.2715
2026-07-10 04:43:51,951 | INFO | Epoch 200 | val_loss 0.2666 | AUROC 0.7637 | AUPRC 0.2681
2026-07-10 04:47:37,502 | INFO | Epoch 201 | val_loss 0.2633 | AUROC 0.7673 | AUPRC 0.2702
2026-07-10 04:51:23,903 | INFO | Epoch 202 | val_loss 0.2680 | AUROC 0.7627 | AUPRC 0.2652
2026-07-10 04:55:11,627 | INFO | Epoch 203 | val_loss 0.2638 | AUROC 0.7641 | AUPRC 0.2683
2026-07-10 04:59:00,769 | INFO | Epoch 204 | val_loss 0.2650 | AUROC 0.7645 | AUPRC 0.2691
2026-07-10 05:02:51,192 | INFO | Epoch 205 | val_loss 0.2652 | AUROC 0.7671 | AUPRC 0.2688
2026-07-10 05:06:42,672 | INFO | Epoch 206 | val_loss 0.2644 | AUROC 0.7681 | AUPRC 0.2704
2026-07-10 05:10:35,543 | INFO | Epoch 207 | val_loss 0.2641 | AUROC 0.7669 | AUPRC 0.2708
2026-07-10 05:14:28,810 | INFO | Epoch 208 | val_loss 0.2679 | AUROC 0.7636 | AUPRC 0.2687
2026-07-10 05:18:23,934 | INFO | Epoch 209 | val_loss 0.2635 | AUROC 0.7690 | AUPRC 0.2727
2026-07-10 05:22:19,738 | INFO | Epoch 210 | val_loss 0.2653 | AUROC 0.7641 | AUPRC 0.2690
2026-07-10 05:26:16,668 | INFO | Epoch 211 | val_loss 0.2654 | AUROC 0.7665 | AUPRC 0.2688
2026-07-10 05:30:14,707 | INFO | Epoch 212 | val_loss 0.2670 | AUROC 0.7637 | AUPRC 0.2667
2026-07-10 05:34:13,853 | INFO | Epoch 213 | val_loss 0.2655 | AUROC 0.7661 | AUPRC 0.2698
2026-07-10 05:38:14,901 | INFO | Epoch 214 | val_loss 0.2641 | AUROC 0.7681 | AUPRC 0.2713
2026-07-10 05:42:17,448 | INFO | Epoch 215 | val_loss 0.2696 | AUROC 0.7599 | AUPRC 0.2654
2026-07-10 05:46:21,087 | INFO | Epoch 216 | val_loss 0.2655 | AUROC 0.7689 | AUPRC 0.2719
2026-07-10 05:50:25,616 | INFO | Epoch 217 | val_loss 0.2654 | AUROC 0.7660 | AUPRC 0.2700
2026-07-10 05:54:31,534 | INFO | Epoch 218 | val_loss 0.2635 | AUROC 0.7678 | AUPRC 0.2709
2026-07-10 05:58:38,261 | INFO | Epoch 219 | val_loss 0.2633 | AUROC 0.7687 | AUPRC 0.2715
2026-07-10 06:02:46,593 | INFO | Epoch 220 | val_loss 0.2662 | AUROC 0.7674 | AUPRC 0.2705
2026-07-10 06:06:55,564 | INFO | Epoch 221 | val_loss 0.2638 | AUROC 0.7675 | AUPRC 0.2692
2026-07-10 06:11:05,385 | INFO | Epoch 222 | val_loss 0.2651 | AUROC 0.7675 | AUPRC 0.2712
2026-07-10 06:15:16,442 | INFO | Epoch 223 | val_loss 0.2651 | AUROC 0.7679 | AUPRC 0.2712
2026-07-10 06:19:29,906 | INFO | Epoch 224 | val_loss 0.2640 | AUROC 0.7668 | AUPRC 0.2696
2026-07-10 06:23:43,620 | INFO | Epoch 225 | val_loss 0.2640 | AUROC 0.7689 | AUPRC 0.2710
2026-07-10 06:27:57,677 | INFO | Epoch 226 | val_loss 0.2677 | AUROC 0.7599 | AUPRC 0.2691
2026-07-10 06:32:13,585 | INFO | Epoch 227 | val_loss 0.2649 | AUROC 0.7663 | AUPRC 0.2730
2026-07-10 06:36:30,706 | INFO | Epoch 228 | val_loss 0.2626 | AUROC 0.7701 | AUPRC 0.2745
2026-07-10 06:40:49,111 | INFO | Epoch 229 | val_loss 0.2650 | AUROC 0.7678 | AUPRC 0.2713
2026-07-10 06:45:08,082 | INFO | Epoch 230 | val_loss 0.2656 | AUROC 0.7656 | AUPRC 0.2737
2026-07-10 06:49:28,151 | INFO | Epoch 231 | val_loss 0.2639 | AUROC 0.7677 | AUPRC 0.2730
2026-07-10 06:53:49,569 | INFO | Epoch 232 | val_loss 0.2642 | AUROC 0.7691 | AUPRC 0.2723
2026-07-10 06:58:12,141 | INFO | Epoch 233 | val_loss 0.2664 | AUROC 0.7648 | AUPRC 0.2708
2026-07-10 07:02:34,588 | INFO | Epoch 234 | val_loss 0.2651 | AUROC 0.7661 | AUPRC 0.2697
2026-07-10 07:06:58,610 | INFO | Epoch 235 | val_loss 0.2656 | AUROC 0.7664 | AUPRC 0.2704
2026-07-10 07:11:24,578 | INFO | Epoch 236 | val_loss 0.2659 | AUROC 0.7668 | AUPRC 0.2704
2026-07-10 07:15:51,908 | INFO | Epoch 237 | val_loss 0.2668 | AUROC 0.7631 | AUPRC 0.2703
2026-07-10 07:20:19,565 | INFO | Epoch 238 | val_loss 0.2636 | AUROC 0.7691 | AUPRC 0.2729
2026-07-10 07:24:49,756 | INFO | Epoch 239 | val_loss 0.2649 | AUROC 0.7650 | AUPRC 0.2699
2026-07-10 07:29:20,185 | INFO | Epoch 240 | val_loss 0.2635 | AUROC 0.7686 | AUPRC 0.2750
2026-07-10 07:33:53,127 | INFO | Epoch 241 | val_loss 0.2636 | AUROC 0.7681 | AUPRC 0.2749
2026-07-10 07:38:26,158 | INFO | Epoch 242 | val_loss 0.2643 | AUROC 0.7676 | AUPRC 0.2747
2026-07-10 07:43:00,317 | INFO | Epoch 243 | val_loss 0.2625 | AUROC 0.7707 | AUPRC 0.2755
2026-07-10 07:47:35,662 | INFO | Epoch 244 | val_loss 0.2639 | AUROC 0.7671 | AUPRC 0.2734
2026-07-10 07:52:11,645 | INFO | Epoch 245 | val_loss 0.2642 | AUROC 0.7672 | AUPRC 0.2698
2026-07-10 07:56:49,671 | INFO | Epoch 246 | val_loss 0.2631 | AUROC 0.7698 | AUPRC 0.2751
2026-07-10 08:01:28,454 | INFO | Epoch 247 | val_loss 0.2646 | AUROC 0.7680 | AUPRC 0.2725
2026-07-10 08:06:08,188 | INFO | Epoch 248 | val_loss 0.2638 | AUROC 0.7695 | AUPRC 0.2719
2026-07-10 08:10:49,052 | INFO | Epoch 249 | val_loss 0.2654 | AUROC 0.7675 | AUPRC 0.2745
2026-07-10 08:15:31,172 | INFO | Epoch 250 | val_loss 0.2643 | AUROC 0.7667 | AUPRC 0.2696
2026-07-10 08:20:15,208 | INFO | Epoch 251 | val_loss 0.2639 | AUROC 0.7708 | AUPRC 0.2721
2026-07-10 08:24:59,411 | INFO | Epoch 252 | val_loss 0.2641 | AUROC 0.7684 | AUPRC 0.2715
2026-07-10 08:29:45,396 | INFO | Epoch 253 | val_loss 0.2680 | AUROC 0.7649 | AUPRC 0.2693
2026-07-10 08:34:33,121 | INFO | Epoch 254 | val_loss 0.2646 | AUROC 0.7662 | AUPRC 0.2681
2026-07-10 08:39:21,515 | INFO | Epoch 255 | val_loss 0.2649 | AUROC 0.7673 | AUPRC 0.2680
2026-07-10 08:44:09,731 | INFO | Epoch 256 | val_loss 0.2664 | AUROC 0.7650 | AUPRC 0.2667
2026-07-10 08:48:58,699 | INFO | Epoch 257 | val_loss 0.2633 | AUROC 0.7713 | AUPRC 0.2738
2026-07-10 08:53:49,827 | INFO | Epoch 258 | val_loss 0.2639 | AUROC 0.7676 | AUPRC 0.2684
2026-07-10 08:58:42,401 | INFO | Epoch 259 | val_loss 0.2651 | AUROC 0.7668 | AUPRC 0.2710
2026-07-10 09:03:36,362 | INFO | Epoch 260 | val_loss 0.2628 | AUROC 0.7699 | AUPRC 0.2710
2026-07-10 09:08:31,463 | INFO | Epoch 261 | val_loss 0.2652 | AUROC 0.7655 | AUPRC 0.2691
2026-07-10 09:13:26,839 | INFO | Epoch 262 | val_loss 0.2642 | AUROC 0.7674 | AUPRC 0.2704
2026-07-10 09:18:24,042 | INFO | Epoch 263 | val_loss 0.2672 | AUROC 0.7663 | AUPRC 0.2714
2026-07-10 09:23:21,824 | INFO | Epoch 264 | val_loss 0.2639 | AUROC 0.7686 | AUPRC 0.2753
2026-07-10 09:28:21,705 | INFO | Epoch 265 | val_loss 0.2629 | AUROC 0.7696 | AUPRC 0.2755
2026-07-10 09:33:23,035 | INFO | Epoch 266 | val_loss 0.2668 | AUROC 0.7660 | AUPRC 0.2705
2026-07-10 09:38:24,670 | INFO | Epoch 267 | val_loss 0.2653 | AUROC 0.7672 | AUPRC 0.2699
2026-07-10 09:43:27,107 | INFO | Epoch 268 | val_loss 0.2641 | AUROC 0.7703 | AUPRC 0.2747
2026-07-10 09:48:31,158 | INFO | Epoch 269 | val_loss 0.2648 | AUROC 0.7684 | AUPRC 0.2697
2026-07-10 09:53:36,623 | INFO | Epoch 270 | val_loss 0.2664 | AUROC 0.7677 | AUPRC 0.2706
2026-07-10 09:58:44,058 | INFO | Epoch 271 | val_loss 0.2627 | AUROC 0.7725 | AUPRC 0.2733
2026-07-10 10:03:53,660 | INFO | Epoch 272 | val_loss 0.2671 | AUROC 0.7673 | AUPRC 0.2715
2026-07-10 10:09:03,437 | INFO | Epoch 273 | val_loss 0.2652 | AUROC 0.7683 | AUPRC 0.2701
2026-07-10 10:14:13,555 | INFO | Epoch 274 | val_loss 0.2667 | AUROC 0.7673 | AUPRC 0.2702
2026-07-10 10:19:24,486 | INFO | Epoch 275 | val_loss 0.2646 | AUROC 0.7703 | AUPRC 0.2712
2026-07-10 10:24:38,049 | INFO | Epoch 276 | val_loss 0.2635 | AUROC 0.7717 | AUPRC 0.2734
2026-07-10 10:29:51,271 | INFO | Epoch 277 | val_loss 0.2645 | AUROC 0.7689 | AUPRC 0.2713
2026-07-10 10:35:05,523 | INFO | Epoch 278 | val_loss 0.2632 | AUROC 0.7714 | AUPRC 0.2749
2026-07-10 10:40:21,906 | INFO | Epoch 279 | val_loss 0.2658 | AUROC 0.7670 | AUPRC 0.2708
2026-07-10 10:45:41,019 | INFO | Epoch 280 | val_loss 0.2688 | AUROC 0.7650 | AUPRC 0.2736
2026-07-10 10:51:01,272 | INFO | Epoch 281 | val_loss 0.2637 | AUROC 0.7727 | AUPRC 0.2759
2026-07-10 10:56:22,112 | INFO | Epoch 282 | val_loss 0.2652 | AUROC 0.7671 | AUPRC 0.2695
2026-07-10 11:01:42,818 | INFO | Epoch 283 | val_loss 0.2644 | AUROC 0.7695 | AUPRC 0.2737
2026-07-10 11:07:05,811 | INFO | Epoch 284 | val_loss 0.2637 | AUROC 0.7706 | AUPRC 0.2725
2026-07-10 11:12:30,427 | INFO | Epoch 285 | val_loss 0.2659 | AUROC 0.7682 | AUPRC 0.2713
2026-07-10 11:17:53,838 | INFO | Epoch 286 | val_loss 0.2661 | AUROC 0.7668 | AUPRC 0.2713
2026-07-10 11:23:18,233 | INFO | Epoch 287 | val_loss 0.2643 | AUROC 0.7681 | AUPRC 0.2741
2026-07-10 11:28:43,577 | INFO | Epoch 288 | val_loss 0.2644 | AUROC 0.7703 | AUPRC 0.2716
2026-07-10 11:34:10,631 | INFO | Epoch 289 | val_loss 0.2637 | AUROC 0.7703 | AUPRC 0.2745
2026-07-10 11:39:40,379 | INFO | Epoch 290 | val_loss 0.2653 | AUROC 0.7691 | AUPRC 0.2703
2026-07-10 11:45:10,183 | INFO | Epoch 291 | val_loss 0.2658 | AUROC 0.7705 | AUPRC 0.2720
2026-07-10 11:50:41,502 | INFO | Epoch 292 | val_loss 0.2641 | AUROC 0.7705 | AUPRC 0.2721
2026-07-10 11:56:13,493 | INFO | Epoch 293 | val_loss 0.2638 | AUROC 0.7709 | AUPRC 0.2730
2026-07-10 12:01:46,478 | INFO | Epoch 294 | val_loss 0.2649 | AUROC 0.7706 | AUPRC 0.2741
2026-07-10 12:07:20,290 | INFO | Epoch 295 | val_loss 0.2641 | AUROC 0.7708 | AUPRC 0.2723
2026-07-10 12:12:55,546 | INFO | Epoch 296 | val_loss 0.2645 | AUROC 0.7694 | AUPRC 0.2733
2026-07-10 12:18:32,007 | INFO | Epoch 297 | val_loss 0.2646 | AUROC 0.7703 | AUPRC 0.2729
2026-07-10 12:24:11,843 | INFO | Epoch 298 | val_loss 0.2640 | AUROC 0.7728 | AUPRC 0.2737
2026-07-10 12:29:50,972 | INFO | Epoch 299 | val_loss 0.2644 | AUROC 0.7732 | AUPRC 0.2736
